apr 03 13:23:41 laptop01 kernel: Linux version 6.1.0-32-amd64 (debian-kernel@lists.debian.org) (gcc-12 (Debian 12.2.0-14) 12.2.0, GNU ld (GNU Binutils for Debian) 2.40) #1 SMP PREEMPT_DYNAMIC Debian 6.1.129-1 (2025-03-06)
apr 03 13:23:41 laptop01 kernel: Command line: BOOT_IMAGE=/vmlinuz-6.1.0-32-amd64 root=/dev/mapper/vg0-root0 ro rootflags=subvol=@rootfs quiet
apr 03 13:23:41 laptop01 kernel: BIOS-provided physical RAM map:
apr 03 13:23:41 laptop01 kernel: BIOS-e820: [mem 0x0000000000000000-0x000000000009efff] usable
apr 03 13:23:41 laptop01 kernel: BIOS-e820: [mem 0x000000000009f000-0x00000000000bffff] reserved
apr 03 13:23:41 laptop01 kernel: BIOS-e820: [mem 0x0000000000100000-0x0000000009afffff] usable
apr 03 13:23:41 laptop01 kernel: BIOS-e820: [mem 0x0000000009b00000-0x0000000009dfffff] reserved
apr 03 13:23:41 laptop01 kernel: BIOS-e820: [mem 0x0000000009e00000-0x0000000009efffff] usable
apr 03 13:23:41 laptop01 kernel: BIOS-e820: [mem 0x0000000009f00000-0x0000000009f3bfff] ACPI NVS
apr 03 13:23:41 laptop01 kernel: BIOS-e820: [mem 0x0000000009f3c000-0x0000000049b4ffff] usable
apr 03 13:23:41 laptop01 kernel: BIOS-e820: [mem 0x0000000049b50000-0x000000004bd4ffff] reserved
apr 03 13:23:41 laptop01 kernel: BIOS-e820: [mem 0x000000004bd50000-0x000000004bd68fff] usable
apr 03 13:23:41 laptop01 kernel: BIOS-e820: [mem 0x000000004bd69000-0x000000004bd6cfff] reserved
apr 03 13:23:41 laptop01 kernel: BIOS-e820: [mem 0x000000004bd6d000-0x000000004bd6efff] usable
apr 03 13:23:41 laptop01 kernel: BIOS-e820: [mem 0x000000004bd6f000-0x000000004bd6ffff] reserved
apr 03 13:23:41 laptop01 kernel: BIOS-e820: [mem 0x000000004bd70000-0x0000000057f7efff] usable
apr 03 13:23:41 laptop01 kernel: BIOS-e820: [mem 0x0000000057f7f000-0x000000005a77efff] reserved
apr 03 13:23:41 laptop01 kernel: BIOS-e820: [mem 0x000000005a77f000-0x000000005af7efff] ACPI NVS
apr 03 13:23:41 laptop01 kernel: BIOS-e820: [mem 0x000000005af7f000-0x000000005affefff] ACPI data
apr 03 13:23:41 laptop01 kernel: BIOS-e820: [mem 0x000000005afff000-0x000000005affffff] usable
apr 03 13:23:41 laptop01 kernel: BIOS-e820: [mem 0x000000005b000000-0x000000005bffffff] reserved
apr 03 13:23:41 laptop01 kernel: BIOS-e820: [mem 0x000000005d790000-0x000000005d7effff] reserved
apr 03 13:23:41 laptop01 kernel: BIOS-e820: [mem 0x000000005d7f5000-0x000000005fffffff] reserved
apr 03 13:23:41 laptop01 kernel: BIOS-e820: [mem 0x00000000c0300000-0x00000000c03fffff] reserved
apr 03 13:23:41 laptop01 kernel: BIOS-e820: [mem 0x00000000e0000000-0x00000000efffffff] reserved
apr 03 13:23:41 laptop01 kernel: BIOS-e820: [mem 0x00000000fec00000-0x00000000fec01fff] reserved
apr 03 13:23:41 laptop01 kernel: BIOS-e820: [mem 0x00000000fec10000-0x00000000fec10fff] reserved
apr 03 13:23:41 laptop01 kernel: BIOS-e820: [mem 0x00000000fec20000-0x00000000fec20fff] reserved
apr 03 13:23:41 laptop01 kernel: BIOS-e820: [mem 0x00000000fed80000-0x00000000fed81fff] reserved
apr 03 13:23:41 laptop01 kernel: BIOS-e820: [mem 0x00000000fee00000-0x00000000fee00fff] reserved
apr 03 13:23:41 laptop01 kernel: BIOS-e820: [mem 0x00000000ff000000-0x00000000ffffffff] reserved
apr 03 13:23:41 laptop01 kernel: BIOS-e820: [mem 0x0000000100000000-0x000000101e2fffff] usable
apr 03 13:23:41 laptop01 kernel: BIOS-e820: [mem 0x0000001020000000-0x00000010c01fffff] reserved
apr 03 13:23:41 laptop01 kernel: NX (Execute Disable) protection: active
apr 03 13:23:41 laptop01 kernel: e820: update [mem 0x47ce4018-0x47ce8257] usable ==> usable
apr 03 13:23:41 laptop01 kernel: e820: update [mem 0x47ce4018-0x47ce8257] usable ==> usable
apr 03 13:23:41 laptop01 kernel: extended physical RAM map:
apr 03 13:23:41 laptop01 kernel: reserve setup_data: [mem 0x0000000000000000-0x000000000009efff] usable
apr 03 13:23:41 laptop01 kernel: reserve setup_data: [mem 0x000000000009f000-0x00000000000bffff] reserved
apr 03 13:23:41 laptop01 kernel: reserve setup_data: [mem 0x0000000000100000-0x0000000009afffff] usable
apr 03 13:23:41 laptop01 kernel: reserve setup_data: [mem 0x0000000009b00000-0x0000000009dfffff] reserved
apr 03 13:23:41 laptop01 kernel: reserve setup_data: [mem 0x0000000009e00000-0x0000000009efffff] usable
apr 03 13:23:41 laptop01 kernel: reserve setup_data: [mem 0x0000000009f00000-0x0000000009f3bfff] ACPI NVS
apr 03 13:23:41 laptop01 kernel: reserve setup_data: [mem 0x0000000009f3c000-0x0000000047ce4017] usable
apr 03 13:23:41 laptop01 kernel: reserve setup_data: [mem 0x0000000047ce4018-0x0000000047ce8257] usable
apr 03 13:23:41 laptop01 kernel: reserve setup_data: [mem 0x0000000047ce8258-0x0000000049b4ffff] usable
apr 03 13:23:41 laptop01 kernel: reserve setup_data: [mem 0x0000000049b50000-0x000000004bd4ffff] reserved
apr 03 13:23:41 laptop01 kernel: reserve setup_data: [mem 0x000000004bd50000-0x000000004bd68fff] usable
apr 03 13:23:41 laptop01 kernel: reserve setup_data: [mem 0x000000004bd69000-0x000000004bd6cfff] reserved
apr 03 13:23:41 laptop01 kernel: reserve setup_data: [mem 0x000000004bd6d000-0x000000004bd6efff] usable
apr 03 13:23:41 laptop01 kernel: reserve setup_data: [mem 0x000000004bd6f000-0x000000004bd6ffff] reserved
apr 03 13:23:41 laptop01 kernel: reserve setup_data: [mem 0x000000004bd70000-0x0000000057f7efff] usable
apr 03 13:23:41 laptop01 kernel: reserve setup_data: [mem 0x0000000057f7f000-0x000000005a77efff] reserved
apr 03 13:23:41 laptop01 kernel: reserve setup_data: [mem 0x000000005a77f000-0x000000005af7efff] ACPI NVS
apr 03 13:23:41 laptop01 kernel: reserve setup_data: [mem 0x000000005af7f000-0x000000005affefff] ACPI data
apr 03 13:23:41 laptop01 kernel: reserve setup_data: [mem 0x000000005afff000-0x000000005affffff] usable
apr 03 13:23:41 laptop01 kernel: reserve setup_data: [mem 0x000000005b000000-0x000000005bffffff] reserved
apr 03 13:23:41 laptop01 kernel: reserve setup_data: [mem 0x000000005d790000-0x000000005d7effff] reserved
apr 03 13:23:41 laptop01 kernel: reserve setup_data: [mem 0x000000005d7f5000-0x000000005fffffff] reserved
apr 03 13:23:41 laptop01 kernel: reserve setup_data: [mem 0x00000000c0300000-0x00000000c03fffff] reserved
apr 03 13:23:41 laptop01 kernel: reserve setup_data: [mem 0x00000000e0000000-0x00000000efffffff] reserved
apr 03 13:23:41 laptop01 kernel: reserve setup_data: [mem 0x00000000fec00000-0x00000000fec01fff] reserved
apr 03 13:23:41 laptop01 kernel: reserve setup_data: [mem 0x00000000fec10000-0x00000000fec10fff] reserved
apr 03 13:23:41 laptop01 kernel: reserve setup_data: [mem 0x00000000fec20000-0x00000000fec20fff] reserved
apr 03 13:23:41 laptop01 kernel: reserve setup_data: [mem 0x00000000fed80000-0x00000000fed81fff] reserved
apr 03 13:23:41 laptop01 kernel: reserve setup_data: [mem 0x00000000fee00000-0x00000000fee00fff] reserved
apr 03 13:23:41 laptop01 kernel: reserve setup_data: [mem 0x00000000ff000000-0x00000000ffffffff] reserved
apr 03 13:23:41 laptop01 kernel: reserve setup_data: [mem 0x0000000100000000-0x000000101e2fffff] usable
apr 03 13:23:41 laptop01 kernel: reserve setup_data: [mem 0x0000001020000000-0x00000010c01fffff] reserved
apr 03 13:23:41 laptop01 kernel: efi: EFI v2.90 by INSYDE Corp.
apr 03 13:23:41 laptop01 kernel: efi: ACPI=0x5affe000 ACPI 2.0=0x5affe014 TPMFinalLog=0x5af3f000 SMBIOS=0x58e77000 SMBIOS 3.0=0x58e74000 MEMATTR=0x52fba018 ESRT=0x54976e18 MOKvar=0x5907a000 RNG=0x5af97018 TPMEventLog=0x5af8b018 
apr 03 13:23:41 laptop01 kernel: random: crng init done
apr 03 13:23:41 laptop01 kernel: Kernel is locked down from EFI Secure Boot; see man kernel_lockdown.7
apr 03 13:23:41 laptop01 kernel: secureboot: Secure boot enabled
apr 03 13:23:41 laptop01 kernel: SMBIOS 3.6.0 present.
apr 03 13:23:41 laptop01 kernel: DMI: Framework Laptop 13 (AMD Ryzen 7040Series)/FRANMDCP05, BIOS 03.07 02/19/2025
apr 03 13:23:41 laptop01 kernel: tsc: Fast TSC calibration using PIT
apr 03 13:23:41 laptop01 kernel: tsc: Detected 3493.534 MHz processor
apr 03 13:23:41 laptop01 kernel: e820: update [mem 0x00000000-0x00000fff] usable ==> reserved
apr 03 13:23:41 laptop01 kernel: e820: remove [mem 0x000a0000-0x000fffff] usable
apr 03 13:23:41 laptop01 kernel: last_pfn = 0x101e300 max_arch_pfn = 0x400000000
apr 03 13:23:41 laptop01 kernel: x86/PAT: Configuration [0-7]: WB  WC  UC- UC  WB  WP  UC- WT  
apr 03 13:23:41 laptop01 kernel: last_pfn = 0x5b000 max_arch_pfn = 0x400000000
apr 03 13:23:41 laptop01 kernel: esrt: Reserving ESRT space from 0x0000000054976e18 to 0x0000000054976e50.
apr 03 13:23:41 laptop01 kernel: e820: update [mem 0x54976000-0x54976fff] usable ==> reserved
apr 03 13:23:41 laptop01 kernel: Using GB pages for direct mapping
apr 03 13:23:41 laptop01 kernel: RAMDISK: [mem 0x23ea3000-0x28446fff]
apr 03 13:23:41 laptop01 kernel: ACPI: Early table checksum verification disabled
apr 03 13:23:41 laptop01 kernel: ACPI: RSDP 0x000000005AFFE014 000024 (v02 INSYDE)
apr 03 13:23:41 laptop01 kernel: ACPI: XSDT 0x000000005AFAA228 000194 (v01 INSYDE EDK2     00000002      01000013)
apr 03 13:23:41 laptop01 kernel: ACPI: FACP 0x000000005AFEE000 00010C (v05 INSYDE EDK2     00000002 ACPI 00040000)
apr 03 13:23:41 laptop01 kernel: ACPI BIOS Warning (bug): Optional FADT field Pm2ControlBlock has valid Length but zero Address: 0x0000000000000000/0x1 (20220331/tbfadt-615)
apr 03 13:23:41 laptop01 kernel: ACPI: DSDT 0x000000005AFDE000 0093F3 (v02 INSYDE EDK2     00000002 ACPI 00040000)
apr 03 13:23:41 laptop01 kernel: ACPI: FACS 0x000000005AED1000 000040
apr 03 13:23:41 laptop01 kernel: ACPI: UEFI 0x000000005AF67000 0001CF (v01 INSYDE EDK2     00000001 ACPI 00040000)
apr 03 13:23:41 laptop01 kernel: ACPI: SSDT 0x000000005AFF4000 008416 (v02 INSYDE EDK2     00000002 ACPI 00040000)
apr 03 13:23:41 laptop01 kernel: ACPI: SSDT 0x000000005AFF3000 00033E (v01 INSYDE EDK2     00001000 ACPI 00040000)
apr 03 13:23:41 laptop01 kernel: ACPI: SSDT 0x000000005AFF1000 000ABD (v02 INSYDE EDK2     00001000 ACPI 00040000)
apr 03 13:23:41 laptop01 kernel: ACPI: ASF! 0x000000005AFF0000 0000A5 (v32 INSYDE EDK2     00000002 ACPI 00040000)
apr 03 13:23:41 laptop01 kernel: ACPI: BOOT 0x000000005AFEF000 000028 (v01 INSYDE EDK2     00000002 ACPI 00040000)
apr 03 13:23:41 laptop01 kernel: ACPI: HPET 0x000000005AFED000 000038 (v01 INSYDE EDK2     00000002 ACPI 00040000)
apr 03 13:23:41 laptop01 kernel: ACPI: APIC 0x000000005AFEC000 000138 (v03 INSYDE EDK2     00000002 ACPI 00040000)
apr 03 13:23:41 laptop01 kernel: ACPI: MCFG 0x000000005AFEB000 00003C (v01 INSYDE EDK2     00000002 ACPI 00040000)
apr 03 13:23:41 laptop01 kernel: ACPI: SLIC 0x000000005AFEA000 000176 (v01 INSYDE EDK2     00000002 ACPI 00040000)
apr 03 13:23:41 laptop01 kernel: ACPI: VFCT 0x000000005AFD9000 004284 (v01 INSYDE EDK2     00000001 ACPI 00040000)
apr 03 13:23:41 laptop01 kernel: ACPI: SSDT 0x000000005AFD8000 0000F8 (v02 INSYDE EDK2     00001000 ACPI 00040000)
apr 03 13:23:41 laptop01 kernel: ACPI: SSDT 0x000000005AFD4000 003F6A (v02 INSYDE EDK2     00000001 ACPI 00040000)
apr 03 13:23:41 laptop01 kernel: ACPI: CRAT 0x000000005AFD3000 000B90 (v01 INSYDE EDK2     00000001 ACPI 00040000)
apr 03 13:23:41 laptop01 kernel: ACPI: CDIT 0x000000005AFD2000 000029 (v01 INSYDE EDK2     00000001 ACPI 00040000)
apr 03 13:23:41 laptop01 kernel: ACPI: SSDT 0x000000005AFD1000 000F8D (v02 INSYDE EDK2     00000001 ACPI 00040000)
apr 03 13:23:41 laptop01 kernel: ACPI: SSDT 0x000000005AFCF000 001086 (v02 INSYDE EDK2     00000001 ACPI 00040000)
apr 03 13:23:41 laptop01 kernel: ACPI: SSDT 0x000000005AFFD000 000BAF (v02 INSYDE EDK2     00000001 ACPI 00040000)
apr 03 13:23:41 laptop01 kernel: ACPI: SSDT 0x000000005AFCC000 001E78 (v02 INSYDE EDK2     00000001 ACPI 00040000)
apr 03 13:23:41 laptop01 kernel: ACPI: SSDT 0x000000005AFCB000 00077A (v02 INSYDE EDK2     00000001 ACPI 00040000)
apr 03 13:23:41 laptop01 kernel: ACPI: SSDT 0x000000005AFCA000 000737 (v02 INSYDE EDK2     00000001 ACPI 00040000)
apr 03 13:23:41 laptop01 kernel: ACPI: SSDT 0x000000005AFC8000 0015C8 (v02 INSYDE EDK2     00000001 ACPI 00040000)
apr 03 13:23:41 laptop01 kernel: ACPI: SSDT 0x000000005AFC5000 002A9E (v02 INSYDE EDK2     00000001 ACPI 00040000)
apr 03 13:23:41 laptop01 kernel: ACPI: SSDT 0x000000005AFBB000 0098F6 (v02 INSYDE EDK2     00000001 ACPI 00040000)
apr 03 13:23:41 laptop01 kernel: ACPI: FPDT 0x000000005AFBA000 000044 (v01 INSYDE EDK2     00000002 ACPI 00040000)
apr 03 13:23:41 laptop01 kernel: ACPI: WSMT 0x000000005AFB8000 000028 (v01 INSYDE EDK2     00000001 ACPI 00040000)
apr 03 13:23:41 laptop01 kernel: ACPI: TPM2 0x000000005AFE9000 000050 (v05 INSYDE EDK2     20505348 ACPI 00040000)
apr 03 13:23:41 laptop01 kernel: ACPI: SSDT 0x000000005AFB5000 00233C (v02 INSYDE EDK2     00000001 ACPI 00040000)
apr 03 13:23:41 laptop01 kernel: ACPI: MHSP 0x000000005AFE8000 0000C8 (v04 INSYDE EDK2     20505348 ACPI 00040000)
apr 03 13:23:41 laptop01 kernel: ACPI: SSDT 0x000000005AFB4000 0000E5 (v02 INSYDE EDK2     00000004 ACPI 00040000)
apr 03 13:23:41 laptop01 kernel: ACPI: IVRS 0x000000005AFB3000 000198 (v02 INSYDE EDK2     00000001 ACPI 00040000)
apr 03 13:23:41 laptop01 kernel: ACPI: SSDT 0x000000005AFB2000 000C44 (v01 INSYDE EDK2     00000001 ACPI 00040000)
apr 03 13:23:41 laptop01 kernel: ACPI: SSDT 0x000000005AFB1000 00074A (v02 INSYDE EDK2     00000001 ACPI 00040000)
apr 03 13:23:41 laptop01 kernel: ACPI: SSDT 0x000000005AFB0000 000B43 (v02 INSYDE EDK2     00000001 ACPI 00040000)
apr 03 13:23:41 laptop01 kernel: ACPI: SSDT 0x000000005AFAF000 000A3A (v02 INSYDE EDK2     00000001 ACPI 00040000)
apr 03 13:23:41 laptop01 kernel: ACPI: SSDT 0x000000005AFAE000 000057 (v02 INSYDE EDK2     00000001 ACPI 00040000)
apr 03 13:23:41 laptop01 kernel: ACPI: SSDT 0x000000005AFAC000 0017AA (v02 INSYDE EDK2     00000001 ACPI 00040000)
apr 03 13:23:41 laptop01 kernel: ACPI: SSDT 0x000000005AFAB000 000FF7 (v02 INSYDE EDK2     00000001 ACPI 00040000)
apr 03 13:23:41 laptop01 kernel: ACPI: SSDT 0x000000005AFA0000 0098BD (v02 INSYDE EDK2     00000001 ACPI 00040000)
apr 03 13:23:41 laptop01 kernel: ACPI: SSDT 0x000000005AF9B000 004FEB (v02 INSYDE EDK2     00000001 ACPI 00040000)
apr 03 13:23:41 laptop01 kernel: ACPI: SSDT 0x000000005AFCE000 000D41 (v02 INSYDE EDK2     00000001 ACPI 00040000)
apr 03 13:23:41 laptop01 kernel: ACPI: SSDT 0x000000005AF9A000 000968 (v02 INSYDE EDK2     00000001 ACPI 00040000)
apr 03 13:23:41 laptop01 kernel: ACPI: SSDT 0x000000005AF99000 00008D (v02 INSYDE EDK2     00000001 ACPI 00040000)
apr 03 13:23:41 laptop01 kernel: ACPI: SSDT 0x000000005AF98000 000FF5 (v02 INSYDE EDK2     00000001 ACPI 00040000)
apr 03 13:23:41 laptop01 kernel: ACPI: BGRT 0x000000005AFB9000 000038 (v01 INSYDE EDK2     00000002 ACPI 00040000)
apr 03 13:23:41 laptop01 kernel: ACPI: Reserving FACP table memory at [mem 0x5afee000-0x5afee10b]
apr 03 13:23:41 laptop01 kernel: ACPI: Reserving DSDT table memory at [mem 0x5afde000-0x5afe73f2]
apr 03 13:23:41 laptop01 kernel: ACPI: Reserving FACS table memory at [mem 0x5aed1000-0x5aed103f]
apr 03 13:23:41 laptop01 kernel: ACPI: Reserving UEFI table memory at [mem 0x5af67000-0x5af671ce]
apr 03 13:23:41 laptop01 kernel: ACPI: Reserving SSDT table memory at [mem 0x5aff4000-0x5affc415]
apr 03 13:23:41 laptop01 kernel: ACPI: Reserving SSDT table memory at [mem 0x5aff3000-0x5aff333d]
apr 03 13:23:41 laptop01 kernel: ACPI: Reserving SSDT table memory at [mem 0x5aff1000-0x5aff1abc]
apr 03 13:23:41 laptop01 kernel: ACPI: Reserving ASF! table memory at [mem 0x5aff0000-0x5aff00a4]
apr 03 13:23:41 laptop01 kernel: ACPI: Reserving BOOT table memory at [mem 0x5afef000-0x5afef027]
apr 03 13:23:41 laptop01 kernel: ACPI: Reserving HPET table memory at [mem 0x5afed000-0x5afed037]
apr 03 13:23:41 laptop01 kernel: ACPI: Reserving APIC table memory at [mem 0x5afec000-0x5afec137]
apr 03 13:23:41 laptop01 kernel: ACPI: Reserving MCFG table memory at [mem 0x5afeb000-0x5afeb03b]
apr 03 13:23:41 laptop01 kernel: ACPI: Reserving SLIC table memory at [mem 0x5afea000-0x5afea175]
apr 03 13:23:41 laptop01 kernel: ACPI: Reserving VFCT table memory at [mem 0x5afd9000-0x5afdd283]
apr 03 13:23:41 laptop01 kernel: ACPI: Reserving SSDT table memory at [mem 0x5afd8000-0x5afd80f7]
apr 03 13:23:41 laptop01 kernel: ACPI: Reserving SSDT table memory at [mem 0x5afd4000-0x5afd7f69]
apr 03 13:23:41 laptop01 kernel: ACPI: Reserving CRAT table memory at [mem 0x5afd3000-0x5afd3b8f]
apr 03 13:23:41 laptop01 kernel: ACPI: Reserving CDIT table memory at [mem 0x5afd2000-0x5afd2028]
apr 03 13:23:41 laptop01 kernel: ACPI: Reserving SSDT table memory at [mem 0x5afd1000-0x5afd1f8c]
apr 03 13:23:41 laptop01 kernel: ACPI: Reserving SSDT table memory at [mem 0x5afcf000-0x5afd0085]
apr 03 13:23:41 laptop01 kernel: ACPI: Reserving SSDT table memory at [mem 0x5affd000-0x5affdbae]
apr 03 13:23:41 laptop01 kernel: ACPI: Reserving SSDT table memory at [mem 0x5afcc000-0x5afcde77]
apr 03 13:23:41 laptop01 kernel: ACPI: Reserving SSDT table memory at [mem 0x5afcb000-0x5afcb779]
apr 03 13:23:41 laptop01 kernel: ACPI: Reserving SSDT table memory at [mem 0x5afca000-0x5afca736]
apr 03 13:23:41 laptop01 kernel: ACPI: Reserving SSDT table memory at [mem 0x5afc8000-0x5afc95c7]
apr 03 13:23:41 laptop01 kernel: ACPI: Reserving SSDT table memory at [mem 0x5afc5000-0x5afc7a9d]
apr 03 13:23:41 laptop01 kernel: ACPI: Reserving SSDT table memory at [mem 0x5afbb000-0x5afc48f5]
apr 03 13:23:41 laptop01 kernel: ACPI: Reserving FPDT table memory at [mem 0x5afba000-0x5afba043]
apr 03 13:23:41 laptop01 kernel: ACPI: Reserving WSMT table memory at [mem 0x5afb8000-0x5afb8027]
apr 03 13:23:41 laptop01 kernel: ACPI: Reserving TPM2 table memory at [mem 0x5afe9000-0x5afe904f]
apr 03 13:23:41 laptop01 kernel: ACPI: Reserving SSDT table memory at [mem 0x5afb5000-0x5afb733b]
apr 03 13:23:41 laptop01 kernel: ACPI: Reserving MHSP table memory at [mem 0x5afe8000-0x5afe80c7]
apr 03 13:23:41 laptop01 kernel: ACPI: Reserving SSDT table memory at [mem 0x5afb4000-0x5afb40e4]
apr 03 13:23:41 laptop01 kernel: ACPI: Reserving IVRS table memory at [mem 0x5afb3000-0x5afb3197]
apr 03 13:23:41 laptop01 kernel: ACPI: Reserving SSDT table memory at [mem 0x5afb2000-0x5afb2c43]
apr 03 13:23:41 laptop01 kernel: ACPI: Reserving SSDT table memory at [mem 0x5afb1000-0x5afb1749]
apr 03 13:23:41 laptop01 kernel: ACPI: Reserving SSDT table memory at [mem 0x5afb0000-0x5afb0b42]
apr 03 13:23:41 laptop01 kernel: ACPI: Reserving SSDT table memory at [mem 0x5afaf000-0x5afafa39]
apr 03 13:23:41 laptop01 kernel: ACPI: Reserving SSDT table memory at [mem 0x5afae000-0x5afae056]
apr 03 13:23:41 laptop01 kernel: ACPI: Reserving SSDT table memory at [mem 0x5afac000-0x5afad7a9]
apr 03 13:23:41 laptop01 kernel: ACPI: Reserving SSDT table memory at [mem 0x5afab000-0x5afabff6]
apr 03 13:23:41 laptop01 kernel: ACPI: Reserving SSDT table memory at [mem 0x5afa0000-0x5afa98bc]
apr 03 13:23:41 laptop01 kernel: ACPI: Reserving SSDT table memory at [mem 0x5af9b000-0x5af9ffea]
apr 03 13:23:41 laptop01 kernel: ACPI: Reserving SSDT table memory at [mem 0x5afce000-0x5afced40]
apr 03 13:23:41 laptop01 kernel: ACPI: Reserving SSDT table memory at [mem 0x5af9a000-0x5af9a967]
apr 03 13:23:41 laptop01 kernel: ACPI: Reserving SSDT table memory at [mem 0x5af99000-0x5af9908c]
apr 03 13:23:41 laptop01 kernel: ACPI: Reserving SSDT table memory at [mem 0x5af98000-0x5af98ff4]
apr 03 13:23:41 laptop01 kernel: ACPI: Reserving BGRT table memory at [mem 0x5afb9000-0x5afb9037]
apr 03 13:23:41 laptop01 kernel: No NUMA configuration found
apr 03 13:23:41 laptop01 kernel: Faking a node at [mem 0x0000000000000000-0x000000101e2fffff]
apr 03 13:23:41 laptop01 kernel: NODE_DATA(0) allocated [mem 0x101e2d5000-0x101e2fffff]
apr 03 13:23:41 laptop01 kernel: Zone ranges:
apr 03 13:23:41 laptop01 kernel:   DMA      [mem 0x0000000000001000-0x0000000000ffffff]
apr 03 13:23:41 laptop01 kernel:   DMA32    [mem 0x0000000001000000-0x00000000ffffffff]
apr 03 13:23:41 laptop01 kernel:   Normal   [mem 0x0000000100000000-0x000000101e2fffff]
apr 03 13:23:41 laptop01 kernel:   Device   empty
apr 03 13:23:41 laptop01 kernel: Movable zone start for each node
apr 03 13:23:41 laptop01 kernel: Early memory node ranges
apr 03 13:23:41 laptop01 kernel:   node   0: [mem 0x0000000000001000-0x000000000009efff]
apr 03 13:23:41 laptop01 kernel:   node   0: [mem 0x0000000000100000-0x0000000009afffff]
apr 03 13:23:41 laptop01 kernel:   node   0: [mem 0x0000000009e00000-0x0000000009efffff]
apr 03 13:23:41 laptop01 kernel:   node   0: [mem 0x0000000009f3c000-0x0000000049b4ffff]
apr 03 13:23:41 laptop01 kernel:   node   0: [mem 0x000000004bd50000-0x000000004bd68fff]
apr 03 13:23:41 laptop01 kernel:   node   0: [mem 0x000000004bd6d000-0x000000004bd6efff]
apr 03 13:23:41 laptop01 kernel:   node   0: [mem 0x000000004bd70000-0x0000000057f7efff]
apr 03 13:23:41 laptop01 kernel:   node   0: [mem 0x000000005afff000-0x000000005affffff]
apr 03 13:23:41 laptop01 kernel:   node   0: [mem 0x0000000100000000-0x000000101e2fffff]
apr 03 13:23:41 laptop01 kernel: Initmem setup node 0 [mem 0x0000000000001000-0x000000101e2fffff]
apr 03 13:23:41 laptop01 kernel: On node 0, zone DMA: 1 pages in unavailable ranges
apr 03 13:23:41 laptop01 kernel: On node 0, zone DMA: 97 pages in unavailable ranges
apr 03 13:23:41 laptop01 kernel: On node 0, zone DMA32: 768 pages in unavailable ranges
apr 03 13:23:41 laptop01 kernel: On node 0, zone DMA32: 60 pages in unavailable ranges
apr 03 13:23:41 laptop01 kernel: On node 0, zone DMA32: 8704 pages in unavailable ranges
apr 03 13:23:41 laptop01 kernel: On node 0, zone DMA32: 4 pages in unavailable ranges
apr 03 13:23:41 laptop01 kernel: On node 0, zone DMA32: 1 pages in unavailable ranges
apr 03 13:23:41 laptop01 kernel: On node 0, zone DMA32: 12416 pages in unavailable ranges
apr 03 13:23:41 laptop01 kernel: On node 0, zone Normal: 20480 pages in unavailable ranges
apr 03 13:23:41 laptop01 kernel: On node 0, zone Normal: 7424 pages in unavailable ranges
apr 03 13:23:41 laptop01 kernel: ACPI: PM-Timer IO Port: 0x408
apr 03 13:23:41 laptop01 kernel: ACPI: LAPIC_NMI (acpi_id[0x00] high edge lint[0x1])
apr 03 13:23:41 laptop01 kernel: ACPI: LAPIC_NMI (acpi_id[0x01] high edge lint[0x1])
apr 03 13:23:41 laptop01 kernel: ACPI: LAPIC_NMI (acpi_id[0x02] high edge lint[0x1])
apr 03 13:23:41 laptop01 kernel: ACPI: LAPIC_NMI (acpi_id[0x03] high edge lint[0x1])
apr 03 13:23:41 laptop01 kernel: ACPI: LAPIC_NMI (acpi_id[0x04] high edge lint[0x1])
apr 03 13:23:41 laptop01 kernel: ACPI: LAPIC_NMI (acpi_id[0x05] high edge lint[0x1])
apr 03 13:23:41 laptop01 kernel: ACPI: LAPIC_NMI (acpi_id[0x06] high edge lint[0x1])
apr 03 13:23:41 laptop01 kernel: ACPI: LAPIC_NMI (acpi_id[0x07] high edge lint[0x1])
apr 03 13:23:41 laptop01 kernel: ACPI: LAPIC_NMI (acpi_id[0x08] high edge lint[0x1])
apr 03 13:23:41 laptop01 kernel: ACPI: LAPIC_NMI (acpi_id[0x09] high edge lint[0x1])
apr 03 13:23:41 laptop01 kernel: ACPI: LAPIC_NMI (acpi_id[0x0a] high edge lint[0x1])
apr 03 13:23:41 laptop01 kernel: ACPI: LAPIC_NMI (acpi_id[0x0b] high edge lint[0x1])
apr 03 13:23:41 laptop01 kernel: ACPI: LAPIC_NMI (acpi_id[0x0c] high edge lint[0x1])
apr 03 13:23:41 laptop01 kernel: ACPI: LAPIC_NMI (acpi_id[0x0d] high edge lint[0x1])
apr 03 13:23:41 laptop01 kernel: ACPI: LAPIC_NMI (acpi_id[0x0e] high edge lint[0x1])
apr 03 13:23:41 laptop01 kernel: ACPI: LAPIC_NMI (acpi_id[0x0f] high edge lint[0x1])
apr 03 13:23:41 laptop01 kernel: IOAPIC[0]: apic_id 33, version 33, address 0xfec00000, GSI 0-23
apr 03 13:23:41 laptop01 kernel: IOAPIC[1]: apic_id 34, version 33, address 0xfec01000, GSI 24-55
apr 03 13:23:41 laptop01 kernel: ACPI: INT_SRC_OVR (bus 0 bus_irq 0 global_irq 2 dfl dfl)
apr 03 13:23:41 laptop01 kernel: ACPI: INT_SRC_OVR (bus 0 bus_irq 9 global_irq 9 low level)
apr 03 13:23:41 laptop01 kernel: ACPI: Using ACPI (MADT) for SMP configuration information
apr 03 13:23:41 laptop01 kernel: ACPI: HPET id: 0x10228210 base: 0xfed00000
apr 03 13:23:41 laptop01 kernel: e820: update [mem 0x52e6d000-0x52eedfff] usable ==> reserved
apr 03 13:23:41 laptop01 kernel: smpboot: Allowing 16 CPUs, 4 hotplug CPUs
apr 03 13:23:41 laptop01 kernel: PM: hibernation: Registered nosave memory: [mem 0x00000000-0x00000fff]
apr 03 13:23:41 laptop01 kernel: PM: hibernation: Registered nosave memory: [mem 0x0009f000-0x000bffff]
apr 03 13:23:41 laptop01 kernel: PM: hibernation: Registered nosave memory: [mem 0x000c0000-0x000fffff]
apr 03 13:23:41 laptop01 kernel: PM: hibernation: Registered nosave memory: [mem 0x09b00000-0x09dfffff]
apr 03 13:23:41 laptop01 kernel: PM: hibernation: Registered nosave memory: [mem 0x09f00000-0x09f3bfff]
apr 03 13:23:41 laptop01 kernel: PM: hibernation: Registered nosave memory: [mem 0x47ce4000-0x47ce4fff]
apr 03 13:23:41 laptop01 kernel: PM: hibernation: Registered nosave memory: [mem 0x47ce8000-0x47ce8fff]
apr 03 13:23:41 laptop01 kernel: PM: hibernation: Registered nosave memory: [mem 0x49b50000-0x4bd4ffff]
apr 03 13:23:41 laptop01 kernel: PM: hibernation: Registered nosave memory: [mem 0x4bd69000-0x4bd6cfff]
apr 03 13:23:41 laptop01 kernel: PM: hibernation: Registered nosave memory: [mem 0x4bd6f000-0x4bd6ffff]
apr 03 13:23:41 laptop01 kernel: PM: hibernation: Registered nosave memory: [mem 0x52e6d000-0x52eedfff]
apr 03 13:23:41 laptop01 kernel: PM: hibernation: Registered nosave memory: [mem 0x54976000-0x54976fff]
apr 03 13:23:41 laptop01 kernel: PM: hibernation: Registered nosave memory: [mem 0x57f7f000-0x5a77efff]
apr 03 13:23:41 laptop01 kernel: PM: hibernation: Registered nosave memory: [mem 0x5a77f000-0x5af7efff]
apr 03 13:23:41 laptop01 kernel: PM: hibernation: Registered nosave memory: [mem 0x5af7f000-0x5affefff]
apr 03 13:23:41 laptop01 kernel: PM: hibernation: Registered nosave memory: [mem 0x5b000000-0x5bffffff]
apr 03 13:23:41 laptop01 kernel: PM: hibernation: Registered nosave memory: [mem 0x5c000000-0x5d78ffff]
apr 03 13:23:41 laptop01 kernel: PM: hibernation: Registered nosave memory: [mem 0x5d790000-0x5d7effff]
apr 03 13:23:41 laptop01 kernel: PM: hibernation: Registered nosave memory: [mem 0x5d7f0000-0x5d7f4fff]
apr 03 13:23:41 laptop01 kernel: PM: hibernation: Registered nosave memory: [mem 0x5d7f5000-0x5fffffff]
apr 03 13:23:41 laptop01 kernel: PM: hibernation: Registered nosave memory: [mem 0x60000000-0xc02fffff]
apr 03 13:23:41 laptop01 kernel: PM: hibernation: Registered nosave memory: [mem 0xc0300000-0xc03fffff]
apr 03 13:23:41 laptop01 kernel: PM: hibernation: Registered nosave memory: [mem 0xc0400000-0xdfffffff]
apr 03 13:23:41 laptop01 kernel: PM: hibernation: Registered nosave memory: [mem 0xe0000000-0xefffffff]
apr 03 13:23:41 laptop01 kernel: PM: hibernation: Registered nosave memory: [mem 0xf0000000-0xfebfffff]
apr 03 13:23:41 laptop01 kernel: PM: hibernation: Registered nosave memory: [mem 0xfec00000-0xfec01fff]
apr 03 13:23:41 laptop01 kernel: PM: hibernation: Registered nosave memory: [mem 0xfec02000-0xfec0ffff]
apr 03 13:23:41 laptop01 kernel: PM: hibernation: Registered nosave memory: [mem 0xfec10000-0xfec10fff]
apr 03 13:23:41 laptop01 kernel: PM: hibernation: Registered nosave memory: [mem 0xfec11000-0xfec1ffff]
apr 03 13:23:41 laptop01 kernel: PM: hibernation: Registered nosave memory: [mem 0xfec20000-0xfec20fff]
apr 03 13:23:41 laptop01 kernel: PM: hibernation: Registered nosave memory: [mem 0xfec21000-0xfed7ffff]
apr 03 13:23:41 laptop01 kernel: PM: hibernation: Registered nosave memory: [mem 0xfed80000-0xfed81fff]
apr 03 13:23:41 laptop01 kernel: PM: hibernation: Registered nosave memory: [mem 0xfed82000-0xfedfffff]
apr 03 13:23:41 laptop01 kernel: PM: hibernation: Registered nosave memory: [mem 0xfee00000-0xfee00fff]
apr 03 13:23:41 laptop01 kernel: PM: hibernation: Registered nosave memory: [mem 0xfee01000-0xfeffffff]
apr 03 13:23:41 laptop01 kernel: PM: hibernation: Registered nosave memory: [mem 0xff000000-0xffffffff]
apr 03 13:23:41 laptop01 kernel: [mem 0x60000000-0xc02fffff] available for PCI devices
apr 03 13:23:41 laptop01 kernel: Booting paravirtualized kernel on bare hardware
apr 03 13:23:41 laptop01 kernel: clocksource: refined-jiffies: mask: 0xffffffff max_cycles: 0xffffffff, max_idle_ns: 7645519600211568 ns
apr 03 13:23:41 laptop01 kernel: setup_percpu: NR_CPUS:8192 nr_cpumask_bits:16 nr_cpu_ids:16 nr_node_ids:1
apr 03 13:23:41 laptop01 kernel: percpu: Embedded 61 pages/cpu s212992 r8192 d28672 u262144
apr 03 13:23:41 laptop01 kernel: pcpu-alloc: s212992 r8192 d28672 u262144 alloc=1*2097152
apr 03 13:23:41 laptop01 kernel: pcpu-alloc: [0] 00 01 02 03 04 05 06 07 [0] 08 09 10 11 12 13 14 15 
apr 03 13:23:41 laptop01 kernel: Fallback order for Node 0: 0 
apr 03 13:23:41 laptop01 kernel: Built 1 zonelists, mobility grouping on.  Total pages: 15949642
apr 03 13:23:41 laptop01 kernel: Policy zone: Normal
apr 03 13:23:41 laptop01 kernel: Kernel command line: BOOT_IMAGE=/vmlinuz-6.1.0-32-amd64 root=/dev/mapper/vg0-root0 ro rootflags=subvol=@rootfs quiet
apr 03 13:23:41 laptop01 kernel: Unknown kernel command line parameters "BOOT_IMAGE=/vmlinuz-6.1.0-32-amd64", will be passed to user space.
apr 03 13:23:41 laptop01 kernel: Dentry cache hash table entries: 8388608 (order: 14, 67108864 bytes, linear)
apr 03 13:23:41 laptop01 kernel: Inode-cache hash table entries: 4194304 (order: 13, 33554432 bytes, linear)
apr 03 13:23:41 laptop01 kernel: mem auto-init: stack:all(zero), heap alloc:on, heap free:off
apr 03 13:23:41 laptop01 kernel: software IO TLB: area num 16.
apr 03 13:23:41 laptop01 kernel: Memory: 1277912K/64811892K available (14342K kernel code, 2338K rwdata, 9084K rodata, 2804K init, 17380K bss, 1428048K reserved, 0K cma-reserved)
apr 03 13:23:41 laptop01 kernel: SLUB: HWalign=64, Order=0-3, MinObjects=0, CPUs=16, Nodes=1
apr 03 13:23:41 laptop01 kernel: ftrace: allocating 40321 entries in 158 pages
apr 03 13:23:41 laptop01 kernel: ftrace: allocated 158 pages with 5 groups
apr 03 13:23:41 laptop01 kernel: Dynamic Preempt: voluntary
apr 03 13:23:41 laptop01 kernel: rcu: Preemptible hierarchical RCU implementation.
apr 03 13:23:41 laptop01 kernel: rcu:         RCU restricting CPUs from NR_CPUS=8192 to nr_cpu_ids=16.
apr 03 13:23:41 laptop01 kernel:         Trampoline variant of Tasks RCU enabled.
apr 03 13:23:41 laptop01 kernel:         Rude variant of Tasks RCU enabled.
apr 03 13:23:41 laptop01 kernel:         Tracing variant of Tasks RCU enabled.
apr 03 13:23:41 laptop01 kernel: rcu: RCU calculated value of scheduler-enlistment delay is 25 jiffies.
apr 03 13:23:41 laptop01 kernel: rcu: Adjusting geometry for rcu_fanout_leaf=16, nr_cpu_ids=16
apr 03 13:23:41 laptop01 kernel: NR_IRQS: 524544, nr_irqs: 1096, preallocated irqs: 16
apr 03 13:23:41 laptop01 kernel: rcu: srcu_init: Setting srcu_struct sizes based on contention.
apr 03 13:23:41 laptop01 kernel: Console: colour dummy device 80x25
apr 03 13:23:41 laptop01 kernel: printk: console [tty0] enabled
apr 03 13:23:41 laptop01 kernel: ACPI: Core revision 20220331
apr 03 13:23:41 laptop01 kernel: clocksource: hpet: mask: 0xffffffff max_cycles: 0xffffffff, max_idle_ns: 133484873504 ns
apr 03 13:23:41 laptop01 kernel: APIC: Switch to symmetric I/O mode setup
apr 03 13:23:41 laptop01 kernel: AMD-Vi: ivrs, add hid:AMDI0020, uid:\_SB.FUR0, rdevid:160
apr 03 13:23:41 laptop01 kernel: AMD-Vi: ivrs, add hid:AMDI0020, uid:\_SB.FUR1, rdevid:160
apr 03 13:23:41 laptop01 kernel: AMD-Vi: ivrs, add hid:AMDI0020, uid:\_SB.FUR2, rdevid:160
apr 03 13:23:41 laptop01 kernel: AMD-Vi: ivrs, add hid:AMDI0020, uid:\_SB.FUR3, rdevid:160
apr 03 13:23:41 laptop01 kernel: AMD-Vi: Using global IVHD EFR:0x246577efa2054ada, EFR2:0x0
apr 03 13:23:41 laptop01 kernel: x2apic: IRQ remapping doesn't support X2APIC mode
apr 03 13:23:41 laptop01 kernel: Switched APIC routing to physical flat.
apr 03 13:23:41 laptop01 kernel: ..TIMER: vector=0x30 apic1=0 pin1=2 apic2=-1 pin2=-1
apr 03 13:23:41 laptop01 kernel: clocksource: tsc-early: mask: 0xffffffffffffffff max_cycles: 0x325b753f7ec, max_idle_ns: 440795354501 ns
apr 03 13:23:41 laptop01 kernel: Calibrating delay loop (skipped), value calculated using timer frequency.. 6987.06 BogoMIPS (lpj=13974136)
apr 03 13:23:41 laptop01 kernel: x86/cpu: User Mode Instruction Prevention (UMIP) activated
apr 03 13:23:41 laptop01 kernel: LVT offset 1 assigned for vector 0xf9
apr 03 13:23:41 laptop01 kernel: LVT offset 2 assigned for vector 0xf4
apr 03 13:23:41 laptop01 kernel: process: using mwait in idle threads
apr 03 13:23:41 laptop01 kernel: Last level iTLB entries: 4KB 512, 2MB 512, 4MB 256
apr 03 13:23:41 laptop01 kernel: Last level dTLB entries: 4KB 3072, 2MB 3072, 4MB 1536, 1GB 0
apr 03 13:23:41 laptop01 kernel: Spectre V1 : Mitigation: usercopy/swapgs barriers and __user pointer sanitization
apr 03 13:23:41 laptop01 kernel: Spectre V2 : Mitigation: Enhanced / Automatic IBRS
apr 03 13:23:41 laptop01 kernel: Spectre V2 : Spectre v2 / SpectreRSB mitigation: Filling RSB on context switch
apr 03 13:23:41 laptop01 kernel: Spectre V2 : mitigation: Enabling conditional Indirect Branch Prediction Barrier
apr 03 13:23:41 laptop01 kernel: Spectre V2 : User space: Mitigation: STIBP always-on protection
apr 03 13:23:41 laptop01 kernel: Speculative Store Bypass: Mitigation: Speculative Store Bypass disabled via prctl
apr 03 13:23:41 laptop01 kernel: Speculative Return Stack Overflow: Mitigation: safe RET
apr 03 13:23:41 laptop01 kernel: x86/fpu: Supporting XSAVE feature 0x001: 'x87 floating point registers'
apr 03 13:23:41 laptop01 kernel: x86/fpu: Supporting XSAVE feature 0x002: 'SSE registers'
apr 03 13:23:41 laptop01 kernel: x86/fpu: Supporting XSAVE feature 0x004: 'AVX registers'
apr 03 13:23:41 laptop01 kernel: x86/fpu: Supporting XSAVE feature 0x020: 'AVX-512 opmask'
apr 03 13:23:41 laptop01 kernel: x86/fpu: Supporting XSAVE feature 0x040: 'AVX-512 Hi256'
apr 03 13:23:41 laptop01 kernel: x86/fpu: Supporting XSAVE feature 0x080: 'AVX-512 ZMM_Hi256'
apr 03 13:23:41 laptop01 kernel: x86/fpu: Supporting XSAVE feature 0x200: 'Protection Keys User registers'
apr 03 13:23:41 laptop01 kernel: x86/fpu: xstate_offset[2]:  576, xstate_sizes[2]:  256
apr 03 13:23:41 laptop01 kernel: x86/fpu: xstate_offset[5]:  832, xstate_sizes[5]:   64
apr 03 13:23:41 laptop01 kernel: x86/fpu: xstate_offset[6]:  896, xstate_sizes[6]:  512
apr 03 13:23:41 laptop01 kernel: x86/fpu: xstate_offset[7]: 1408, xstate_sizes[7]: 1024
apr 03 13:23:41 laptop01 kernel: x86/fpu: xstate_offset[9]: 2432, xstate_sizes[9]:    8
apr 03 13:23:41 laptop01 kernel: x86/fpu: Enabled xstate features 0x2e7, context size is 2440 bytes, using 'compacted' format.
apr 03 13:23:41 laptop01 kernel: Freeing SMP alternatives memory: 36K
apr 03 13:23:41 laptop01 kernel: pid_max: default: 32768 minimum: 301
apr 03 13:23:41 laptop01 kernel: LSM: Security Framework initializing
apr 03 13:23:41 laptop01 kernel: landlock: Up and running.
apr 03 13:23:41 laptop01 kernel: Yama: disabled by default; enable with sysctl kernel.yama.*
apr 03 13:23:41 laptop01 kernel: AppArmor: AppArmor initialized
apr 03 13:23:41 laptop01 kernel: TOMOYO Linux initialized
apr 03 13:23:41 laptop01 kernel: LSM support for eBPF active
apr 03 13:23:41 laptop01 kernel: Mount-cache hash table entries: 131072 (order: 8, 1048576 bytes, linear)
apr 03 13:23:41 laptop01 kernel: Mountpoint-cache hash table entries: 131072 (order: 8, 1048576 bytes, linear)
apr 03 13:23:41 laptop01 kernel: smpboot: CPU0: AMD Ryzen 5 7640U w/ Radeon 760M Graphics (family: 0x19, model: 0x74, stepping: 0x1)
apr 03 13:23:41 laptop01 kernel: cblist_init_generic: Setting adjustable number of callback queues.
apr 03 13:23:41 laptop01 kernel: cblist_init_generic: Setting shift to 4 and lim to 1.
apr 03 13:23:41 laptop01 kernel: cblist_init_generic: Setting adjustable number of callback queues.
apr 03 13:23:41 laptop01 kernel: cblist_init_generic: Setting shift to 4 and lim to 1.
apr 03 13:23:41 laptop01 kernel: cblist_init_generic: Setting adjustable number of callback queues.
apr 03 13:23:41 laptop01 kernel: cblist_init_generic: Setting shift to 4 and lim to 1.
apr 03 13:23:41 laptop01 kernel: Performance Events: Fam17h+ 16-deep LBR, core perfctr, AMD PMU driver.
apr 03 13:23:41 laptop01 kernel: ... version:                2
apr 03 13:23:41 laptop01 kernel: ... bit width:              48
apr 03 13:23:41 laptop01 kernel: ... generic registers:      6
apr 03 13:23:41 laptop01 kernel: ... value mask:             0000ffffffffffff
apr 03 13:23:41 laptop01 kernel: ... max period:             00007fffffffffff
apr 03 13:23:41 laptop01 kernel: ... fixed-purpose events:   0
apr 03 13:23:41 laptop01 kernel: ... event mask:             000000000000003f
apr 03 13:23:41 laptop01 kernel: signal: max sigframe size: 3376
apr 03 13:23:41 laptop01 kernel: rcu: Hierarchical SRCU implementation.
apr 03 13:23:41 laptop01 kernel: rcu:         Max phase no-delay instances is 1000.
apr 03 13:23:41 laptop01 kernel: NMI watchdog: Enabled. Permanently consumes one hw-PMU counter.
apr 03 13:23:41 laptop01 kernel: smp: Bringing up secondary CPUs ...
apr 03 13:23:41 laptop01 kernel: x86: Booting SMP configuration:
apr 03 13:23:41 laptop01 kernel: .... node  #0, CPUs:        #1
apr 03 13:23:41 laptop01 kernel: Spectre V2 : Update user space SMT mitigation: STIBP always-on
apr 03 13:23:41 laptop01 kernel:   #2  #3  #4  #5  #6  #7  #8  #9 #10 #11
apr 03 13:23:41 laptop01 kernel: smp: Brought up 1 node, 12 CPUs
apr 03 13:23:41 laptop01 kernel: smpboot: Max logical packages: 2
apr 03 13:23:41 laptop01 kernel: smpboot: Total of 12 processors activated (83844.81 BogoMIPS)
apr 03 13:23:41 laptop01 kernel: node 0 deferred pages initialised in 36ms
apr 03 13:23:41 laptop01 kernel: devtmpfs: initialized
apr 03 13:23:41 laptop01 kernel: x86/mm: Memory block size: 2048MB
apr 03 13:23:41 laptop01 kernel: ACPI: PM: Registering ACPI NVS region [mem 0x09f00000-0x09f3bfff] (245760 bytes)
apr 03 13:23:41 laptop01 kernel: ACPI: PM: Registering ACPI NVS region [mem 0x5a77f000-0x5af7efff] (8388608 bytes)
apr 03 13:23:41 laptop01 kernel: clocksource: jiffies: mask: 0xffffffff max_cycles: 0xffffffff, max_idle_ns: 7645041785100000 ns
apr 03 13:23:41 laptop01 kernel: futex hash table entries: 4096 (order: 6, 262144 bytes, linear)
apr 03 13:23:41 laptop01 kernel: pinctrl core: initialized pinctrl subsystem
apr 03 13:23:41 laptop01 kernel: NET: Registered PF_NETLINK/PF_ROUTE protocol family
apr 03 13:23:41 laptop01 kernel: DMA: preallocated 4096 KiB GFP_KERNEL pool for atomic allocations
apr 03 13:23:41 laptop01 kernel: DMA: preallocated 4096 KiB GFP_KERNEL|GFP_DMA pool for atomic allocations
apr 03 13:23:41 laptop01 kernel: DMA: preallocated 4096 KiB GFP_KERNEL|GFP_DMA32 pool for atomic allocations
apr 03 13:23:41 laptop01 kernel: audit: initializing netlink subsys (disabled)
apr 03 13:23:41 laptop01 kernel: audit: type=2000 audit(1743679391.212:1): state=initialized audit_enabled=0 res=1
apr 03 13:23:41 laptop01 kernel: thermal_sys: Registered thermal governor 'fair_share'
apr 03 13:23:41 laptop01 kernel: thermal_sys: Registered thermal governor 'bang_bang'
apr 03 13:23:41 laptop01 kernel: thermal_sys: Registered thermal governor 'step_wise'
apr 03 13:23:41 laptop01 kernel: thermal_sys: Registered thermal governor 'user_space'
apr 03 13:23:41 laptop01 kernel: thermal_sys: Registered thermal governor 'power_allocator'
apr 03 13:23:41 laptop01 kernel: cpuidle: using governor ladder
apr 03 13:23:41 laptop01 kernel: cpuidle: using governor menu
apr 03 13:23:41 laptop01 kernel: Simple Boot Flag at 0x44 set to 0x80
apr 03 13:23:41 laptop01 kernel: acpiphp: ACPI Hot Plug PCI Controller Driver version: 0.5
apr 03 13:23:41 laptop01 kernel: PCI: MMCONFIG for domain 0000 [bus 00-ff] at [mem 0xe0000000-0xefffffff] (base 0xe0000000)
apr 03 13:23:41 laptop01 kernel: PCI: MMCONFIG at [mem 0xe0000000-0xefffffff] reserved in E820
apr 03 13:23:41 laptop01 kernel: PCI: Using configuration type 1 for base access
apr 03 13:23:41 laptop01 kernel: kprobes: kprobe jump-optimization is enabled. All kprobes are optimized if possible.
apr 03 13:23:41 laptop01 kernel: HugeTLB: registered 1.00 GiB page size, pre-allocated 0 pages
apr 03 13:23:41 laptop01 kernel: HugeTLB: 16380 KiB vmemmap can be freed for a 1.00 GiB page
apr 03 13:23:41 laptop01 kernel: HugeTLB: registered 2.00 MiB page size, pre-allocated 0 pages
apr 03 13:23:41 laptop01 kernel: HugeTLB: 28 KiB vmemmap can be freed for a 2.00 MiB page
apr 03 13:23:41 laptop01 kernel: ACPI: Added _OSI(Module Device)
apr 03 13:23:41 laptop01 kernel: ACPI: Added _OSI(Processor Device)
apr 03 13:23:41 laptop01 kernel: ACPI: Added _OSI(3.0 _SCP Extensions)
apr 03 13:23:41 laptop01 kernel: ACPI: Added _OSI(Processor Aggregator Device)
apr 03 13:23:41 laptop01 kernel: ACPI: 30 ACPI AML tables successfully acquired and loaded
apr 03 13:23:41 laptop01 kernel: ACPI: USB4 _OSC: OS supports USB3+ DisplayPort+ PCIe+ XDomain+
apr 03 13:23:41 laptop01 kernel: ACPI: USB4 _OSC: OS controls USB3+ DisplayPort+ PCIe+ XDomain+
apr 03 13:23:41 laptop01 kernel: ACPI: EC: EC started
apr 03 13:23:41 laptop01 kernel: ACPI: EC: interrupt blocked
apr 03 13:23:41 laptop01 kernel: ACPI: EC: EC_CMD/EC_SC=0x66, EC_DATA=0x62
apr 03 13:23:41 laptop01 kernel: ACPI: \_SB_.PCI0.LPC0.EC0_: Boot DSDT EC used to handle transactions
apr 03 13:23:41 laptop01 kernel: ACPI: Interpreter enabled
apr 03 13:23:41 laptop01 kernel: ACPI: PM: (supports S0 S4 S5)
apr 03 13:23:41 laptop01 kernel: ACPI: Using IOAPIC for interrupt routing
apr 03 13:23:41 laptop01 kernel: PCI: Using host bridge windows from ACPI; if necessary, use "pci=nocrs" and report a bug
apr 03 13:23:41 laptop01 kernel: PCI: Ignoring E820 reservations for host bridge windows
apr 03 13:23:41 laptop01 kernel: ACPI: Enabled 3 GPEs in block 00 to 1F
apr 03 13:23:41 laptop01 kernel: ACPI: PM: Power Resource [PWSR]
apr 03 13:23:41 laptop01 kernel: ACPI: PM: Power Resource [P0NV]
apr 03 13:23:41 laptop01 kernel: ACPI: PM: Power Resource [PWRS]
apr 03 13:23:41 laptop01 kernel: ACPI: PM: Power Resource [PWRS]
apr 03 13:23:41 laptop01 kernel: ACPI: PM: Power Resource [PWRS]
apr 03 13:23:41 laptop01 kernel: ACPI: PM: Power Resource [PWRS]
apr 03 13:23:41 laptop01 kernel: ACPI: PM: Power Resource [PWRS]
apr 03 13:23:41 laptop01 kernel: ACPI: PM: Power Resource [PWRS]
apr 03 13:23:41 laptop01 kernel: ACPI: PM: Power Resource [PWRS]
apr 03 13:23:41 laptop01 kernel: ACPI: PM: Power Resource [PWRS]
apr 03 13:23:41 laptop01 kernel: ACPI: PM: Power Resource [PWRS]
apr 03 13:23:41 laptop01 kernel: ACPI: PM: Power Resource [PWRS]
apr 03 13:23:41 laptop01 kernel: ACPI: PM: Power Resource [PWRS]
apr 03 13:23:41 laptop01 kernel: ACPI: PM: Power Resource [PWRS]
apr 03 13:23:41 laptop01 kernel: ACPI: PM: Power Resource [PWRS]
apr 03 13:23:41 laptop01 kernel: ACPI: PM: Power Resource [PWRS]
apr 03 13:23:41 laptop01 kernel: ACPI: PM: Power Resource [PWRS]
apr 03 13:23:41 laptop01 kernel: ACPI: PM: Power Resource [PWRS]
apr 03 13:23:41 laptop01 kernel: ACPI: PM: Power Resource [PRWL]
apr 03 13:23:41 laptop01 kernel: ACPI: PM: Power Resource [PRWB]
apr 03 13:23:41 laptop01 kernel: ACPI: PCI Root Bridge [PCI0] (domain 0000 [bus 00-ff])
apr 03 13:23:41 laptop01 kernel: acpi PNP0A08:00: _OSC: OS supports [ExtendedConfig ASPM ClockPM Segments MSI HPX-Type3]
apr 03 13:23:41 laptop01 kernel: acpi PNP0A08:00: _OSC: platform does not support [SHPCHotplug AER]
apr 03 13:23:41 laptop01 kernel: acpi PNP0A08:00: _OSC: OS now controls [PCIeHotplug PME PCIeCapability LTR]
apr 03 13:23:41 laptop01 kernel: PCI host bridge to bus 0000:00
apr 03 13:23:41 laptop01 kernel: pci_bus 0000:00: root bus resource [io  0x0000-0x0cf7 window]
apr 03 13:23:41 laptop01 kernel: pci_bus 0000:00: root bus resource [io  0x0d00-0xffff window]
apr 03 13:23:41 laptop01 kernel: pci_bus 0000:00: root bus resource [mem 0x000a0000-0x000bffff window]
apr 03 13:23:41 laptop01 kernel: pci_bus 0000:00: root bus resource [mem 0x000c0000-0x000cffff window]
apr 03 13:23:41 laptop01 kernel: pci_bus 0000:00: root bus resource [mem 0x000d0000-0x000effff window]
apr 03 13:23:41 laptop01 kernel: pci_bus 0000:00: root bus resource [mem 0x60000000-0x90bfffff window]
apr 03 13:23:41 laptop01 kernel: pci_bus 0000:00: root bus resource [mem 0xf0000000-0xfec00000 window]
apr 03 13:23:41 laptop01 kernel: pci_bus 0000:00: root bus resource [mem 0xfed45000-0xfed814ff window]
apr 03 13:23:41 laptop01 kernel: pci_bus 0000:00: root bus resource [mem 0xfed81900-0xfed81fff window]
apr 03 13:23:41 laptop01 kernel: pci_bus 0000:00: root bus resource [mem 0xfedc0000-0xfedc0fff window]
apr 03 13:23:41 laptop01 kernel: pci_bus 0000:00: root bus resource [mem 0xfedc6000-0xfedc6fff window]
apr 03 13:23:41 laptop01 kernel: pci_bus 0000:00: root bus resource [mem 0x10c0200000-0x891fffffff window]
apr 03 13:23:41 laptop01 kernel: pci_bus 0000:00: root bus resource [bus 00-ff]
apr 03 13:23:41 laptop01 kernel: pci 0000:00:00.0: [1022:14e8] type 00 class 0x060000
apr 03 13:23:41 laptop01 kernel: pci 0000:00:00.2: [1022:14e9] type 00 class 0x080600
apr 03 13:23:41 laptop01 kernel: pci 0000:00:01.0: [1022:14ea] type 00 class 0x060000
apr 03 13:23:41 laptop01 kernel: pci 0000:00:02.0: [1022:14ea] type 00 class 0x060000
apr 03 13:23:41 laptop01 kernel: pci 0000:00:02.2: [1022:14ee] type 01 class 0x060400
apr 03 13:23:41 laptop01 kernel: pci 0000:00:02.2: PME# supported from D0 D3hot D3cold
apr 03 13:23:41 laptop01 kernel: pci 0000:00:02.4: [1022:14ee] type 01 class 0x060400
apr 03 13:23:41 laptop01 kernel: pci 0000:00:02.4: PME# supported from D0 D3hot D3cold
apr 03 13:23:41 laptop01 kernel: pci 0000:00:03.0: [1022:14ea] type 00 class 0x060000
apr 03 13:23:41 laptop01 kernel: pci 0000:00:03.1: [1022:14ef] type 01 class 0x060400
apr 03 13:23:41 laptop01 kernel: pci 0000:00:03.1: PME# supported from D0 D3hot D3cold
apr 03 13:23:41 laptop01 kernel: pci 0000:00:04.0: [1022:14ea] type 00 class 0x060000
apr 03 13:23:41 laptop01 kernel: pci 0000:00:04.1: [1022:14ef] type 01 class 0x060400
apr 03 13:23:41 laptop01 kernel: pci 0000:00:04.1: PME# supported from D0 D3hot D3cold
apr 03 13:23:41 laptop01 kernel: pci 0000:00:08.0: [1022:14ea] type 00 class 0x060000
apr 03 13:23:41 laptop01 kernel: pci 0000:00:08.1: [1022:14eb] type 01 class 0x060400
apr 03 13:23:41 laptop01 kernel: pci 0000:00:08.1: enabling Extended Tags
apr 03 13:23:41 laptop01 kernel: pci 0000:00:08.1: PME# supported from D0 D3hot D3cold
apr 03 13:23:41 laptop01 kernel: pci 0000:00:08.2: [1022:14eb] type 01 class 0x060400
apr 03 13:23:41 laptop01 kernel: pci 0000:00:08.2: enabling Extended Tags
apr 03 13:23:41 laptop01 kernel: pci 0000:00:08.2: PME# supported from D0 D3hot D3cold
apr 03 13:23:41 laptop01 kernel: pci 0000:00:08.3: [1022:14eb] type 01 class 0x060400
apr 03 13:23:41 laptop01 kernel: pci 0000:00:08.3: enabling Extended Tags
apr 03 13:23:41 laptop01 kernel: pci 0000:00:08.3: PME# supported from D0 D3hot D3cold
apr 03 13:23:41 laptop01 kernel: pci 0000:00:14.0: [1022:790b] type 00 class 0x0c0500
apr 03 13:23:41 laptop01 kernel: pci 0000:00:14.3: [1022:790e] type 00 class 0x060100
apr 03 13:23:41 laptop01 kernel: pci 0000:00:18.0: [1022:14f0] type 00 class 0x060000
apr 03 13:23:41 laptop01 kernel: pci 0000:00:18.1: [1022:14f1] type 00 class 0x060000
apr 03 13:23:41 laptop01 kernel: pci 0000:00:18.2: [1022:14f2] type 00 class 0x060000
apr 03 13:23:41 laptop01 kernel: pci 0000:00:18.3: [1022:14f3] type 00 class 0x060000
apr 03 13:23:41 laptop01 kernel: pci 0000:00:18.4: [1022:14f4] type 00 class 0x060000
apr 03 13:23:41 laptop01 kernel: pci 0000:00:18.5: [1022:14f5] type 00 class 0x060000
apr 03 13:23:41 laptop01 kernel: pci 0000:00:18.6: [1022:14f6] type 00 class 0x060000
apr 03 13:23:41 laptop01 kernel: pci 0000:00:18.7: [1022:14f7] type 00 class 0x060000
apr 03 13:23:41 laptop01 kernel: pci 0000:01:00.0: [14c3:0616] type 00 class 0x028000
apr 03 13:23:41 laptop01 kernel: pci 0000:01:00.0: reg 0x10: [mem 0x8810900000-0x88109fffff 64bit pref]
apr 03 13:23:41 laptop01 kernel: pci 0000:01:00.0: reg 0x18: [mem 0x90b00000-0x90b07fff 64bit]
apr 03 13:23:41 laptop01 kernel: pci 0000:01:00.0: PME# supported from D0 D3hot D3cold
apr 03 13:23:41 laptop01 kernel: pci 0000:00:02.2: PCI bridge to [bus 01]
apr 03 13:23:41 laptop01 kernel: pci 0000:00:02.2:   bridge window [mem 0x90b00000-0x90bfffff]
apr 03 13:23:41 laptop01 kernel: pci 0000:00:02.2:   bridge window [mem 0x8810900000-0x88109fffff 64bit pref]
apr 03 13:23:41 laptop01 kernel: pci 0000:02:00.0: [15b7:5017] type 00 class 0x010802
apr 03 13:23:41 laptop01 kernel: pci 0000:02:00.0: reg 0x10: [mem 0x90a00000-0x90a03fff 64bit]
apr 03 13:23:41 laptop01 kernel: pci 0000:00:02.4: PCI bridge to [bus 02]
apr 03 13:23:41 laptop01 kernel: pci 0000:00:02.4:   bridge window [mem 0x90a00000-0x90afffff]
apr 03 13:23:41 laptop01 kernel: pci 0000:00:03.1: PCI bridge to [bus 03-61]
apr 03 13:23:41 laptop01 kernel: pci 0000:00:03.1:   bridge window [io  0x6000-0x9fff]
apr 03 13:23:41 laptop01 kernel: pci 0000:00:03.1:   bridge window [mem 0x78000000-0x8fffffff]
apr 03 13:23:41 laptop01 kernel: pci 0000:00:03.1:   bridge window [mem 0x7800000000-0x87ffffffff 64bit pref]
apr 03 13:23:41 laptop01 kernel: pci 0000:00:04.1: PCI bridge to [bus 62-c0]
apr 03 13:23:41 laptop01 kernel: pci 0000:00:04.1:   bridge window [io  0x2000-0x5fff]
apr 03 13:23:41 laptop01 kernel: pci 0000:00:04.1:   bridge window [mem 0x60000000-0x77ffffff]
apr 03 13:23:41 laptop01 kernel: pci 0000:00:04.1:   bridge window [mem 0x6800000000-0x77ffffffff 64bit pref]
apr 03 13:23:41 laptop01 kernel: pci 0000:c1:00.0: [1002:15bf] type 00 class 0x030000
apr 03 13:23:41 laptop01 kernel: pci 0000:c1:00.0: reg 0x10: [mem 0x8800000000-0x880fffffff 64bit pref]
apr 03 13:23:41 laptop01 kernel: pci 0000:c1:00.0: reg 0x18: [mem 0x90000000-0x901fffff 64bit pref]
apr 03 13:23:41 laptop01 kernel: pci 0000:c1:00.0: reg 0x20: [io  0x1000-0x10ff]
apr 03 13:23:41 laptop01 kernel: pci 0000:c1:00.0: reg 0x24: [mem 0x90500000-0x9057ffff]
apr 03 13:23:41 laptop01 kernel: pci 0000:c1:00.0: enabling Extended Tags
apr 03 13:23:41 laptop01 kernel: pci 0000:c1:00.0: BAR 0: assigned to efifb
apr 03 13:23:41 laptop01 kernel: pci 0000:c1:00.0: PME# supported from D1 D2 D3hot D3cold
apr 03 13:23:41 laptop01 kernel: pci 0000:c1:00.1: [1002:1640] type 00 class 0x040300
apr 03 13:23:41 laptop01 kernel: pci 0000:c1:00.1: reg 0x10: [mem 0x905c8000-0x905cbfff]
apr 03 13:23:41 laptop01 kernel: pci 0000:c1:00.1: enabling Extended Tags
apr 03 13:23:41 laptop01 kernel: pci 0000:c1:00.1: PME# supported from D1 D2 D3hot D3cold
apr 03 13:23:41 laptop01 kernel: pci 0000:c1:00.2: [1022:15c7] type 00 class 0x108000
apr 03 13:23:41 laptop01 kernel: pci 0000:c1:00.2: reg 0x18: [mem 0x90400000-0x904fffff]
apr 03 13:23:41 laptop01 kernel: pci 0000:c1:00.2: reg 0x24: [mem 0x905cc000-0x905cdfff]
apr 03 13:23:41 laptop01 kernel: pci 0000:c1:00.2: enabling Extended Tags
apr 03 13:23:41 laptop01 kernel: pci 0000:c1:00.3: [1022:15b9] type 00 class 0x0c0330
apr 03 13:23:41 laptop01 kernel: pci 0000:c1:00.3: reg 0x10: [mem 0x90200000-0x902fffff 64bit]
apr 03 13:23:41 laptop01 kernel: pci 0000:c1:00.3: enabling Extended Tags
apr 03 13:23:41 laptop01 kernel: pci 0000:c1:00.3: PME# supported from D0 D3hot D3cold
apr 03 13:23:41 laptop01 kernel: pci 0000:c1:00.4: [1022:15ba] type 00 class 0x0c0330
apr 03 13:23:41 laptop01 kernel: pci 0000:c1:00.4: reg 0x10: [mem 0x90300000-0x903fffff 64bit]
apr 03 13:23:41 laptop01 kernel: pci 0000:c1:00.4: enabling Extended Tags
apr 03 13:23:41 laptop01 kernel: pci 0000:c1:00.4: PME# supported from D0 D3hot D3cold
apr 03 13:23:41 laptop01 kernel: pci 0000:c1:00.5: [1022:15e2] type 00 class 0x048000
apr 03 13:23:41 laptop01 kernel: pci 0000:c1:00.5: reg 0x10: [mem 0x90580000-0x905bffff]
apr 03 13:23:41 laptop01 kernel: pci 0000:c1:00.5: reg 0x18: [mem 0x8810000000-0x88107fffff 64bit pref]
apr 03 13:23:41 laptop01 kernel: pci 0000:c1:00.5: enabling Extended Tags
apr 03 13:23:41 laptop01 kernel: pci 0000:c1:00.5: PME# supported from D0 D3hot D3cold
apr 03 13:23:41 laptop01 kernel: pci 0000:c1:00.6: [1022:15e3] type 00 class 0x040300
apr 03 13:23:41 laptop01 kernel: pci 0000:c1:00.6: reg 0x10: [mem 0x905c0000-0x905c7fff]
apr 03 13:23:41 laptop01 kernel: pci 0000:c1:00.6: enabling Extended Tags
apr 03 13:23:41 laptop01 kernel: pci 0000:c1:00.6: PME# supported from D0 D3hot D3cold
apr 03 13:23:41 laptop01 kernel: pci 0000:00:08.1: PCI bridge to [bus c1]
apr 03 13:23:41 laptop01 kernel: pci 0000:00:08.1:   bridge window [io  0x1000-0x1fff]
apr 03 13:23:41 laptop01 kernel: pci 0000:00:08.1:   bridge window [mem 0x90000000-0x905fffff]
apr 03 13:23:41 laptop01 kernel: pci 0000:00:08.1:   bridge window [mem 0x8800000000-0x88107fffff 64bit pref]
apr 03 13:23:41 laptop01 kernel: pci 0000:c2:00.0: [1022:14ec] type 00 class 0x130000
apr 03 13:23:41 laptop01 kernel: pci 0000:c2:00.0: enabling Extended Tags
apr 03 13:23:41 laptop01 kernel: pci 0000:c2:00.0: PME# supported from D3hot D3cold
apr 03 13:23:41 laptop01 kernel: pci 0000:c2:00.1: [1022:1502] type 00 class 0x118000
apr 03 13:23:41 laptop01 kernel: pci 0000:c2:00.1: reg 0x10: [mem 0x90900000-0x9097ffff]
apr 03 13:23:41 laptop01 kernel: pci 0000:c2:00.1: reg 0x14: [mem 0x909c0000-0x909c1fff]
apr 03 13:23:41 laptop01 kernel: pci 0000:c2:00.1: reg 0x18: [mem 0x8810800000-0x881083ffff 64bit pref]
apr 03 13:23:41 laptop01 kernel: pci 0000:c2:00.1: reg 0x20: [mem 0x90980000-0x909bffff]
apr 03 13:23:41 laptop01 kernel: pci 0000:c2:00.1: enabling Extended Tags
apr 03 13:23:41 laptop01 kernel: pci 0000:00:08.2: PCI bridge to [bus c2]
apr 03 13:23:41 laptop01 kernel: pci 0000:00:08.2:   bridge window [mem 0x90900000-0x909fffff]
apr 03 13:23:41 laptop01 kernel: pci 0000:00:08.2:   bridge window [mem 0x8810800000-0x88108fffff 64bit pref]
apr 03 13:23:41 laptop01 kernel: pci 0000:c3:00.0: [1022:14ec] type 00 class 0x130000
apr 03 13:23:41 laptop01 kernel: pci 0000:c3:00.0: enabling Extended Tags
apr 03 13:23:41 laptop01 kernel: pci 0000:c3:00.3: [1022:15c0] type 00 class 0x0c0330
apr 03 13:23:41 laptop01 kernel: pci 0000:c3:00.3: reg 0x10: [mem 0x90600000-0x906fffff 64bit]
apr 03 13:23:41 laptop01 kernel: pci 0000:c3:00.3: enabling Extended Tags
apr 03 13:23:41 laptop01 kernel: pci 0000:c3:00.3: PME# supported from D0 D3hot D3cold
apr 03 13:23:41 laptop01 kernel: pci 0000:c3:00.4: [1022:15c1] type 00 class 0x0c0330
apr 03 13:23:41 laptop01 kernel: pci 0000:c3:00.4: reg 0x10: [mem 0x90700000-0x907fffff 64bit]
apr 03 13:23:41 laptop01 kernel: pci 0000:c3:00.4: enabling Extended Tags
apr 03 13:23:41 laptop01 kernel: pci 0000:c3:00.4: PME# supported from D0 D3hot D3cold
apr 03 13:23:41 laptop01 kernel: pci 0000:c3:00.5: [1022:1668] type 00 class 0x0c0340
apr 03 13:23:41 laptop01 kernel: pci 0000:c3:00.5: reg 0x10: [mem 0x90800000-0x9087ffff 64bit]
apr 03 13:23:41 laptop01 kernel: pci 0000:c3:00.5: Max Payload Size set to 128 (was 256, max 256)
apr 03 13:23:41 laptop01 kernel: pci 0000:c3:00.5: enabling Extended Tags
apr 03 13:23:41 laptop01 kernel: pci 0000:c3:00.5: PME# supported from D0 D3hot D3cold
apr 03 13:23:41 laptop01 kernel: pci 0000:c3:00.6: [1022:1669] type 00 class 0x0c0340
apr 03 13:23:41 laptop01 kernel: pci 0000:c3:00.6: reg 0x10: [mem 0x90880000-0x908fffff 64bit]
apr 03 13:23:41 laptop01 kernel: pci 0000:c3:00.6: Max Payload Size set to 128 (was 256, max 256)
apr 03 13:23:41 laptop01 kernel: pci 0000:c3:00.6: enabling Extended Tags
apr 03 13:23:41 laptop01 kernel: pci 0000:c3:00.6: PME# supported from D0 D3hot D3cold
apr 03 13:23:41 laptop01 kernel: pci 0000:00:08.3: PCI bridge to [bus c3]
apr 03 13:23:41 laptop01 kernel: pci 0000:00:08.3:   bridge window [mem 0x90600000-0x908fffff]
apr 03 13:23:41 laptop01 kernel: ACPI: PCI: Interrupt link LNKA configured for IRQ 0
apr 03 13:23:41 laptop01 kernel: ACPI: PCI: Interrupt link LNKA disabled
apr 03 13:23:41 laptop01 kernel: ACPI: PCI: Interrupt link LNKB configured for IRQ 0
apr 03 13:23:41 laptop01 kernel: ACPI: PCI: Interrupt link LNKB disabled
apr 03 13:23:41 laptop01 kernel: ACPI: PCI: Interrupt link LNKC configured for IRQ 0
apr 03 13:23:41 laptop01 kernel: ACPI: PCI: Interrupt link LNKC disabled
apr 03 13:23:41 laptop01 kernel: ACPI: PCI: Interrupt link LNKD configured for IRQ 0
apr 03 13:23:41 laptop01 kernel: ACPI: PCI: Interrupt link LNKD disabled
apr 03 13:23:41 laptop01 kernel: ACPI: PCI: Interrupt link LNKE configured for IRQ 0
apr 03 13:23:41 laptop01 kernel: ACPI: PCI: Interrupt link LNKE disabled
apr 03 13:23:41 laptop01 kernel: ACPI: PCI: Interrupt link LNKF configured for IRQ 0
apr 03 13:23:41 laptop01 kernel: ACPI: PCI: Interrupt link LNKF disabled
apr 03 13:23:41 laptop01 kernel: ACPI: PCI: Interrupt link LNKG configured for IRQ 0
apr 03 13:23:41 laptop01 kernel: ACPI: PCI: Interrupt link LNKG disabled
apr 03 13:23:41 laptop01 kernel: ACPI: PCI: Interrupt link LNKH configured for IRQ 0
apr 03 13:23:41 laptop01 kernel: ACPI: PCI: Interrupt link LNKH disabled
apr 03 13:23:41 laptop01 kernel: Low-power S0 idle used by default for system suspend
apr 03 13:23:41 laptop01 kernel: ACPI: EC: interrupt unblocked
apr 03 13:23:41 laptop01 kernel: ACPI: EC: event unblocked
apr 03 13:23:41 laptop01 kernel: ACPI: EC: EC_CMD/EC_SC=0x66, EC_DATA=0x62
apr 03 13:23:41 laptop01 kernel: ACPI: EC: GPE=0xb
apr 03 13:23:41 laptop01 kernel: ACPI: \_SB_.PCI0.LPC0.EC0_: Boot DSDT EC initialization complete
apr 03 13:23:41 laptop01 kernel: ACPI: \_SB_.PCI0.LPC0.EC0_: EC: Used to handle transactions and events
apr 03 13:23:41 laptop01 kernel: iommu: Default domain type: Translated 
apr 03 13:23:41 laptop01 kernel: iommu: DMA domain TLB invalidation policy: lazy mode 
apr 03 13:23:41 laptop01 kernel: pps_core: LinuxPPS API ver. 1 registered
apr 03 13:23:41 laptop01 kernel: pps_core: Software ver. 5.3.6 - Copyright 2005-2007 Rodolfo Giometti <giometti@linux.it>
apr 03 13:23:41 laptop01 kernel: PTP clock support registered
apr 03 13:23:41 laptop01 kernel: EDAC MC: Ver: 3.0.0
apr 03 13:23:41 laptop01 kernel: Registered efivars operations
apr 03 13:23:41 laptop01 kernel: NetLabel: Initializing
apr 03 13:23:41 laptop01 kernel: NetLabel:  domain hash size = 128
apr 03 13:23:41 laptop01 kernel: NetLabel:  protocols = UNLABELED CIPSOv4 CALIPSO
apr 03 13:23:41 laptop01 kernel: NetLabel:  unlabeled traffic allowed by default
apr 03 13:23:41 laptop01 kernel: PCI: Using ACPI for IRQ routing
apr 03 13:23:41 laptop01 kernel: PCI: pci_cache_line_size set to 64 bytes
apr 03 13:23:41 laptop01 kernel: Expanded resource Reserved due to conflict with PCI Bus 0000:00
apr 03 13:23:41 laptop01 kernel: Expanded resource Reserved due to conflict with PCI Bus 0000:00
apr 03 13:23:41 laptop01 kernel: e820: reserve RAM buffer [mem 0x0009f000-0x0009ffff]
apr 03 13:23:41 laptop01 kernel: e820: reserve RAM buffer [mem 0x09b00000-0x0bffffff]
apr 03 13:23:41 laptop01 kernel: e820: reserve RAM buffer [mem 0x09f00000-0x0bffffff]
apr 03 13:23:41 laptop01 kernel: e820: reserve RAM buffer [mem 0x47ce4018-0x47ffffff]
apr 03 13:23:41 laptop01 kernel: e820: reserve RAM buffer [mem 0x49b50000-0x4bffffff]
apr 03 13:23:41 laptop01 kernel: e820: reserve RAM buffer [mem 0x4bd69000-0x4bffffff]
apr 03 13:23:41 laptop01 kernel: e820: reserve RAM buffer [mem 0x4bd6f000-0x4bffffff]
apr 03 13:23:41 laptop01 kernel: e820: reserve RAM buffer [mem 0x52e6d000-0x53ffffff]
apr 03 13:23:41 laptop01 kernel: e820: reserve RAM buffer [mem 0x54976000-0x57ffffff]
apr 03 13:23:41 laptop01 kernel: e820: reserve RAM buffer [mem 0x57f7f000-0x57ffffff]
apr 03 13:23:41 laptop01 kernel: e820: reserve RAM buffer [mem 0x5b000000-0x5bffffff]
apr 03 13:23:41 laptop01 kernel: e820: reserve RAM buffer [mem 0x101e300000-0x101fffffff]
apr 03 13:23:41 laptop01 kernel: pci 0000:c1:00.0: vgaarb: setting as boot VGA device
apr 03 13:23:41 laptop01 kernel: pci 0000:c1:00.0: vgaarb: bridge control possible
apr 03 13:23:41 laptop01 kernel: pci 0000:c1:00.0: vgaarb: VGA device added: decodes=io+mem,owns=none,locks=none
apr 03 13:23:41 laptop01 kernel: vgaarb: loaded
apr 03 13:23:41 laptop01 kernel: hpet0: at MMIO 0xfed00000, IRQs 2, 8, 0
apr 03 13:23:41 laptop01 kernel: hpet0: 3 comparators, 32-bit 14.318180 MHz counter
apr 03 13:23:41 laptop01 kernel: clocksource: Switched to clocksource tsc-early
apr 03 13:23:41 laptop01 kernel: VFS: Disk quotas dquot_6.6.0
apr 03 13:23:41 laptop01 kernel: VFS: Dquot-cache hash table entries: 512 (order 0, 4096 bytes)
apr 03 13:23:41 laptop01 kernel: AppArmor: AppArmor Filesystem Enabled
apr 03 13:23:41 laptop01 kernel: pnp: PnP ACPI init
apr 03 13:23:41 laptop01 kernel: system 00:00: [mem 0xfec00000-0xfec01fff] could not be reserved
apr 03 13:23:41 laptop01 kernel: system 00:00: [mem 0xfee00000-0xfee00fff] has been reserved
apr 03 13:23:41 laptop01 kernel: system 00:02: [io  0x0400-0x04cf] has been reserved
apr 03 13:23:41 laptop01 kernel: system 00:02: [io  0x04d0-0x04d1] has been reserved
apr 03 13:23:41 laptop01 kernel: system 00:02: [io  0x04d6] has been reserved
apr 03 13:23:41 laptop01 kernel: system 00:02: [io  0x0c00-0x0c01] has been reserved
apr 03 13:23:41 laptop01 kernel: system 00:02: [io  0x0c14] has been reserved
apr 03 13:23:41 laptop01 kernel: system 00:02: [io  0x0c50-0x0c52] has been reserved
apr 03 13:23:41 laptop01 kernel: system 00:02: [io  0x0c6c] has been reserved
apr 03 13:23:41 laptop01 kernel: system 00:02: [io  0x0c6f] has been reserved
apr 03 13:23:41 laptop01 kernel: system 00:02: [io  0x0cd0-0x0cdb] has been reserved
apr 03 13:23:41 laptop01 kernel: system 00:03: [mem 0x000e0000-0x000fffff] could not be reserved
apr 03 13:23:41 laptop01 kernel: system 00:03: [mem 0xfe000000-0xffffffff] could not be reserved
apr 03 13:23:41 laptop01 kernel: pnp: PnP ACPI: found 5 devices
apr 03 13:23:41 laptop01 kernel: clocksource: acpi_pm: mask: 0xffffff max_cycles: 0xffffff, max_idle_ns: 2085701024 ns
apr 03 13:23:41 laptop01 kernel: NET: Registered PF_INET protocol family
apr 03 13:23:41 laptop01 kernel: IP idents hash table entries: 262144 (order: 9, 2097152 bytes, linear)
apr 03 13:23:41 laptop01 kernel: tcp_listen_portaddr_hash hash table entries: 32768 (order: 7, 524288 bytes, linear)
apr 03 13:23:41 laptop01 kernel: Table-perturb hash table entries: 65536 (order: 6, 262144 bytes, linear)
apr 03 13:23:41 laptop01 kernel: TCP established hash table entries: 524288 (order: 10, 4194304 bytes, linear)
apr 03 13:23:41 laptop01 kernel: TCP bind hash table entries: 65536 (order: 9, 2097152 bytes, linear)
apr 03 13:23:41 laptop01 kernel: TCP: Hash tables configured (established 524288 bind 65536)
apr 03 13:23:41 laptop01 kernel: MPTCP token hash table entries: 65536 (order: 8, 1572864 bytes, linear)
apr 03 13:23:41 laptop01 kernel: UDP hash table entries: 32768 (order: 8, 1048576 bytes, linear)
apr 03 13:23:41 laptop01 kernel: UDP-Lite hash table entries: 32768 (order: 8, 1048576 bytes, linear)
apr 03 13:23:41 laptop01 kernel: NET: Registered PF_UNIX/PF_LOCAL protocol family
apr 03 13:23:41 laptop01 kernel: NET: Registered PF_XDP protocol family
apr 03 13:23:41 laptop01 kernel: pci 0000:00:02.2: PCI bridge to [bus 01]
apr 03 13:23:41 laptop01 kernel: pci 0000:00:02.2:   bridge window [mem 0x90b00000-0x90bfffff]
apr 03 13:23:41 laptop01 kernel: pci 0000:00:02.2:   bridge window [mem 0x8810900000-0x88109fffff 64bit pref]
apr 03 13:23:41 laptop01 kernel: pci 0000:00:02.4: PCI bridge to [bus 02]
apr 03 13:23:41 laptop01 kernel: pci 0000:00:02.4:   bridge window [mem 0x90a00000-0x90afffff]
apr 03 13:23:41 laptop01 kernel: pci 0000:00:03.1: PCI bridge to [bus 03-61]
apr 03 13:23:41 laptop01 kernel: pci 0000:00:03.1:   bridge window [io  0x6000-0x9fff]
apr 03 13:23:41 laptop01 kernel: pci 0000:00:03.1:   bridge window [mem 0x78000000-0x8fffffff]
apr 03 13:23:41 laptop01 kernel: pci 0000:00:03.1:   bridge window [mem 0x7800000000-0x87ffffffff 64bit pref]
apr 03 13:23:41 laptop01 kernel: pci 0000:00:04.1: PCI bridge to [bus 62-c0]
apr 03 13:23:41 laptop01 kernel: pci 0000:00:04.1:   bridge window [io  0x2000-0x5fff]
apr 03 13:23:41 laptop01 kernel: pci 0000:00:04.1:   bridge window [mem 0x60000000-0x77ffffff]
apr 03 13:23:41 laptop01 kernel: pci 0000:00:04.1:   bridge window [mem 0x6800000000-0x77ffffffff 64bit pref]
apr 03 13:23:41 laptop01 kernel: pci 0000:00:08.1: PCI bridge to [bus c1]
apr 03 13:23:41 laptop01 kernel: pci 0000:00:08.1:   bridge window [io  0x1000-0x1fff]
apr 03 13:23:41 laptop01 kernel: pci 0000:00:08.1:   bridge window [mem 0x90000000-0x905fffff]
apr 03 13:23:41 laptop01 kernel: pci 0000:00:08.1:   bridge window [mem 0x8800000000-0x88107fffff 64bit pref]
apr 03 13:23:41 laptop01 kernel: pci 0000:00:08.2: PCI bridge to [bus c2]
apr 03 13:23:41 laptop01 kernel: pci 0000:00:08.2:   bridge window [mem 0x90900000-0x909fffff]
apr 03 13:23:41 laptop01 kernel: pci 0000:00:08.2:   bridge window [mem 0x8810800000-0x88108fffff 64bit pref]
apr 03 13:23:41 laptop01 kernel: pci 0000:00:08.3: PCI bridge to [bus c3]
apr 03 13:23:41 laptop01 kernel: pci 0000:00:08.3:   bridge window [mem 0x90600000-0x908fffff]
apr 03 13:23:41 laptop01 kernel: pci_bus 0000:00: resource 4 [io  0x0000-0x0cf7 window]
apr 03 13:23:41 laptop01 kernel: pci_bus 0000:00: resource 5 [io  0x0d00-0xffff window]
apr 03 13:23:41 laptop01 kernel: pci_bus 0000:00: resource 6 [mem 0x000a0000-0x000bffff window]
apr 03 13:23:41 laptop01 kernel: pci_bus 0000:00: resource 7 [mem 0x000c0000-0x000cffff window]
apr 03 13:23:41 laptop01 kernel: pci_bus 0000:00: resource 8 [mem 0x000d0000-0x000effff window]
apr 03 13:23:41 laptop01 kernel: pci_bus 0000:00: resource 9 [mem 0x60000000-0x90bfffff window]
apr 03 13:23:41 laptop01 kernel: pci_bus 0000:00: resource 10 [mem 0xf0000000-0xfec00000 window]
apr 03 13:23:41 laptop01 kernel: pci_bus 0000:00: resource 11 [mem 0xfed45000-0xfed814ff window]
apr 03 13:23:41 laptop01 kernel: pci_bus 0000:00: resource 12 [mem 0xfed81900-0xfed81fff window]
apr 03 13:23:41 laptop01 kernel: pci_bus 0000:00: resource 13 [mem 0xfedc0000-0xfedc0fff window]
apr 03 13:23:41 laptop01 kernel: pci_bus 0000:00: resource 14 [mem 0xfedc6000-0xfedc6fff window]
apr 03 13:23:41 laptop01 kernel: pci_bus 0000:00: resource 15 [mem 0x10c0200000-0x891fffffff window]
apr 03 13:23:41 laptop01 kernel: pci_bus 0000:01: resource 1 [mem 0x90b00000-0x90bfffff]
apr 03 13:23:41 laptop01 kernel: pci_bus 0000:01: resource 2 [mem 0x8810900000-0x88109fffff 64bit pref]
apr 03 13:23:41 laptop01 kernel: pci_bus 0000:02: resource 1 [mem 0x90a00000-0x90afffff]
apr 03 13:23:41 laptop01 kernel: pci_bus 0000:03: resource 0 [io  0x6000-0x9fff]
apr 03 13:23:41 laptop01 kernel: pci_bus 0000:03: resource 1 [mem 0x78000000-0x8fffffff]
apr 03 13:23:41 laptop01 kernel: pci_bus 0000:03: resource 2 [mem 0x7800000000-0x87ffffffff 64bit pref]
apr 03 13:23:41 laptop01 kernel: pci_bus 0000:62: resource 0 [io  0x2000-0x5fff]
apr 03 13:23:41 laptop01 kernel: pci_bus 0000:62: resource 1 [mem 0x60000000-0x77ffffff]
apr 03 13:23:41 laptop01 kernel: pci_bus 0000:62: resource 2 [mem 0x6800000000-0x77ffffffff 64bit pref]
apr 03 13:23:41 laptop01 kernel: pci_bus 0000:c1: resource 0 [io  0x1000-0x1fff]
apr 03 13:23:41 laptop01 kernel: pci_bus 0000:c1: resource 1 [mem 0x90000000-0x905fffff]
apr 03 13:23:41 laptop01 kernel: pci_bus 0000:c1: resource 2 [mem 0x8800000000-0x88107fffff 64bit pref]
apr 03 13:23:41 laptop01 kernel: pci_bus 0000:c2: resource 1 [mem 0x90900000-0x909fffff]
apr 03 13:23:41 laptop01 kernel: pci_bus 0000:c2: resource 2 [mem 0x8810800000-0x88108fffff 64bit pref]
apr 03 13:23:41 laptop01 kernel: pci_bus 0000:c3: resource 1 [mem 0x90600000-0x908fffff]
apr 03 13:23:41 laptop01 kernel: pci 0000:c1:00.1: D0 power state depends on 0000:c1:00.0
apr 03 13:23:41 laptop01 kernel: pci 0000:c1:00.3: enabling device (0000 -> 0002)
apr 03 13:23:41 laptop01 kernel: pci 0000:c1:00.4: enabling device (0000 -> 0002)
apr 03 13:23:41 laptop01 kernel: pci 0000:c3:00.3: enabling device (0000 -> 0002)
apr 03 13:23:41 laptop01 kernel: pci 0000:c3:00.4: enabling device (0000 -> 0002)
apr 03 13:23:41 laptop01 kernel: PCI: CLS 64 bytes, default 64
apr 03 13:23:41 laptop01 kernel: pci 0000:00:00.2: AMD-Vi: IOMMU performance counters supported
apr 03 13:23:41 laptop01 kernel: pci 0000:00:01.0: Adding to iommu group 0
apr 03 13:23:41 laptop01 kernel: pci 0000:00:02.0: Adding to iommu group 1
apr 03 13:23:41 laptop01 kernel: Trying to unpack rootfs image as initramfs...
apr 03 13:23:41 laptop01 kernel: pci 0000:00:02.2: Adding to iommu group 2
apr 03 13:23:41 laptop01 kernel: pci 0000:00:02.4: Adding to iommu group 3
apr 03 13:23:41 laptop01 kernel: pci 0000:00:03.0: Adding to iommu group 4
apr 03 13:23:41 laptop01 kernel: pci 0000:00:03.1: Adding to iommu group 4
apr 03 13:23:41 laptop01 kernel: pci 0000:00:04.0: Adding to iommu group 5
apr 03 13:23:41 laptop01 kernel: pci 0000:00:04.1: Adding to iommu group 5
apr 03 13:23:41 laptop01 kernel: pci 0000:00:08.0: Adding to iommu group 6
apr 03 13:23:41 laptop01 kernel: pci 0000:00:08.1: Adding to iommu group 7
apr 03 13:23:41 laptop01 kernel: pci 0000:00:08.2: Adding to iommu group 8
apr 03 13:23:41 laptop01 kernel: pci 0000:00:08.3: Adding to iommu group 9
apr 03 13:23:41 laptop01 kernel: pci 0000:00:14.0: Adding to iommu group 10
apr 03 13:23:41 laptop01 kernel: pci 0000:00:14.3: Adding to iommu group 10
apr 03 13:23:41 laptop01 kernel: pci 0000:00:18.0: Adding to iommu group 11
apr 03 13:23:41 laptop01 kernel: pci 0000:00:18.1: Adding to iommu group 11
apr 03 13:23:41 laptop01 kernel: pci 0000:00:18.2: Adding to iommu group 11
apr 03 13:23:41 laptop01 kernel: pci 0000:00:18.3: Adding to iommu group 11
apr 03 13:23:41 laptop01 kernel: pci 0000:00:18.4: Adding to iommu group 11
apr 03 13:23:41 laptop01 kernel: pci 0000:00:18.5: Adding to iommu group 11
apr 03 13:23:41 laptop01 kernel: pci 0000:00:18.6: Adding to iommu group 11
apr 03 13:23:41 laptop01 kernel: pci 0000:00:18.7: Adding to iommu group 11
apr 03 13:23:41 laptop01 kernel: pci 0000:01:00.0: Adding to iommu group 12
apr 03 13:23:41 laptop01 kernel: pci 0000:02:00.0: Adding to iommu group 13
apr 03 13:23:41 laptop01 kernel: pci 0000:c1:00.0: Adding to iommu group 14
apr 03 13:23:41 laptop01 kernel: pci 0000:c1:00.1: Adding to iommu group 15
apr 03 13:23:41 laptop01 kernel: pci 0000:c1:00.2: Adding to iommu group 16
apr 03 13:23:41 laptop01 kernel: pci 0000:c1:00.3: Adding to iommu group 17
apr 03 13:23:41 laptop01 kernel: pci 0000:c1:00.4: Adding to iommu group 18
apr 03 13:23:41 laptop01 kernel: pci 0000:c1:00.5: Adding to iommu group 19
apr 03 13:23:41 laptop01 kernel: pci 0000:c1:00.6: Adding to iommu group 20
apr 03 13:23:41 laptop01 kernel: pci 0000:c2:00.0: Adding to iommu group 21
apr 03 13:23:41 laptop01 kernel: pci 0000:c2:00.1: Adding to iommu group 22
apr 03 13:23:41 laptop01 kernel: pci 0000:c3:00.0: Adding to iommu group 23
apr 03 13:23:41 laptop01 kernel: pci 0000:c3:00.3: Adding to iommu group 24
apr 03 13:23:41 laptop01 kernel: pci 0000:c3:00.4: Adding to iommu group 25
apr 03 13:23:41 laptop01 kernel: pci 0000:c3:00.5: Adding to iommu group 26
apr 03 13:23:41 laptop01 kernel: pci 0000:c3:00.6: Adding to iommu group 27
apr 03 13:23:41 laptop01 kernel: pci 0000:00:00.2: AMD-Vi: Found IOMMU cap 0x40
apr 03 13:23:41 laptop01 kernel: AMD-Vi: Extended features (0x246577efa2054ada, 0x0): PPR NX GT IA GA PC
apr 03 13:23:41 laptop01 kernel: AMD-Vi: Interrupt remapping enabled
apr 03 13:23:41 laptop01 kernel: PCI-DMA: Using software bounce buffering for IO (SWIOTLB)
apr 03 13:23:41 laptop01 kernel: software IO TLB: mapped [mem 0x000000004db0e000-0x0000000051b0e000] (64MB)
apr 03 13:23:41 laptop01 kernel: LVT offset 0 assigned for vector 0x400
apr 03 13:23:41 laptop01 kernel: perf: AMD IBS detected (0x00000bff)
apr 03 13:23:41 laptop01 kernel: amd_uncore: 4  amd_df counters detected
apr 03 13:23:41 laptop01 kernel: amd_uncore: 6  amd_l3 counters detected
apr 03 13:23:41 laptop01 kernel: perf/amd_iommu: Detected AMD IOMMU #0 (2 banks, 4 counters/bank).
apr 03 13:23:41 laptop01 kernel: Initialise system trusted keyrings
apr 03 13:23:41 laptop01 kernel: Key type blacklist registered
apr 03 13:23:41 laptop01 kernel: workingset: timestamp_bits=36 max_order=24 bucket_order=0
apr 03 13:23:41 laptop01 kernel: zbud: loaded
apr 03 13:23:41 laptop01 kernel: integrity: Platform Keyring initialized
apr 03 13:23:41 laptop01 kernel: integrity: Machine keyring initialized
apr 03 13:23:41 laptop01 kernel: Key type asymmetric registered
apr 03 13:23:41 laptop01 kernel: Asymmetric key parser 'x509' registered
apr 03 13:23:41 laptop01 kernel: Freeing initrd memory: 71312K
apr 03 13:23:41 laptop01 kernel: alg: self-tests for CTR-KDF (hmac(sha256)) passed
apr 03 13:23:41 laptop01 kernel: Block layer SCSI generic (bsg) driver version 0.4 loaded (major 248)
apr 03 13:23:41 laptop01 kernel: io scheduler mq-deadline registered
apr 03 13:23:41 laptop01 kernel: pcieport 0000:00:02.2: PME: Signaling with IRQ 38
apr 03 13:23:41 laptop01 kernel: pcieport 0000:00:02.4: PME: Signaling with IRQ 39
apr 03 13:23:41 laptop01 kernel: pcieport 0000:00:03.1: PME: Signaling with IRQ 40
apr 03 13:23:41 laptop01 kernel: pcieport 0000:00:03.1: pciehp: Slot #0 AttnBtn- PwrCtrl- MRL- AttnInd- PwrInd- HotPlug+ Surprise+ Interlock- NoCompl+ IbPresDis- LLActRep+
apr 03 13:23:41 laptop01 kernel: pcieport 0000:00:04.1: PME: Signaling with IRQ 41
apr 03 13:23:41 laptop01 kernel: pcieport 0000:00:04.1: pciehp: Slot #0 AttnBtn- PwrCtrl- MRL- AttnInd- PwrInd- HotPlug+ Surprise+ Interlock- NoCompl+ IbPresDis- LLActRep+
apr 03 13:23:41 laptop01 kernel: pcieport 0000:00:08.1: PME: Signaling with IRQ 42
apr 03 13:23:41 laptop01 kernel: pcieport 0000:00:08.2: PME: Signaling with IRQ 43
apr 03 13:23:41 laptop01 kernel: pcieport 0000:00:08.3: PME: Signaling with IRQ 44
apr 03 13:23:41 laptop01 kernel: shpchp: Standard Hot Plug PCI Controller Driver version: 0.4
apr 03 13:23:41 laptop01 kernel: Estimated ratio of average max frequency by base frequency (times 1024): 1458
apr 03 13:23:41 laptop01 kernel: Monitor-Mwait will be used to enter C-1 state
apr 03 13:23:41 laptop01 kernel: ACPI: \_SB_.PLTF.C000: Found 3 idle states
apr 03 13:23:41 laptop01 kernel: ACPI: \_SB_.PLTF.C001: Found 3 idle states
apr 03 13:23:41 laptop01 kernel: ACPI: \_SB_.PLTF.C002: Found 3 idle states
apr 03 13:23:41 laptop01 kernel: ACPI: \_SB_.PLTF.C003: Found 3 idle states
apr 03 13:23:41 laptop01 kernel: ACPI: \_SB_.PLTF.C004: Found 3 idle states
apr 03 13:23:41 laptop01 kernel: ACPI: \_SB_.PLTF.C005: Found 3 idle states
apr 03 13:23:41 laptop01 kernel: ACPI: \_SB_.PLTF.C006: Found 3 idle states
apr 03 13:23:41 laptop01 kernel: ACPI: \_SB_.PLTF.C007: Found 3 idle states
apr 03 13:23:41 laptop01 kernel: ACPI: \_SB_.PLTF.C008: Found 3 idle states
apr 03 13:23:41 laptop01 kernel: ACPI: \_SB_.PLTF.C009: Found 3 idle states
apr 03 13:23:41 laptop01 kernel: ACPI: \_SB_.PLTF.C00A: Found 3 idle states
apr 03 13:23:41 laptop01 kernel: ACPI: \_SB_.PLTF.C00B: Found 3 idle states
apr 03 13:23:41 laptop01 kernel: thermal LNXTHERM:00: registered as thermal_zone0
apr 03 13:23:41 laptop01 kernel: ACPI: thermal: Thermal Zone [TZ00] (44 C)
apr 03 13:23:41 laptop01 kernel: thermal LNXTHERM:01: registered as thermal_zone1
apr 03 13:23:41 laptop01 kernel: ACPI: thermal: Thermal Zone [TZ01] (42 C)
apr 03 13:23:41 laptop01 kernel: thermal LNXTHERM:02: registered as thermal_zone2
apr 03 13:23:41 laptop01 kernel: ACPI: thermal: Thermal Zone [TZ02] (42 C)
apr 03 13:23:41 laptop01 kernel: thermal LNXTHERM:03: registered as thermal_zone3
apr 03 13:23:41 laptop01 kernel: ACPI: thermal: Thermal Zone [TZ03] (72 C)
apr 03 13:23:41 laptop01 kernel: Serial: 8250/16550 driver, 4 ports, IRQ sharing enabled
apr 03 13:23:41 laptop01 kernel: Linux agpgart interface v0.103
apr 03 13:23:41 laptop01 kernel: AMD-Vi: AMD IOMMUv2 loaded and initialized
apr 03 13:23:41 laptop01 kernel: i8042: PNP: PS/2 Controller [PNP0303:KBC0] at 0x60,0x64 irq 1
apr 03 13:23:41 laptop01 kernel: i8042: PNP: PS/2 appears to have AUX port disabled, if this is incorrect please boot with i8042.nopnp
apr 03 13:23:41 laptop01 kernel: i8042: Warning: Keylock active
apr 03 13:23:41 laptop01 kernel: serio: i8042 KBD port at 0x60,0x64 irq 1
apr 03 13:23:41 laptop01 kernel: mousedev: PS/2 mouse device common for all mice
apr 03 13:23:41 laptop01 kernel: rtc_cmos 00:01: RTC can wake from S4
apr 03 13:23:41 laptop01 kernel: rtc_cmos 00:01: registered as rtc0
apr 03 13:23:41 laptop01 kernel: rtc_cmos 00:01: setting system clock to 2025-04-03T11:23:11 UTC (1743679391)
apr 03 13:23:41 laptop01 kernel: rtc_cmos 00:01: alarms up to one month, 114 bytes nvram
apr 03 13:23:41 laptop01 kernel: ledtrig-cpu: registered to indicate activity on CPUs
apr 03 13:23:41 laptop01 kernel: efifb: probing for efifb
apr 03 13:23:41 laptop01 kernel: efifb: framebuffer at 0x8800000000, using 21600k, total 21600k
apr 03 13:23:41 laptop01 kernel: efifb: mode is 2880x1920x32, linelength=11520, pages=1
apr 03 13:23:41 laptop01 kernel: efifb: scrolling: redraw
apr 03 13:23:41 laptop01 kernel: efifb: Truecolor: size=8:8:8:8, shift=24:16:8:0
apr 03 13:23:41 laptop01 kernel: Console: switching to colour frame buffer device 180x60
apr 03 13:23:41 laptop01 kernel: fb0: EFI VGA frame buffer device
apr 03 13:23:41 laptop01 kernel: input: AT Translated Set 2 keyboard as /devices/platform/i8042/serio0/input/input0
apr 03 13:23:41 laptop01 kernel: NET: Registered PF_INET6 protocol family
apr 03 13:23:41 laptop01 kernel: Segment Routing with IPv6
apr 03 13:23:41 laptop01 kernel: In-situ OAM (IOAM) with IPv6
apr 03 13:23:41 laptop01 kernel: mip6: Mobile IPv6
apr 03 13:23:41 laptop01 kernel: NET: Registered PF_PACKET protocol family
apr 03 13:23:41 laptop01 kernel: mpls_gso: MPLS GSO support
apr 03 13:23:41 laptop01 kernel: microcode: CPU0: patch_level=0x0a704107
apr 03 13:23:41 laptop01 kernel: microcode: CPU1: patch_level=0x0a704107
apr 03 13:23:41 laptop01 kernel: microcode: CPU2: patch_level=0x0a704107
apr 03 13:23:41 laptop01 kernel: microcode: CPU3: patch_level=0x0a704107
apr 03 13:23:41 laptop01 kernel: microcode: CPU4: patch_level=0x0a704107
apr 03 13:23:41 laptop01 kernel: microcode: CPU5: patch_level=0x0a704107
apr 03 13:23:41 laptop01 kernel: microcode: CPU6: patch_level=0x0a704107
apr 03 13:23:41 laptop01 kernel: microcode: CPU7: patch_level=0x0a704107
apr 03 13:23:41 laptop01 kernel: microcode: CPU8: patch_level=0x0a704107
apr 03 13:23:41 laptop01 kernel: microcode: CPU9: patch_level=0x0a704107
apr 03 13:23:41 laptop01 kernel: microcode: CPU10: patch_level=0x0a704107
apr 03 13:23:41 laptop01 kernel: microcode: CPU11: patch_level=0x0a704107
apr 03 13:23:41 laptop01 kernel: microcode: Microcode Update Driver: v2.2.
apr 03 13:23:41 laptop01 kernel: resctrl: L3 allocation detected
apr 03 13:23:41 laptop01 kernel: resctrl: MB allocation detected
apr 03 13:23:41 laptop01 kernel: resctrl: L3 monitoring detected
apr 03 13:23:41 laptop01 kernel: IPI shorthand broadcast: enabled
apr 03 13:23:41 laptop01 kernel: sched_clock: Marking stable (721913373, 319108)->(726826961, -4594480)
apr 03 13:23:41 laptop01 kernel: registered taskstats version 1
apr 03 13:23:41 laptop01 kernel: Loading compiled-in X.509 certificates
apr 03 13:23:41 laptop01 kernel: Loaded X.509 cert 'Debian Secure Boot CA: 6ccece7e4c6c0d1f6149f3dd27dfcc5cbb419ea1'
apr 03 13:23:41 laptop01 kernel: Loaded X.509 cert 'Debian Secure Boot Signer 2022 - linux: 14011249c2675ea8e5148542202005810584b25f'
apr 03 13:23:41 laptop01 kernel: zswap: loaded using pool lzo/zbud
apr 03 13:23:41 laptop01 kernel: Key type .fscrypt registered
apr 03 13:23:41 laptop01 kernel: Key type fscrypt-provisioning registered
apr 03 13:23:41 laptop01 kernel: Key type encrypted registered
apr 03 13:23:41 laptop01 kernel: AppArmor: AppArmor sha1 policy hashing enabled
apr 03 13:23:41 laptop01 kernel: integrity: Loading X.509 certificate: UEFI:db
apr 03 13:23:41 laptop01 kernel: integrity: Loaded X.509 cert 'Microsoft Windows Production PCA 2011: a92902398e16c49778cd90f99e4f9ae17c55af53'
apr 03 13:23:41 laptop01 kernel: integrity: Loading X.509 certificate: UEFI:db
apr 03 13:23:41 laptop01 kernel: integrity: Loaded X.509 cert 'Microsoft Corporation UEFI CA 2011: 13adbf4309bd82709c8cd54f316ed522988a1bd4'
apr 03 13:23:41 laptop01 kernel: integrity: Loading X.509 certificate: UEFI:db
apr 03 13:23:41 laptop01 kernel: integrity: Loaded X.509 cert 'frame.work-LaptopAMDDB: 02'
apr 03 13:23:41 laptop01 kernel: integrity: Loading X.509 certificate: UEFI:MokListRT (MOKvar table)
apr 03 13:23:41 laptop01 kernel: integrity: Loaded X.509 cert 'Debian Secure Boot CA: 6ccece7e4c6c0d1f6149f3dd27dfcc5cbb419ea1'
apr 03 13:23:41 laptop01 kernel: integrity: Loading X.509 certificate: UEFI:MokListRT (MOKvar table)
apr 03 13:23:41 laptop01 kernel: integrity: Loaded X.509 cert 'grub: d939395cda059c19a699c85f3856d023be259007'
apr 03 13:23:41 laptop01 kernel: ima: Allocated hash algorithm: sha256
apr 03 13:23:41 laptop01 kernel: evm: Initialising EVM extended attributes:
apr 03 13:23:41 laptop01 kernel: audit: type=1807 audit(1743679391.716:2): action=measure func=KEXEC_KERNEL_CHECK res=1
apr 03 13:23:41 laptop01 kernel: evm: security.selinux
apr 03 13:23:41 laptop01 kernel: evm: security.SMACK64 (disabled)
apr 03 13:23:41 laptop01 kernel: evm: security.SMACK64EXEC (disabled)
apr 03 13:23:41 laptop01 kernel: audit: type=1807 audit(1743679391.716:3): action=measure func=MODULE_CHECK res=1
apr 03 13:23:41 laptop01 kernel: evm: security.SMACK64TRANSMUTE (disabled)
apr 03 13:23:41 laptop01 kernel: evm: security.SMACK64MMAP (disabled)
apr 03 13:23:41 laptop01 kernel: evm: security.apparmor
apr 03 13:23:41 laptop01 kernel: evm: security.ima
apr 03 13:23:41 laptop01 kernel: evm: security.capability
apr 03 13:23:41 laptop01 kernel: evm: HMAC attrs: 0x1
apr 03 13:23:41 laptop01 kernel: Lockdown: swapper/0: hibernation is restricted; see man kernel_lockdown.7
apr 03 13:23:41 laptop01 kernel: clk: Disabling unused clocks
apr 03 13:23:41 laptop01 kernel: Freeing unused decrypted memory: 2036K
apr 03 13:23:41 laptop01 kernel: Freeing unused kernel image (initmem) memory: 2804K
apr 03 13:23:41 laptop01 kernel: Write protecting the kernel read-only data: 26624k
apr 03 13:23:41 laptop01 kernel: Freeing unused kernel image (text/rodata gap) memory: 2040K
apr 03 13:23:41 laptop01 kernel: Freeing unused kernel image (rodata/data gap) memory: 1156K
apr 03 13:23:41 laptop01 kernel: x86/mm: Checked W+X mappings: passed, no W+X pages found.
apr 03 13:23:41 laptop01 kernel: Run /init as init process
apr 03 13:23:41 laptop01 kernel:   with arguments:
apr 03 13:23:41 laptop01 kernel:     /init
apr 03 13:23:41 laptop01 kernel:   with environment:
apr 03 13:23:41 laptop01 kernel:     HOME=/
apr 03 13:23:41 laptop01 kernel:     TERM=linux
apr 03 13:23:41 laptop01 kernel:     BOOT_IMAGE=/vmlinuz-6.1.0-32-amd64
apr 03 13:23:41 laptop01 kernel: hid: raw HID events driver (C) Jiri Kosina
apr 03 13:23:41 laptop01 kernel: ACPI: battery: Slot [BAT1] (battery present)
apr 03 13:23:41 laptop01 kernel: input: Lid Switch as /devices/LNXSYSTM:00/LNXSYBUS:00/PNP0A08:00/device:44/PNP0C09:00/PNP0C0D:00/input/input1
apr 03 13:23:41 laptop01 kernel: ACPI: button: Lid Switch [LID0]
apr 03 13:23:41 laptop01 kernel: input: Power Button as /devices/LNXSYSTM:00/LNXSYBUS:00/PNP0C0C:00/input/input2
apr 03 13:23:41 laptop01 kernel: ACPI: button: Power Button [PWRB]
apr 03 13:23:41 laptop01 kernel: piix4_smbus 0000:00:14.0: SMBus Host Controller at 0xb00, revision 0
apr 03 13:23:41 laptop01 kernel: piix4_smbus 0000:00:14.0: Using register 0x02 for SMBus port selection
apr 03 13:23:41 laptop01 kernel: piix4_smbus 0000:00:14.0: Auxiliary SMBus Host Controller at 0xb20
apr 03 13:23:41 laptop01 kernel: ACPI: bus type thunderbolt registered
apr 03 13:23:41 laptop01 kernel: cryptd: max_cpu_qlen set to 1000
apr 03 13:23:41 laptop01 kernel: ACPI: video: Video Device [VGA] (multi-head: yes  rom: no  post: no)
apr 03 13:23:41 laptop01 kernel: input: Video Bus as /devices/LNXSYSTM:00/LNXSYBUS:00/PNP0A08:00/device:16/LNXVIDEO:00/input/input3
apr 03 13:23:41 laptop01 kernel: ACPI: bus type drm_connector registered
apr 03 13:23:41 laptop01 kernel: ACPI: bus type USB registered
apr 03 13:23:41 laptop01 kernel: usbcore: registered new interface driver usbfs
apr 03 13:23:41 laptop01 kernel: usbcore: registered new interface driver hub
apr 03 13:23:41 laptop01 kernel: usbcore: registered new device driver usb
apr 03 13:23:41 laptop01 kernel: AVX2 version of gcm_enc/dec engaged.
apr 03 13:23:41 laptop01 kernel: AES CTR mode by8 optimization enabled
apr 03 13:23:41 laptop01 kernel: hid-generic 0018:32AC:001B.0001: hidraw0: I2C HID v1.00 Device [FRMW0005:00 32AC:001B] on i2c-FRMW0005:00
apr 03 13:23:41 laptop01 kernel: input: FRMW0004:00 32AC:0006 Wireless Radio Control as /devices/platform/AMDI0010:00/i2c-0/i2c-FRMW0004:00/0018:32AC:0006.0002/input/input4
apr 03 13:23:41 laptop01 kernel: input: FRMW0004:00 32AC:0006 Consumer Control as /devices/platform/AMDI0010:00/i2c-0/i2c-FRMW0004:00/0018:32AC:0006.0002/input/input5
apr 03 13:23:41 laptop01 kernel: hid-generic 0018:32AC:0006.0002: input,hidraw1: I2C HID v1.00 Device [FRMW0004:00 32AC:0006] on i2c-FRMW0004:00
apr 03 13:23:41 laptop01 kernel: input: PIXA3854:00 093A:0274 Mouse as /devices/platform/AMDI0010:03/i2c-1/i2c-PIXA3854:00/0018:093A:0274.0003/input/input6
apr 03 13:23:41 laptop01 kernel: input: PIXA3854:00 093A:0274 Touchpad as /devices/platform/AMDI0010:03/i2c-1/i2c-PIXA3854:00/0018:093A:0274.0003/input/input7
apr 03 13:23:41 laptop01 kernel: hid-generic 0018:093A:0274.0003: input,hidraw2: I2C HID v1.00 Mouse [PIXA3854:00 093A:0274] on i2c-PIXA3854:00
apr 03 13:23:41 laptop01 kernel: xhci_hcd 0000:c1:00.3: xHCI Host Controller
apr 03 13:23:41 laptop01 kernel: xhci_hcd 0000:c1:00.3: new USB bus registered, assigned bus number 1
apr 03 13:23:41 laptop01 kernel: xhci_hcd 0000:c1:00.3: hcc params 0x0128ffc5 hci version 0x120 quirks 0x0000000200000410
apr 03 13:23:41 laptop01 kernel: xhci_hcd 0000:c1:00.3: xHCI Host Controller
apr 03 13:23:41 laptop01 kernel: xhci_hcd 0000:c1:00.3: new USB bus registered, assigned bus number 2
apr 03 13:23:41 laptop01 kernel: xhci_hcd 0000:c1:00.3: Host supports USB 3.1 Enhanced SuperSpeed
apr 03 13:23:41 laptop01 kernel: usb usb1: New USB device found, idVendor=1d6b, idProduct=0002, bcdDevice= 6.01
apr 03 13:23:41 laptop01 kernel: usb usb1: New USB device strings: Mfr=3, Product=2, SerialNumber=1
apr 03 13:23:41 laptop01 kernel: usb usb1: Product: xHCI Host Controller
apr 03 13:23:41 laptop01 kernel: usb usb1: Manufacturer: Linux 6.1.0-32-amd64 xhci-hcd
apr 03 13:23:41 laptop01 kernel: usb usb1: SerialNumber: 0000:c1:00.3
apr 03 13:23:41 laptop01 kernel: hub 1-0:1.0: USB hub found
apr 03 13:23:41 laptop01 kernel: hub 1-0:1.0: 5 ports detected
apr 03 13:23:41 laptop01 kernel: usb usb2: We don't know the algorithms for LPM for this host, disabling LPM.
apr 03 13:23:41 laptop01 kernel: usb usb2: New USB device found, idVendor=1d6b, idProduct=0003, bcdDevice= 6.01
apr 03 13:23:41 laptop01 kernel: usb usb2: New USB device strings: Mfr=3, Product=2, SerialNumber=1
apr 03 13:23:41 laptop01 kernel: usb usb2: Product: xHCI Host Controller
apr 03 13:23:41 laptop01 kernel: usb usb2: Manufacturer: Linux 6.1.0-32-amd64 xhci-hcd
apr 03 13:23:41 laptop01 kernel: usb usb2: SerialNumber: 0000:c1:00.3
apr 03 13:23:41 laptop01 kernel: hub 2-0:1.0: USB hub found
apr 03 13:23:41 laptop01 kernel: hub 2-0:1.0: 2 ports detected
apr 03 13:23:41 laptop01 kernel: xhci_hcd 0000:c1:00.4: xHCI Host Controller
apr 03 13:23:41 laptop01 kernel: xhci_hcd 0000:c1:00.4: new USB bus registered, assigned bus number 3
apr 03 13:23:41 laptop01 kernel: xhci_hcd 0000:c1:00.4: hcc params 0x0110ffc5 hci version 0x120 quirks 0x0000000200000410
apr 03 13:23:41 laptop01 kernel: xhci_hcd 0000:c1:00.4: xHCI Host Controller
apr 03 13:23:41 laptop01 kernel: xhci_hcd 0000:c1:00.4: new USB bus registered, assigned bus number 4
apr 03 13:23:41 laptop01 kernel: xhci_hcd 0000:c1:00.4: Host supports USB 3.1 Enhanced SuperSpeed
apr 03 13:23:41 laptop01 kernel: usb usb3: New USB device found, idVendor=1d6b, idProduct=0002, bcdDevice= 6.01
apr 03 13:23:41 laptop01 kernel: usb usb3: New USB device strings: Mfr=3, Product=2, SerialNumber=1
apr 03 13:23:41 laptop01 kernel: usb usb3: Product: xHCI Host Controller
apr 03 13:23:41 laptop01 kernel: usb usb3: Manufacturer: Linux 6.1.0-32-amd64 xhci-hcd
apr 03 13:23:41 laptop01 kernel: usb usb3: SerialNumber: 0000:c1:00.4
apr 03 13:23:41 laptop01 kernel: hub 3-0:1.0: USB hub found
apr 03 13:23:41 laptop01 kernel: hub 3-0:1.0: 1 port detected
apr 03 13:23:41 laptop01 kernel: usb usb4: We don't know the algorithms for LPM for this host, disabling LPM.
apr 03 13:23:41 laptop01 kernel: usb usb4: New USB device found, idVendor=1d6b, idProduct=0003, bcdDevice= 6.01
apr 03 13:23:41 laptop01 kernel: usb usb4: New USB device strings: Mfr=3, Product=2, SerialNumber=1
apr 03 13:23:41 laptop01 kernel: usb usb4: Product: xHCI Host Controller
apr 03 13:23:41 laptop01 kernel: usb usb4: Manufacturer: Linux 6.1.0-32-amd64 xhci-hcd
apr 03 13:23:41 laptop01 kernel: usb usb4: SerialNumber: 0000:c1:00.4
apr 03 13:23:41 laptop01 kernel: hub 4-0:1.0: USB hub found
apr 03 13:23:41 laptop01 kernel: hub 4-0:1.0: 1 port detected
apr 03 13:23:41 laptop01 kernel: xhci_hcd 0000:c3:00.3: xHCI Host Controller
apr 03 13:23:41 laptop01 kernel: xhci_hcd 0000:c3:00.3: new USB bus registered, assigned bus number 5
apr 03 13:23:41 laptop01 kernel: xhci_hcd 0000:c3:00.3: hcc params 0x0110ffc5 hci version 0x120 quirks 0x0000000200000410
apr 03 13:23:41 laptop01 kernel: xhci_hcd 0000:c3:00.3: xHCI Host Controller
apr 03 13:23:41 laptop01 kernel: xhci_hcd 0000:c3:00.3: new USB bus registered, assigned bus number 6
apr 03 13:23:41 laptop01 kernel: xhci_hcd 0000:c3:00.3: Host supports USB 3.1 Enhanced SuperSpeed
apr 03 13:23:41 laptop01 kernel: usb usb5: New USB device found, idVendor=1d6b, idProduct=0002, bcdDevice= 6.01
apr 03 13:23:41 laptop01 kernel: usb usb5: New USB device strings: Mfr=3, Product=2, SerialNumber=1
apr 03 13:23:41 laptop01 kernel: usb usb5: Product: xHCI Host Controller
apr 03 13:23:41 laptop01 kernel: usb usb5: Manufacturer: Linux 6.1.0-32-amd64 xhci-hcd
apr 03 13:23:41 laptop01 kernel: usb usb5: SerialNumber: 0000:c3:00.3
apr 03 13:23:41 laptop01 kernel: hub 5-0:1.0: USB hub found
apr 03 13:23:41 laptop01 kernel: hub 5-0:1.0: 1 port detected
apr 03 13:23:41 laptop01 kernel: usb usb6: We don't know the algorithms for LPM for this host, disabling LPM.
apr 03 13:23:41 laptop01 kernel: usb usb6: New USB device found, idVendor=1d6b, idProduct=0003, bcdDevice= 6.01
apr 03 13:23:41 laptop01 kernel: usb usb6: New USB device strings: Mfr=3, Product=2, SerialNumber=1
apr 03 13:23:41 laptop01 kernel: usb usb6: Product: xHCI Host Controller
apr 03 13:23:41 laptop01 kernel: usb usb6: Manufacturer: Linux 6.1.0-32-amd64 xhci-hcd
apr 03 13:23:41 laptop01 kernel: usb usb6: SerialNumber: 0000:c3:00.3
apr 03 13:23:41 laptop01 kernel: hub 6-0:1.0: USB hub found
apr 03 13:23:41 laptop01 kernel: hub 6-0:1.0: 1 port detected
apr 03 13:23:41 laptop01 kernel: xhci_hcd 0000:c3:00.4: xHCI Host Controller
apr 03 13:23:41 laptop01 kernel: xhci_hcd 0000:c3:00.4: new USB bus registered, assigned bus number 7
apr 03 13:23:41 laptop01 kernel: xhci_hcd 0000:c3:00.4: hcc params 0x0110ffc5 hci version 0x120 quirks 0x0000000200000410
apr 03 13:23:41 laptop01 kernel: xhci_hcd 0000:c3:00.4: xHCI Host Controller
apr 03 13:23:41 laptop01 kernel: xhci_hcd 0000:c3:00.4: new USB bus registered, assigned bus number 8
apr 03 13:23:41 laptop01 kernel: xhci_hcd 0000:c3:00.4: Host supports USB 3.1 Enhanced SuperSpeed
apr 03 13:23:41 laptop01 kernel: usb usb7: New USB device found, idVendor=1d6b, idProduct=0002, bcdDevice= 6.01
apr 03 13:23:41 laptop01 kernel: usb usb7: New USB device strings: Mfr=3, Product=2, SerialNumber=1
apr 03 13:23:41 laptop01 kernel: usb usb7: Product: xHCI Host Controller
apr 03 13:23:41 laptop01 kernel: usb usb7: Manufacturer: Linux 6.1.0-32-amd64 xhci-hcd
apr 03 13:23:41 laptop01 kernel: usb usb7: SerialNumber: 0000:c3:00.4
apr 03 13:23:41 laptop01 kernel: hub 7-0:1.0: USB hub found
apr 03 13:23:41 laptop01 kernel: hub 7-0:1.0: 1 port detected
apr 03 13:23:41 laptop01 kernel: usb usb8: We don't know the algorithms for LPM for this host, disabling LPM.
apr 03 13:23:41 laptop01 kernel: usb usb8: New USB device found, idVendor=1d6b, idProduct=0003, bcdDevice= 6.01
apr 03 13:23:41 laptop01 kernel: usb usb8: New USB device strings: Mfr=3, Product=2, SerialNumber=1
apr 03 13:23:41 laptop01 kernel: usb usb8: Product: xHCI Host Controller
apr 03 13:23:41 laptop01 kernel: usb usb8: Manufacturer: Linux 6.1.0-32-amd64 xhci-hcd
apr 03 13:23:41 laptop01 kernel: usb usb8: SerialNumber: 0000:c3:00.4
apr 03 13:23:41 laptop01 kernel: hub 8-0:1.0: USB hub found
apr 03 13:23:41 laptop01 kernel: hub 8-0:1.0: 1 port detected
apr 03 13:23:41 laptop01 kernel: input: PIXA3854:00 093A:0274 Mouse as /devices/platform/AMDI0010:03/i2c-1/i2c-PIXA3854:00/0018:093A:0274.0003/input/input8
apr 03 13:23:41 laptop01 kernel: input: PIXA3854:00 093A:0274 Touchpad as /devices/platform/AMDI0010:03/i2c-1/i2c-PIXA3854:00/0018:093A:0274.0003/input/input9
apr 03 13:23:41 laptop01 kernel: hid-multitouch 0018:093A:0274.0003: input,hidraw0: I2C HID v1.00 Mouse [PIXA3854:00 093A:0274] on i2c-PIXA3854:00
apr 03 13:23:41 laptop01 kernel: nvme 0000:02:00.0: platform quirk: setting simple suspend
apr 03 13:23:41 laptop01 kernel: nvme nvme0: pci function 0000:02:00.0
apr 03 13:23:41 laptop01 kernel: tsc: Refined TSC clocksource calibration: 3493.422 MHz
apr 03 13:23:41 laptop01 kernel: clocksource: tsc: mask: 0xffffffffffffffff max_cycles: 0x325b0b626e6, max_idle_ns: 440795343347 ns
apr 03 13:23:41 laptop01 kernel: clocksource: Switched to clocksource tsc
apr 03 13:23:41 laptop01 kernel: nvme nvme0: allocated 32 MiB host memory buffer.
apr 03 13:23:41 laptop01 kernel: nvme nvme0: 16/0/0 default/read/poll queues
apr 03 13:23:41 laptop01 kernel:  nvme0n1: p1 p2 p3
apr 03 13:23:41 laptop01 kernel: usb 1-2: new full-speed USB device number 2 using xhci_hcd
apr 03 13:23:41 laptop01 kernel: usb 3-1: new high-speed USB device number 2 using xhci_hcd
apr 03 13:23:41 laptop01 kernel: usb 7-1: new high-speed USB device number 2 using xhci_hcd
apr 03 13:23:41 laptop01 kernel: usb 7-1: New USB device found, idVendor=05e3, idProduct=0610, bcdDevice=94.05
apr 03 13:23:41 laptop01 kernel: usb 7-1: New USB device strings: Mfr=1, Product=2, SerialNumber=0
apr 03 13:23:41 laptop01 kernel: usb 7-1: Product: USB2.1 Hub
apr 03 13:23:41 laptop01 kernel: usb 7-1: Manufacturer: GenesysLogic
apr 03 13:23:41 laptop01 kernel: usb 3-1: New USB device found, idVendor=32ac, idProduct=001c, bcdDevice= 1.11
apr 03 13:23:41 laptop01 kernel: usb 3-1: New USB device strings: Mfr=3, Product=1, SerialNumber=2
apr 03 13:23:41 laptop01 kernel: usb 3-1: Product: Laptop Webcam Module (2nd Gen)
apr 03 13:23:41 laptop01 kernel: usb 3-1: Manufacturer: Framework
apr 03 13:23:41 laptop01 kernel: usb 3-1: SerialNumber: FRANJBCHA144810012
apr 03 13:23:41 laptop01 kernel: usb 1-2: New USB device found, idVendor=32ac, idProduct=0002, bcdDevice= 0.00
apr 03 13:23:41 laptop01 kernel: usb 1-2: New USB device strings: Mfr=1, Product=2, SerialNumber=3
apr 03 13:23:41 laptop01 kernel: usb 1-2: Product: HDMI Expansion Card
apr 03 13:23:41 laptop01 kernel: usb 1-2: Manufacturer: Framework
apr 03 13:23:41 laptop01 kernel: usb 1-2: SerialNumber: 11AD1D009E5C3F0B23320B00
apr 03 13:23:41 laptop01 kernel: hub 7-1:1.0: USB hub found
apr 03 13:23:41 laptop01 kernel: hub 7-1:1.0: 4 ports detected
apr 03 13:23:41 laptop01 kernel: usb 8-1: new SuperSpeed Plus Gen 2x1 USB device number 2 using xhci_hcd
apr 03 13:23:41 laptop01 kernel: usb 8-1: New USB device found, idVendor=05e3, idProduct=0625, bcdDevice=94.05
apr 03 13:23:41 laptop01 kernel: usb 8-1: New USB device strings: Mfr=1, Product=2, SerialNumber=0
apr 03 13:23:41 laptop01 kernel: usb 8-1: Product: USB3.2 Hub
apr 03 13:23:41 laptop01 kernel: usb 8-1: Manufacturer: GenesysLogic
apr 03 13:23:41 laptop01 kernel: hub 8-1:1.0: USB hub found
apr 03 13:23:41 laptop01 kernel: hub 8-1:1.0: 4 ports detected
apr 03 13:23:41 laptop01 kernel: [drm] amdgpu kernel modesetting enabled.
apr 03 13:23:41 laptop01 kernel: usb 1-4: new full-speed USB device number 3 using xhci_hcd
apr 03 13:23:41 laptop01 kernel: hid-generic 0003:32AC:0002.0004: hiddev0,hidraw2: USB HID v1.11 Device [Framework HDMI Expansion Card] on usb-0000:c1:00.3-2/input1
apr 03 13:23:41 laptop01 kernel: usbcore: registered new interface driver usbhid
apr 03 13:23:41 laptop01 kernel: usbhid: USB HID core driver
apr 03 13:23:41 laptop01 kernel: amdgpu: Ignoring ACPI CRAT on non-APU system
apr 03 13:23:41 laptop01 kernel: amdgpu: Virtual CRAT table created for CPU
apr 03 13:23:41 laptop01 kernel: amdgpu: Topology: Add CPU node
apr 03 13:23:41 laptop01 kernel: amdgpu 0000:c1:00.0: enabling device (0006 -> 0007)
apr 03 13:23:41 laptop01 kernel: [drm] initializing kernel modesetting (IP DISCOVERY 0x1002:0x15BF 0xF111:0x0006 0xCB).
apr 03 13:23:41 laptop01 kernel: [drm] register mmio base: 0x90500000
apr 03 13:23:41 laptop01 kernel: [drm] register mmio size: 524288
apr 03 13:23:41 laptop01 kernel: [drm] add ip block number 0 <soc21_common>
apr 03 13:23:41 laptop01 kernel: [drm] add ip block number 1 <gmc_v11_0>
apr 03 13:23:41 laptop01 kernel: [drm] add ip block number 2 <ih_v6_0>
apr 03 13:23:41 laptop01 kernel: [drm] add ip block number 3 <psp>
apr 03 13:23:41 laptop01 kernel: [drm] add ip block number 4 <smu>
apr 03 13:23:41 laptop01 kernel: [drm] add ip block number 5 <dm>
apr 03 13:23:41 laptop01 kernel: [drm] add ip block number 6 <gfx_v11_0>
apr 03 13:23:41 laptop01 kernel: [drm] add ip block number 7 <sdma_v6_0>
apr 03 13:23:41 laptop01 kernel: [drm] add ip block number 8 <vcn_v4_0>
apr 03 13:23:41 laptop01 kernel: [drm] add ip block number 9 <jpeg_v4_0>
apr 03 13:23:41 laptop01 kernel: [drm] add ip block number 10 <mes_v11_0>
apr 03 13:23:41 laptop01 kernel: amdgpu 0000:c1:00.0: amdgpu: Fetched VBIOS from VFCT
apr 03 13:23:41 laptop01 kernel: amdgpu: ATOM BIOS: 113-PHXGENERIC-001
apr 03 13:23:41 laptop01 kernel: [drm] VCN(0) encode/decode are enabled in VM mode
apr 03 13:23:41 laptop01 kernel: amdgpu 0000:c1:00.0: [drm:jpeg_v4_0_early_init [amdgpu]] JPEG decode is enabled in VM mode
apr 03 13:23:41 laptop01 kernel: amdgpu 0000:c1:00.0: firmware: direct-loading firmware amdgpu/gc_11_0_1_mes_2.bin
apr 03 13:23:41 laptop01 kernel: amdgpu 0000:c1:00.0: firmware: direct-loading firmware amdgpu/gc_11_0_1_mes1.bin
apr 03 13:23:41 laptop01 kernel: Console: switching to colour dummy device 80x25
apr 03 13:23:41 laptop01 kernel: amdgpu 0000:c1:00.0: amdgpu: Trusted Memory Zone (TMZ) feature enabled
apr 03 13:23:41 laptop01 kernel: [drm] vm size is 262144 GB, 4 levels, block size is 9-bit, fragment size is 9-bit
apr 03 13:23:41 laptop01 kernel: amdgpu 0000:c1:00.0: amdgpu: VRAM: 2048M 0x0000008000000000 - 0x000000807FFFFFFF (2048M used)
apr 03 13:23:41 laptop01 kernel: amdgpu 0000:c1:00.0: amdgpu: GART: 512M 0x0000000000000000 - 0x000000001FFFFFFF
apr 03 13:23:41 laptop01 kernel: [drm] Detected VRAM RAM=2048M, BAR=2048M
apr 03 13:23:41 laptop01 kernel: [drm] RAM width 128bits DDR5
apr 03 13:23:41 laptop01 kernel: [drm] amdgpu: 2048M of VRAM memory ready
apr 03 13:23:41 laptop01 kernel: [drm] amdgpu: 31045M of GTT memory ready.
apr 03 13:23:41 laptop01 kernel: [drm] GART: num cpu pages 131072, num gpu pages 131072
apr 03 13:23:41 laptop01 kernel: [drm] PCIE GART of 512M enabled (table at 0x000000807FD00000).
apr 03 13:23:41 laptop01 kernel: amdgpu 0000:c1:00.0: firmware: direct-loading firmware amdgpu/psp_13_0_4_toc.bin
apr 03 13:23:41 laptop01 kernel: amdgpu 0000:c1:00.0: firmware: direct-loading firmware amdgpu/psp_13_0_4_ta.bin
apr 03 13:23:41 laptop01 kernel: amdgpu 0000:c1:00.0: amdgpu: PSP runtime database doesn't exist
apr 03 13:23:41 laptop01 kernel: amdgpu 0000:c1:00.0: amdgpu: PSP runtime database doesn't exist
apr 03 13:23:41 laptop01 kernel: amdgpu 0000:c1:00.0: firmware: direct-loading firmware amdgpu/dcn_3_1_4_dmcub.bin
apr 03 13:23:41 laptop01 kernel: [drm] Loading DMUB firmware via PSP: version=0x08004E00
apr 03 13:23:41 laptop01 kernel: amdgpu 0000:c1:00.0: firmware: direct-loading firmware amdgpu/gc_11_0_1_imu.bin
