Apr  3 10:56:56 syslogd started: BusyBox v1.35.0
Apr  3 10:56:56 kernel: klogd started: BusyBox v1.35.0 (Debian 1:1.35.0-4+b3)
Apr  3 10:56:56 kernel: [    0.000000] Linux version 6.1.0-32-amd64 (debian-kernel@lists.debian.org) (gcc-12 (Debian 12.2.0-14) 12.2.0, GNU ld (GNU Binutils for Debian) 2.40) #1 SMP PREEMPT_DYNAMIC Debian 6.1.129-1 (2025-03-06)
Apr  3 10:56:56 kernel: [    0.000000] Command line: BOOT_IMAGE=/install.amd/vmlinuz vga=788 --- quiet
Apr  3 10:56:56 kernel: [    0.000000] BIOS-provided physical RAM map:
Apr  3 10:56:56 kernel: [    0.000000] BIOS-e820: [mem 0x0000000000000000-0x000000000009efff] usable
Apr  3 10:56:56 kernel: [    0.000000] BIOS-e820: [mem 0x000000000009f000-0x00000000000bffff] reserved
Apr  3 10:56:56 kernel: [    0.000000] BIOS-e820: [mem 0x0000000000100000-0x0000000009afffff] usable
Apr  3 10:56:56 kernel: [    0.000000] BIOS-e820: [mem 0x0000000009b00000-0x0000000009dfffff] reserved
Apr  3 10:56:56 kernel: [    0.000000] BIOS-e820: [mem 0x0000000009e00000-0x0000000009efffff] usable
Apr  3 10:56:56 kernel: [    0.000000] BIOS-e820: [mem 0x0000000009f00000-0x0000000009f3bfff] ACPI NVS
Apr  3 10:56:56 kernel: [    0.000000] BIOS-e820: [mem 0x0000000009f3c000-0x0000000049b4ffff] usable
Apr  3 10:56:56 kernel: [    0.000000] BIOS-e820: [mem 0x0000000049b50000-0x000000004bd4ffff] reserved
Apr  3 10:56:56 kernel: [    0.000000] BIOS-e820: [mem 0x000000004bd50000-0x000000004bd68fff] usable
Apr  3 10:56:56 kernel: [    0.000000] BIOS-e820: [mem 0x000000004bd69000-0x000000004bd6cfff] reserved
Apr  3 10:56:56 kernel: [    0.000000] BIOS-e820: [mem 0x000000004bd6d000-0x000000004bd6efff] usable
Apr  3 10:56:56 kernel: [    0.000000] BIOS-e820: [mem 0x000000004bd6f000-0x000000004bd6ffff] reserved
Apr  3 10:56:56 kernel: [    0.000000] BIOS-e820: [mem 0x000000004bd70000-0x0000000057f7efff] usable
Apr  3 10:56:56 kernel: [    0.000000] BIOS-e820: [mem 0x0000000057f7f000-0x000000005a77efff] reserved
Apr  3 10:56:56 kernel: [    0.000000] BIOS-e820: [mem 0x000000005a77f000-0x000000005af7efff] ACPI NVS
Apr  3 10:56:56 kernel: [    0.000000] BIOS-e820: [mem 0x000000005af7f000-0x000000005affefff] ACPI data
Apr  3 10:56:56 kernel: [    0.000000] BIOS-e820: [mem 0x000000005afff000-0x000000005affffff] usable
Apr  3 10:56:56 kernel: [    0.000000] BIOS-e820: [mem 0x000000005b000000-0x000000005bffffff] reserved
Apr  3 10:56:56 kernel: [    0.000000] BIOS-e820: [mem 0x000000005d790000-0x000000005d7effff] reserved
Apr  3 10:56:56 kernel: [    0.000000] BIOS-e820: [mem 0x000000005d7f5000-0x000000005fffffff] reserved
Apr  3 10:56:56 kernel: [    0.000000] BIOS-e820: [mem 0x00000000c0300000-0x00000000c03fffff] reserved
Apr  3 10:56:56 kernel: [    0.000000] BIOS-e820: [mem 0x00000000e0000000-0x00000000efffffff] reserved
Apr  3 10:56:56 kernel: [    0.000000] BIOS-e820: [mem 0x00000000fec00000-0x00000000fec01fff] reserved
Apr  3 10:56:56 kernel: [    0.000000] BIOS-e820: [mem 0x00000000fec10000-0x00000000fec10fff] reserved
Apr  3 10:56:56 kernel: [    0.000000] BIOS-e820: [mem 0x00000000fec20000-0x00000000fec20fff] reserved
Apr  3 10:56:56 kernel: [    0.000000] BIOS-e820: [mem 0x00000000fed80000-0x00000000fed81fff] reserved
Apr  3 10:56:56 kernel: [    0.000000] BIOS-e820: [mem 0x00000000fee00000-0x00000000fee00fff] reserved
Apr  3 10:56:56 kernel: [    0.000000] BIOS-e820: [mem 0x00000000ff000000-0x00000000ffffffff] reserved
Apr  3 10:56:56 kernel: [    0.000000] BIOS-e820: [mem 0x0000000100000000-0x000000101e2fffff] usable
Apr  3 10:56:56 kernel: [    0.000000] BIOS-e820: [mem 0x0000001020000000-0x00000010c01fffff] reserved
Apr  3 10:56:56 kernel: [    0.000000] NX (Execute Disable) protection: active
Apr  3 10:56:56 kernel: [    0.000000] e820: update [mem 0x47c9e018-0x47ca2257] usable ==> usable
Apr  3 10:56:56 kernel: [    0.000000] e820: update [mem 0x47c9e018-0x47ca2257] usable ==> usable
Apr  3 10:56:56 kernel: [    0.000000] extended physical RAM map:
Apr  3 10:56:56 kernel: [    0.000000] reserve setup_data: [mem 0x0000000000000000-0x000000000009efff] usable
Apr  3 10:56:56 kernel: [    0.000000] reserve setup_data: [mem 0x000000000009f000-0x00000000000bffff] reserved
Apr  3 10:56:56 kernel: [    0.000000] reserve setup_data: [mem 0x0000000000100000-0x0000000009afffff] usable
Apr  3 10:56:56 kernel: [    0.000000] reserve setup_data: [mem 0x0000000009b00000-0x0000000009dfffff] reserved
Apr  3 10:56:56 kernel: [    0.000000] reserve setup_data: [mem 0x0000000009e00000-0x0000000009efffff] usable
Apr  3 10:56:56 kernel: [    0.000000] reserve setup_data: [mem 0x0000000009f00000-0x0000000009f3bfff] ACPI NVS
Apr  3 10:56:56 kernel: [    0.000000] reserve setup_data: [mem 0x0000000009f3c000-0x0000000047c9e017] usable
Apr  3 10:56:56 kernel: [    0.000000] reserve setup_data: [mem 0x0000000047c9e018-0x0000000047ca2257] usable
Apr  3 10:56:56 kernel: [    0.000000] reserve setup_data: [mem 0x0000000047ca2258-0x0000000049b4ffff] usable
Apr  3 10:56:56 kernel: [    0.000000] reserve setup_data: [mem 0x0000000049b50000-0x000000004bd4ffff] reserved
Apr  3 10:56:56 kernel: [    0.000000] reserve setup_data: [mem 0x000000004bd50000-0x000000004bd68fff] usable
Apr  3 10:56:56 kernel: [    0.000000] reserve setup_data: [mem 0x000000004bd69000-0x000000004bd6cfff] reserved
Apr  3 10:56:56 kernel: [    0.000000] reserve setup_data: [mem 0x000000004bd6d000-0x000000004bd6efff] usable
Apr  3 10:56:56 kernel: [    0.000000] reserve setup_data: [mem 0x000000004bd6f000-0x000000004bd6ffff] reserved
Apr  3 10:56:56 kernel: [    0.000000] reserve setup_data: [mem 0x000000004bd70000-0x0000000057f7efff] usable
Apr  3 10:56:56 kernel: [    0.000000] reserve setup_data: [mem 0x0000000057f7f000-0x000000005a77efff] reserved
Apr  3 10:56:56 kernel: [    0.000000] reserve setup_data: [mem 0x000000005a77f000-0x000000005af7efff] ACPI NVS
Apr  3 10:56:56 kernel: [    0.000000] reserve setup_data: [mem 0x000000005af7f000-0x000000005affefff] ACPI data
Apr  3 10:56:56 kernel: [    0.000000] reserve setup_data: [mem 0x000000005afff000-0x000000005affffff] usable
Apr  3 10:56:56 kernel: [    0.000000] reserve setup_data: [mem 0x000000005b000000-0x000000005bffffff] reserved
Apr  3 10:56:56 kernel: [    0.000000] reserve setup_data: [mem 0x000000005d790000-0x000000005d7effff] reserved
Apr  3 10:56:56 kernel: [    0.000000] reserve setup_data: [mem 0x000000005d7f5000-0x000000005fffffff] reserved
Apr  3 10:56:56 kernel: [    0.000000] reserve setup_data: [mem 0x00000000c0300000-0x00000000c03fffff] reserved
Apr  3 10:56:56 kernel: [    0.000000] reserve setup_data: [mem 0x00000000e0000000-0x00000000efffffff] reserved
Apr  3 10:56:56 kernel: [    0.000000] reserve setup_data: [mem 0x00000000fec00000-0x00000000fec01fff] reserved
Apr  3 10:56:56 kernel: [    0.000000] reserve setup_data: [mem 0x00000000fec10000-0x00000000fec10fff] reserved
Apr  3 10:56:56 kernel: [    0.000000] reserve setup_data: [mem 0x00000000fec20000-0x00000000fec20fff] reserved
Apr  3 10:56:56 kernel: [    0.000000] reserve setup_data: [mem 0x00000000fed80000-0x00000000fed81fff] reserved
Apr  3 10:56:56 kernel: [    0.000000] reserve setup_data: [mem 0x00000000fee00000-0x00000000fee00fff] reserved
Apr  3 10:56:56 kernel: [    0.000000] reserve setup_data: [mem 0x00000000ff000000-0x00000000ffffffff] reserved
Apr  3 10:56:56 kernel: [    0.000000] reserve setup_data: [mem 0x0000000100000000-0x000000101e2fffff] usable
Apr  3 10:56:56 kernel: [    0.000000] reserve setup_data: [mem 0x0000001020000000-0x00000010c01fffff] reserved
Apr  3 10:56:56 kernel: [    0.000000] efi: EFI v2.90 by INSYDE Corp.
Apr  3 10:56:56 kernel: [    0.000000] efi: ACPI=0x5affe000 ACPI 2.0=0x5affe014 TPMFinalLog=0x5af3f000 SMBIOS=0x58e77000 SMBIOS 3.0=0x58e74000 MEMATTR=0x5315d018 ESRT=0x5498bd18 MOKvar=0x58c37000 RNG=0x5af97018 TPMEventLog=0x5af8b018 
Apr  3 10:56:56 kernel: [    0.000000] random: crng init done
Apr  3 10:56:56 kernel: [    0.000000] Kernel is locked down from EFI Secure Boot; see man kernel_lockdown.7
Apr  3 10:56:56 kernel: [    0.000000] secureboot: Secure boot enabled
Apr  3 10:56:56 kernel: [    0.000000] SMBIOS 3.6.0 present.
Apr  3 10:56:56 kernel: [    0.000000] DMI: Framework Laptop 13 (AMD Ryzen 7040Series)/FRANMDCP05, BIOS 03.07 02/19/2025
Apr  3 10:56:56 kernel: [    0.000000] tsc: Fast TSC calibration using PIT
Apr  3 10:56:56 kernel: [    0.000000] tsc: Detected 3493.273 MHz processor
Apr  3 10:56:56 kernel: [    0.000126] e820: update [mem 0x00000000-0x00000fff] usable ==> reserved
Apr  3 10:56:56 kernel: [    0.000127] e820: remove [mem 0x000a0000-0x000fffff] usable
Apr  3 10:56:56 kernel: [    0.000134] last_pfn = 0x101e300 max_arch_pfn = 0x400000000
Apr  3 10:56:56 kernel: [    0.000220] x86/PAT: Configuration [0-7]: WB  WC  UC- UC  WB  WP  UC- WT  
Apr  3 10:56:56 kernel: [    0.000403] last_pfn = 0x5b000 max_arch_pfn = 0x400000000
Apr  3 10:56:56 kernel: [    0.003007] esrt: Reserving ESRT space from 0x000000005498bd18 to 0x000000005498bd50.
Apr  3 10:56:56 kernel: [    0.003012] e820: update [mem 0x5498b000-0x5498bfff] usable ==> reserved
Apr  3 10:56:56 kernel: [    0.003029] Using GB pages for direct mapping
Apr  3 10:56:56 kernel: [    0.003859] RAMDISK: [mem 0x3c4dd000-0x3fffafff]
Apr  3 10:56:56 kernel: [    0.003868] ACPI: Early table checksum verification disabled
Apr  3 10:56:56 kernel: [    0.003870] ACPI: RSDP 0x000000005AFFE014 000024 (v02 INSYDE)
Apr  3 10:56:56 kernel: [    0.003873] ACPI: XSDT 0x000000005AFAA228 000194 (v01 INSYDE EDK2     00000002      01000013)
Apr  3 10:56:56 kernel: [    0.003876] ACPI: FACP 0x000000005AFEE000 00010C (v05 INSYDE EDK2     00000002 ACPI 00040000)
Apr  3 10:56:56 kernel: [    0.003878] ACPI BIOS Warning (bug): Optional FADT field Pm2ControlBlock has valid Length but zero Address: 0x0000000000000000/0x1 (20220331/tbfadt-615)
Apr  3 10:56:56 kernel: [    0.003881] ACPI: DSDT 0x000000005AFDE000 0093F3 (v02 INSYDE EDK2     00000002 ACPI 00040000)
Apr  3 10:56:56 kernel: [    0.003882] ACPI: FACS 0x000000005AED1000 000040
Apr  3 10:56:56 kernel: [    0.003883] ACPI: UEFI 0x000000005AF67000 0001CF (v01 INSYDE EDK2     00000001 ACPI 00040000)
Apr  3 10:56:56 kernel: [    0.003885] ACPI: SSDT 0x000000005AFF4000 008416 (v02 INSYDE EDK2     00000002 ACPI 00040000)
Apr  3 10:56:56 kernel: [    0.003886] ACPI: SSDT 0x000000005AFF3000 00033E (v01 INSYDE EDK2     00001000 ACPI 00040000)
Apr  3 10:56:56 kernel: [    0.003887] ACPI: SSDT 0x000000005AFF1000 000ABD (v02 INSYDE EDK2     00001000 ACPI 00040000)
Apr  3 10:56:56 kernel: [    0.003888] ACPI: ASF! 0x000000005AFF0000 0000A5 (v32 INSYDE EDK2     00000002 ACPI 00040000)
Apr  3 10:56:56 kernel: [    0.003889] ACPI: BOOT 0x000000005AFEF000 000028 (v01 INSYDE EDK2     00000002 ACPI 00040000)
Apr  3 10:56:56 kernel: [    0.003891] ACPI: HPET 0x000000005AFED000 000038 (v01 INSYDE EDK2     00000002 ACPI 00040000)
Apr  3 10:56:56 kernel: [    0.003892] ACPI: APIC 0x000000005AFEC000 000138 (v03 INSYDE EDK2     00000002 ACPI 00040000)
Apr  3 10:56:56 kernel: [    0.003893] ACPI: MCFG 0x000000005AFEB000 00003C (v01 INSYDE EDK2     00000002 ACPI 00040000)
Apr  3 10:56:56 kernel: [    0.003894] ACPI: SLIC 0x000000005AFEA000 000176 (v01 INSYDE EDK2     00000002 ACPI 00040000)
Apr  3 10:56:56 kernel: [    0.003895] ACPI: VFCT 0x000000005AFD9000 004284 (v01 INSYDE EDK2     00000001 ACPI 00040000)
Apr  3 10:56:56 kernel: [    0.003897] ACPI: SSDT 0x000000005AFD8000 0000F8 (v02 INSYDE EDK2     00001000 ACPI 00040000)
Apr  3 10:56:56 kernel: [    0.003898] ACPI: SSDT 0x000000005AFD4000 003F6A (v02 INSYDE EDK2     00000001 ACPI 00040000)
Apr  3 10:56:56 kernel: [    0.003899] ACPI: CRAT 0x000000005AFD3000 000B90 (v01 INSYDE EDK2     00000001 ACPI 00040000)
Apr  3 10:56:56 kernel: [    0.003900] ACPI: CDIT 0x000000005AFD2000 000029 (v01 INSYDE EDK2     00000001 ACPI 00040000)
Apr  3 10:56:56 kernel: [    0.003901] ACPI: SSDT 0x000000005AFD1000 000F8D (v02 INSYDE EDK2     00000001 ACPI 00040000)
Apr  3 10:56:56 kernel: [    0.003902] ACPI: SSDT 0x000000005AFCF000 001086 (v02 INSYDE EDK2     00000001 ACPI 00040000)
Apr  3 10:56:56 kernel: [    0.003904] ACPI: SSDT 0x000000005AFFD000 000BAF (v02 INSYDE EDK2     00000001 ACPI 00040000)
Apr  3 10:56:56 kernel: [    0.003905] ACPI: SSDT 0x000000005AFCC000 001E78 (v02 INSYDE EDK2     00000001 ACPI 00040000)
Apr  3 10:56:56 kernel: [    0.003906] ACPI: SSDT 0x000000005AFCB000 00077A (v02 INSYDE EDK2     00000001 ACPI 00040000)
Apr  3 10:56:56 kernel: [    0.003907] ACPI: SSDT 0x000000005AFCA000 000737 (v02 INSYDE EDK2     00000001 ACPI 00040000)
Apr  3 10:56:56 kernel: [    0.003908] ACPI: SSDT 0x000000005AFC8000 0015C8 (v02 INSYDE EDK2     00000001 ACPI 00040000)
Apr  3 10:56:56 kernel: [    0.003910] ACPI: SSDT 0x000000005AFC5000 002A9E (v02 INSYDE EDK2     00000001 ACPI 00040000)
Apr  3 10:56:56 kernel: [    0.003911] ACPI: SSDT 0x000000005AFBB000 0098F6 (v02 INSYDE EDK2     00000001 ACPI 00040000)
Apr  3 10:56:56 kernel: [    0.003912] ACPI: FPDT 0x000000005AFBA000 000044 (v01 INSYDE EDK2     00000002 ACPI 00040000)
Apr  3 10:56:56 kernel: [    0.003913] ACPI: WSMT 0x000000005AFB8000 000028 (v01 INSYDE EDK2     00000001 ACPI 00040000)
Apr  3 10:56:56 kernel: [    0.003914] ACPI: TPM2 0x000000005AFE9000 000050 (v05 INSYDE EDK2     20505348 ACPI 00040000)
Apr  3 10:56:56 kernel: [    0.003916] ACPI: SSDT 0x000000005AFB5000 00233C (v02 INSYDE EDK2     00000001 ACPI 00040000)
Apr  3 10:56:56 kernel: [    0.003917] ACPI: MHSP 0x000000005AFE8000 0000C8 (v04 INSYDE EDK2     20505348 ACPI 00040000)
Apr  3 10:56:56 kernel: [    0.003918] ACPI: SSDT 0x000000005AFB4000 0000E5 (v02 INSYDE EDK2     00000004 ACPI 00040000)
Apr  3 10:56:56 kernel: [    0.003919] ACPI: IVRS 0x000000005AFB3000 000198 (v02 INSYDE EDK2     00000001 ACPI 00040000)
Apr  3 10:56:56 kernel: [    0.003920] ACPI: SSDT 0x000000005AFB2000 000C44 (v01 INSYDE EDK2     00000001 ACPI 00040000)
Apr  3 10:56:56 kernel: [    0.003922] ACPI: SSDT 0x000000005AFB1000 00074A (v02 INSYDE EDK2     00000001 ACPI 00040000)
Apr  3 10:56:56 kernel: [    0.003923] ACPI: SSDT 0x000000005AFB0000 000B43 (v02 INSYDE EDK2     00000001 ACPI 00040000)
Apr  3 10:56:56 kernel: [    0.003924] ACPI: SSDT 0x000000005AFAF000 000A3A (v02 INSYDE EDK2     00000001 ACPI 00040000)
Apr  3 10:56:56 kernel: [    0.003925] ACPI: SSDT 0x000000005AFAE000 000057 (v02 INSYDE EDK2     00000001 ACPI 00040000)
Apr  3 10:56:56 kernel: [    0.003926] ACPI: SSDT 0x000000005AFAC000 0017AA (v02 INSYDE EDK2     00000001 ACPI 00040000)
Apr  3 10:56:56 kernel: [    0.003928] ACPI: SSDT 0x000000005AFAB000 000FF7 (v02 INSYDE EDK2     00000001 ACPI 00040000)
Apr  3 10:56:56 kernel: [    0.003929] ACPI: SSDT 0x000000005AFA0000 0098BD (v02 INSYDE EDK2     00000001 ACPI 00040000)
Apr  3 10:56:56 kernel: [    0.003930] ACPI: SSDT 0x000000005AF9B000 004FEB (v02 INSYDE EDK2     00000001 ACPI 00040000)
Apr  3 10:56:56 kernel: [    0.003931] ACPI: SSDT 0x000000005AFCE000 000D41 (v02 INSYDE EDK2     00000001 ACPI 00040000)
Apr  3 10:56:56 kernel: [    0.003932] ACPI: SSDT 0x000000005AF9A000 000968 (v02 INSYDE EDK2     00000001 ACPI 00040000)
Apr  3 10:56:56 kernel: [    0.003934] ACPI: SSDT 0x000000005AF99000 00008D (v02 INSYDE EDK2     00000001 ACPI 00040000)
Apr  3 10:56:56 kernel: [    0.003935] ACPI: SSDT 0x000000005AF98000 000FF5 (v02 INSYDE EDK2     00000001 ACPI 00040000)
Apr  3 10:56:56 kernel: [    0.003936] ACPI: BGRT 0x000000005AFB9000 000038 (v01 INSYDE EDK2     00000002 ACPI 00040000)
Apr  3 10:56:56 kernel: [    0.003937] ACPI: Reserving FACP table memory at [mem 0x5afee000-0x5afee10b]
Apr  3 10:56:56 kernel: [    0.003938] ACPI: Reserving DSDT table memory at [mem 0x5afde000-0x5afe73f2]
Apr  3 10:56:56 kernel: [    0.003938] ACPI: Reserving FACS table memory at [mem 0x5aed1000-0x5aed103f]
Apr  3 10:56:56 kernel: [    0.003939] ACPI: Reserving UEFI table memory at [mem 0x5af67000-0x5af671ce]
Apr  3 10:56:56 kernel: [    0.003939] ACPI: Reserving SSDT table memory at [mem 0x5aff4000-0x5affc415]
Apr  3 10:56:56 kernel: [    0.003939] ACPI: Reserving SSDT table memory at [mem 0x5aff3000-0x5aff333d]
Apr  3 10:56:56 kernel: [    0.003940] ACPI: Reserving SSDT table memory at [mem 0x5aff1000-0x5aff1abc]
Apr  3 10:56:56 kernel: [    0.003940] ACPI: Reserving ASF! table memory at [mem 0x5aff0000-0x5aff00a4]
Apr  3 10:56:56 kernel: [    0.003941] ACPI: Reserving BOOT table memory at [mem 0x5afef000-0x5afef027]
Apr  3 10:56:56 kernel: [    0.003941] ACPI: Reserving HPET table memory at [mem 0x5afed000-0x5afed037]
Apr  3 10:56:56 kernel: [    0.003942] ACPI: Reserving APIC table memory at [mem 0x5afec000-0x5afec137]
Apr  3 10:56:56 kernel: [    0.003942] ACPI: Reserving MCFG table memory at [mem 0x5afeb000-0x5afeb03b]
Apr  3 10:56:56 kernel: [    0.003942] ACPI: Reserving SLIC table memory at [mem 0x5afea000-0x5afea175]
Apr  3 10:56:56 kernel: [    0.003943] ACPI: Reserving VFCT table memory at [mem 0x5afd9000-0x5afdd283]
Apr  3 10:56:56 kernel: [    0.003943] ACPI: Reserving SSDT table memory at [mem 0x5afd8000-0x5afd80f7]
Apr  3 10:56:56 kernel: [    0.003944] ACPI: Reserving SSDT table memory at [mem 0x5afd4000-0x5afd7f69]
Apr  3 10:56:56 kernel: [    0.003944] ACPI: Reserving CRAT table memory at [mem 0x5afd3000-0x5afd3b8f]
Apr  3 10:56:56 kernel: [    0.003945] ACPI: Reserving CDIT table memory at [mem 0x5afd2000-0x5afd2028]
Apr  3 10:56:56 kernel: [    0.003945] ACPI: Reserving SSDT table memory at [mem 0x5afd1000-0x5afd1f8c]
Apr  3 10:56:56 kernel: [    0.003945] ACPI: Reserving SSDT table memory at [mem 0x5afcf000-0x5afd0085]
Apr  3 10:56:56 kernel: [    0.003946] ACPI: Reserving SSDT table memory at [mem 0x5affd000-0x5affdbae]
Apr  3 10:56:56 kernel: [    0.003946] ACPI: Reserving SSDT table memory at [mem 0x5afcc000-0x5afcde77]
Apr  3 10:56:56 kernel: [    0.003947] ACPI: Reserving SSDT table memory at [mem 0x5afcb000-0x5afcb779]
Apr  3 10:56:56 kernel: [    0.003947] ACPI: Reserving SSDT table memory at [mem 0x5afca000-0x5afca736]
Apr  3 10:56:56 kernel: [    0.003948] ACPI: Reserving SSDT table memory at [mem 0x5afc8000-0x5afc95c7]
Apr  3 10:56:56 kernel: [    0.003948] ACPI: Reserving SSDT table memory at [mem 0x5afc5000-0x5afc7a9d]
Apr  3 10:56:56 kernel: [    0.003949] ACPI: Reserving SSDT table memory at [mem 0x5afbb000-0x5afc48f5]
Apr  3 10:56:56 kernel: [    0.003949] ACPI: Reserving FPDT table memory at [mem 0x5afba000-0x5afba043]
Apr  3 10:56:56 kernel: [    0.003950] ACPI: Reserving WSMT table memory at [mem 0x5afb8000-0x5afb8027]
Apr  3 10:56:56 kernel: [    0.003950] ACPI: Reserving TPM2 table memory at [mem 0x5afe9000-0x5afe904f]
Apr  3 10:56:56 kernel: [    0.003951] ACPI: Reserving SSDT table memory at [mem 0x5afb5000-0x5afb733b]
Apr  3 10:56:56 kernel: [    0.003951] ACPI: Reserving MHSP table memory at [mem 0x5afe8000-0x5afe80c7]
Apr  3 10:56:56 kernel: [    0.003952] ACPI: Reserving SSDT table memory at [mem 0x5afb4000-0x5afb40e4]
Apr  3 10:56:56 kernel: [    0.003952] ACPI: Reserving IVRS table memory at [mem 0x5afb3000-0x5afb3197]
Apr  3 10:56:56 kernel: [    0.003952] ACPI: Reserving SSDT table memory at [mem 0x5afb2000-0x5afb2c43]
Apr  3 10:56:56 kernel: [    0.003953] ACPI: Reserving SSDT table memory at [mem 0x5afb1000-0x5afb1749]
Apr  3 10:56:56 kernel: [    0.003954] ACPI: Reserving SSDT table memory at [mem 0x5afb0000-0x5afb0b42]
Apr  3 10:56:56 kernel: [    0.003954] ACPI: Reserving SSDT table memory at [mem 0x5afaf000-0x5afafa39]
Apr  3 10:56:56 kernel: [    0.003955] ACPI: Reserving SSDT table memory at [mem 0x5afae000-0x5afae056]
Apr  3 10:56:56 kernel: [    0.003955] ACPI: Reserving SSDT table memory at [mem 0x5afac000-0x5afad7a9]
Apr  3 10:56:56 kernel: [    0.003956] ACPI: Reserving SSDT table memory at [mem 0x5afab000-0x5afabff6]
Apr  3 10:56:56 kernel: [    0.003956] ACPI: Reserving SSDT table memory at [mem 0x5afa0000-0x5afa98bc]
Apr  3 10:56:56 kernel: [    0.003957] ACPI: Reserving SSDT table memory at [mem 0x5af9b000-0x5af9ffea]
Apr  3 10:56:56 kernel: [    0.003957] ACPI: Reserving SSDT table memory at [mem 0x5afce000-0x5afced40]
Apr  3 10:56:56 kernel: [    0.003958] ACPI: Reserving SSDT table memory at [mem 0x5af9a000-0x5af9a967]
Apr  3 10:56:56 kernel: [    0.003958] ACPI: Reserving SSDT table memory at [mem 0x5af99000-0x5af9908c]
Apr  3 10:56:56 kernel: [    0.003959] ACPI: Reserving SSDT table memory at [mem 0x5af98000-0x5af98ff4]
Apr  3 10:56:56 kernel: [    0.003959] ACPI: Reserving BGRT table memory at [mem 0x5afb9000-0x5afb9037]
Apr  3 10:56:56 kernel: [    0.004042] No NUMA configuration found
Apr  3 10:56:56 kernel: [    0.004043] Faking a node at [mem 0x0000000000000000-0x000000101e2fffff]
Apr  3 10:56:56 kernel: [    0.004048] NODE_DATA(0) allocated [mem 0x101e2d5000-0x101e2fffff]
Apr  3 10:56:56 kernel: [    0.004209] Zone ranges:
Apr  3 10:56:56 kernel: [    0.004210]   DMA      [mem 0x0000000000001000-0x0000000000ffffff]
Apr  3 10:56:56 kernel: [    0.004211]   DMA32    [mem 0x0000000001000000-0x00000000ffffffff]
Apr  3 10:56:56 kernel: [    0.004212]   Normal   [mem 0x0000000100000000-0x000000101e2fffff]
Apr  3 10:56:56 kernel: [    0.004212]   Device   empty
Apr  3 10:56:56 kernel: [    0.004213] Movable zone start for each node
Apr  3 10:56:56 kernel: [    0.004214] Early memory node ranges
Apr  3 10:56:56 kernel: [    0.004214]   node   0: [mem 0x0000000000001000-0x000000000009efff]
Apr  3 10:56:56 kernel: [    0.004215]   node   0: [mem 0x0000000000100000-0x0000000009afffff]
Apr  3 10:56:56 kernel: [    0.004216]   node   0: [mem 0x0000000009e00000-0x0000000009efffff]
Apr  3 10:56:56 kernel: [    0.004216]   node   0: [mem 0x0000000009f3c000-0x0000000049b4ffff]
Apr  3 10:56:56 kernel: [    0.004216]   node   0: [mem 0x000000004bd50000-0x000000004bd68fff]
Apr  3 10:56:56 kernel: [    0.004217]   node   0: [mem 0x000000004bd6d000-0x000000004bd6efff]
Apr  3 10:56:56 kernel: [    0.004217]   node   0: [mem 0x000000004bd70000-0x0000000057f7efff]
Apr  3 10:56:56 kernel: [    0.004218]   node   0: [mem 0x000000005afff000-0x000000005affffff]
Apr  3 10:56:56 kernel: [    0.004218]   node   0: [mem 0x0000000100000000-0x000000101e2fffff]
Apr  3 10:56:56 kernel: [    0.004222] Initmem setup node 0 [mem 0x0000000000001000-0x000000101e2fffff]
Apr  3 10:56:56 kernel: [    0.004225] On node 0, zone DMA: 1 pages in unavailable ranges
Apr  3 10:56:56 kernel: [    0.004241] On node 0, zone DMA: 97 pages in unavailable ranges
Apr  3 10:56:56 kernel: [    0.004373] On node 0, zone DMA32: 768 pages in unavailable ranges
Apr  3 10:56:56 kernel: [    0.005313] On node 0, zone DMA32: 60 pages in unavailable ranges
Apr  3 10:56:56 kernel: [    0.005365] On node 0, zone DMA32: 8704 pages in unavailable ranges
Apr  3 10:56:56 kernel: [    0.005365] On node 0, zone DMA32: 4 pages in unavailable ranges
Apr  3 10:56:56 kernel: [    0.005548] On node 0, zone DMA32: 1 pages in unavailable ranges
Apr  3 10:56:56 kernel: [    0.005621] On node 0, zone DMA32: 12416 pages in unavailable ranges
Apr  3 10:56:56 kernel: [    0.005879] On node 0, zone Normal: 20480 pages in unavailable ranges
Apr  3 10:56:56 kernel: [    0.005924] On node 0, zone Normal: 7424 pages in unavailable ranges
Apr  3 10:56:56 kernel: [    0.006200] ACPI: PM-Timer IO Port: 0x408
Apr  3 10:56:56 kernel: [    0.006204] ACPI: LAPIC_NMI (acpi_id[0x00] high edge lint[0x1])
Apr  3 10:56:56 kernel: [    0.006205] ACPI: LAPIC_NMI (acpi_id[0x01] high edge lint[0x1])
Apr  3 10:56:56 kernel: [    0.006206] ACPI: LAPIC_NMI (acpi_id[0x02] high edge lint[0x1])
Apr  3 10:56:56 kernel: [    0.006206] ACPI: LAPIC_NMI (acpi_id[0x03] high edge lint[0x1])
Apr  3 10:56:56 kernel: [    0.006207] ACPI: LAPIC_NMI (acpi_id[0x04] high edge lint[0x1])
Apr  3 10:56:56 kernel: [    0.006207] ACPI: LAPIC_NMI (acpi_id[0x05] high edge lint[0x1])
Apr  3 10:56:56 kernel: [    0.006207] ACPI: LAPIC_NMI (acpi_id[0x06] high edge lint[0x1])
Apr  3 10:56:56 kernel: [    0.006208] ACPI: LAPIC_NMI (acpi_id[0x07] high edge lint[0x1])
Apr  3 10:56:56 kernel: [    0.006208] ACPI: LAPIC_NMI (acpi_id[0x08] high edge lint[0x1])
Apr  3 10:56:56 kernel: [    0.006208] ACPI: LAPIC_NMI (acpi_id[0x09] high edge lint[0x1])
Apr  3 10:56:56 kernel: [    0.006209] ACPI: LAPIC_NMI (acpi_id[0x0a] high edge lint[0x1])
Apr  3 10:56:56 kernel: [    0.006209] ACPI: LAPIC_NMI (acpi_id[0x0b] high edge lint[0x1])
Apr  3 10:56:56 kernel: [    0.006209] ACPI: LAPIC_NMI (acpi_id[0x0c] high edge lint[0x1])
Apr  3 10:56:56 kernel: [    0.006210] ACPI: LAPIC_NMI (acpi_id[0x0d] high edge lint[0x1])
Apr  3 10:56:56 kernel: [    0.006210] ACPI: LAPIC_NMI (acpi_id[0x0e] high edge lint[0x1])
Apr  3 10:56:56 kernel: [    0.006210] ACPI: LAPIC_NMI (acpi_id[0x0f] high edge lint[0x1])
Apr  3 10:56:56 kernel: [    0.006222] IOAPIC[0]: apic_id 33, version 33, address 0xfec00000, GSI 0-23
Apr  3 10:56:56 kernel: [    0.006227] IOAPIC[1]: apic_id 34, version 33, address 0xfec01000, GSI 24-55
Apr  3 10:56:56 kernel: [    0.006228] ACPI: INT_SRC_OVR (bus 0 bus_irq 0 global_irq 2 dfl dfl)
Apr  3 10:56:56 kernel: [    0.006229] ACPI: INT_SRC_OVR (bus 0 bus_irq 9 global_irq 9 low level)
Apr  3 10:56:56 kernel: [    0.006232] ACPI: Using ACPI (MADT) for SMP configuration information
Apr  3 10:56:56 kernel: [    0.006233] ACPI: HPET id: 0x10228210 base: 0xfed00000
Apr  3 10:56:56 kernel: [    0.006237] e820: update [mem 0x51f0e000-0x51f8efff] usable ==> reserved
Apr  3 10:56:56 kernel: [    0.006247] smpboot: Allowing 16 CPUs, 4 hotplug CPUs
Apr  3 10:56:56 kernel: [    0.006271] PM: hibernation: Registered nosave memory: [mem 0x00000000-0x00000fff]
Apr  3 10:56:56 kernel: [    0.006273] PM: hibernation: Registered nosave memory: [mem 0x0009f000-0x000bffff]
Apr  3 10:56:56 kernel: [    0.006274] PM: hibernation: Registered nosave memory: [mem 0x000c0000-0x000fffff]
Apr  3 10:56:56 kernel: [    0.006275] PM: hibernation: Registered nosave memory: [mem 0x09b00000-0x09dfffff]
Apr  3 10:56:56 kernel: [    0.006276] PM: hibernation: Registered nosave memory: [mem 0x09f00000-0x09f3bfff]
Apr  3 10:56:56 kernel: [    0.006277] PM: hibernation: Registered nosave memory: [mem 0x47c9e000-0x47c9efff]
Apr  3 10:56:56 kernel: [    0.006278] PM: hibernation: Registered nosave memory: [mem 0x47ca2000-0x47ca2fff]
Apr  3 10:56:56 kernel: [    0.006279] PM: hibernation: Registered nosave memory: [mem 0x49b50000-0x4bd4ffff]
Apr  3 10:56:56 kernel: [    0.006281] PM: hibernation: Registered nosave memory: [mem 0x4bd69000-0x4bd6cfff]
Apr  3 10:56:56 kernel: [    0.006282] PM: hibernation: Registered nosave memory: [mem 0x4bd6f000-0x4bd6ffff]
Apr  3 10:56:56 kernel: [    0.006283] PM: hibernation: Registered nosave memory: [mem 0x51f0e000-0x51f8efff]
Apr  3 10:56:56 kernel: [    0.006284] PM: hibernation: Registered nosave memory: [mem 0x5498b000-0x5498bfff]
Apr  3 10:56:56 kernel: [    0.006285] PM: hibernation: Registered nosave memory: [mem 0x57f7f000-0x5a77efff]
Apr  3 10:56:56 kernel: [    0.006286] PM: hibernation: Registered nosave memory: [mem 0x5a77f000-0x5af7efff]
Apr  3 10:56:56 kernel: [    0.006286] PM: hibernation: Registered nosave memory: [mem 0x5af7f000-0x5affefff]
Apr  3 10:56:56 kernel: [    0.006287] PM: hibernation: Registered nosave memory: [mem 0x5b000000-0x5bffffff]
Apr  3 10:56:56 kernel: [    0.006287] PM: hibernation: Registered nosave memory: [mem 0x5c000000-0x5d78ffff]
Apr  3 10:56:56 kernel: [    0.006288] PM: hibernation: Registered nosave memory: [mem 0x5d790000-0x5d7effff]
Apr  3 10:56:56 kernel: [    0.006288] PM: hibernation: Registered nosave memory: [mem 0x5d7f0000-0x5d7f4fff]
Apr  3 10:56:56 kernel: [    0.006288] PM: hibernation: Registered nosave memory: [mem 0x5d7f5000-0x5fffffff]
Apr  3 10:56:56 kernel: [    0.006289] PM: hibernation: Registered nosave memory: [mem 0x60000000-0xc02fffff]
Apr  3 10:56:56 kernel: [    0.006289] PM: hibernation: Registered nosave memory: [mem 0xc0300000-0xc03fffff]
Apr  3 10:56:56 kernel: [    0.006289] PM: hibernation: Registered nosave memory: [mem 0xc0400000-0xdfffffff]
Apr  3 10:56:56 kernel: [    0.006290] PM: hibernation: Registered nosave memory: [mem 0xe0000000-0xefffffff]
Apr  3 10:56:56 kernel: [    0.006290] PM: hibernation: Registered nosave memory: [mem 0xf0000000-0xfebfffff]
Apr  3 10:56:56 kernel: [    0.006290] PM: hibernation: Registered nosave memory: [mem 0xfec00000-0xfec01fff]
Apr  3 10:56:56 kernel: [    0.006291] PM: hibernation: Registered nosave memory: [mem 0xfec02000-0xfec0ffff]
Apr  3 10:56:56 kernel: [    0.006291] PM: hibernation: Registered nosave memory: [mem 0xfec10000-0xfec10fff]
Apr  3 10:56:56 kernel: [    0.006291] PM: hibernation: Registered nosave memory: [mem 0xfec11000-0xfec1ffff]
Apr  3 10:56:56 kernel: [    0.006292] PM: hibernation: Registered nosave memory: [mem 0xfec20000-0xfec20fff]
Apr  3 10:56:56 kernel: [    0.006292] PM: hibernation: Registered nosave memory: [mem 0xfec21000-0xfed7ffff]
Apr  3 10:56:56 kernel: [    0.006292] PM: hibernation: Registered nosave memory: [mem 0xfed80000-0xfed81fff]
Apr  3 10:56:56 kernel: [    0.006293] PM: hibernation: Registered nosave memory: [mem 0xfed82000-0xfedfffff]
Apr  3 10:56:56 kernel: [    0.006293] PM: hibernation: Registered nosave memory: [mem 0xfee00000-0xfee00fff]
Apr  3 10:56:56 kernel: [    0.006293] PM: hibernation: Registered nosave memory: [mem 0xfee01000-0xfeffffff]
Apr  3 10:56:56 kernel: [    0.006294] PM: hibernation: Registered nosave memory: [mem 0xff000000-0xffffffff]
Apr  3 10:56:56 kernel: [    0.006295] [mem 0x60000000-0xc02fffff] available for PCI devices
Apr  3 10:56:56 kernel: [    0.006296] Booting paravirtualized kernel on bare hardware
Apr  3 10:56:56 kernel: [    0.006298] clocksource: refined-jiffies: mask: 0xffffffff max_cycles: 0xffffffff, max_idle_ns: 7645519600211568 ns
Apr  3 10:56:56 kernel: [    0.008835] setup_percpu: NR_CPUS:8192 nr_cpumask_bits:16 nr_cpu_ids:16 nr_node_ids:1
Apr  3 10:56:56 kernel: [    0.009131] percpu: Embedded 61 pages/cpu s212992 r8192 d28672 u262144
Apr  3 10:56:56 kernel: [    0.009137] pcpu-alloc: s212992 r8192 d28672 u262144 alloc=1*2097152
Apr  3 10:56:56 kernel: [    0.009138] pcpu-alloc: [0] 00 01 02 03 04 05 06 07 [0] 08 09 10 11 12 13 14 15 
Apr  3 10:56:56 kernel: [    0.009167] Fallback order for Node 0: 0 
Apr  3 10:56:56 kernel: [    0.009169] Built 1 zonelists, mobility grouping on.  Total pages: 15949642
Apr  3 10:56:56 kernel: [    0.009170] Policy zone: Normal
Apr  3 10:56:56 kernel: [    0.009170] Kernel command line: BOOT_IMAGE=/install.amd/vmlinuz vga=788 --- quiet
Apr  3 10:56:56 kernel: [    0.009205] Unknown kernel command line parameters "--- BOOT_IMAGE=/install.amd/vmlinuz vga=788", will be passed to user space.
Apr  3 10:56:56 kernel: [    0.010719] Dentry cache hash table entries: 8388608 (order: 14, 67108864 bytes, linear)
Apr  3 10:56:56 kernel: [    0.011383] Inode-cache hash table entries: 4194304 (order: 13, 33554432 bytes, linear)
Apr  3 10:56:56 kernel: [    0.011415] mem auto-init: stack:all(zero), heap alloc:on, heap free:off
Apr  3 10:56:56 kernel: [    0.011450] software IO TLB: area num 16.
Apr  3 10:56:56 kernel: [    0.026400] Memory: 1265940K/64811892K available (14342K kernel code, 2338K rwdata, 9084K rodata, 2804K init, 17380K bss, 1440020K reserved, 0K cma-reserved)
Apr  3 10:56:56 kernel: [    0.026502] SLUB: HWalign=64, Order=0-3, MinObjects=0, CPUs=16, Nodes=1
Apr  3 10:56:56 kernel: [    0.026519] ftrace: allocating 40321 entries in 158 pages
Apr  3 10:56:56 kernel: [    0.032072] ftrace: allocated 158 pages with 5 groups
Apr  3 10:56:56 kernel: [    0.032505] Dynamic Preempt: voluntary
Apr  3 10:56:56 kernel: [    0.032540] rcu: Preemptible hierarchical RCU implementation.
Apr  3 10:56:56 kernel: [    0.032540] rcu: 	RCU restricting CPUs from NR_CPUS=8192 to nr_cpu_ids=16.
Apr  3 10:56:56 kernel: [    0.032541] 	Trampoline variant of Tasks RCU enabled.
Apr  3 10:56:56 kernel: [    0.032542] 	Rude variant of Tasks RCU enabled.
Apr  3 10:56:56 kernel: [    0.032542] 	Tracing variant of Tasks RCU enabled.
Apr  3 10:56:56 kernel: [    0.032543] rcu: RCU calculated value of scheduler-enlistment delay is 25 jiffies.
Apr  3 10:56:56 kernel: [    0.032543] rcu: Adjusting geometry for rcu_fanout_leaf=16, nr_cpu_ids=16
Apr  3 10:56:56 kernel: [    0.034781] NR_IRQS: 524544, nr_irqs: 1096, preallocated irqs: 16
Apr  3 10:56:56 kernel: [    0.034947] rcu: srcu_init: Setting srcu_struct sizes based on contention.
Apr  3 10:56:56 kernel: [    0.035065] Console: colour dummy device 80x25
Apr  3 10:56:56 kernel: [    0.035078] printk: console [tty0] enabled
Apr  3 10:56:56 kernel: [    0.035092] ACPI: Core revision 20220331
Apr  3 10:56:56 kernel: [    0.035272] clocksource: hpet: mask: 0xffffffff max_cycles: 0xffffffff, max_idle_ns: 133484873504 ns
Apr  3 10:56:56 kernel: [    0.035291] APIC: Switch to symmetric I/O mode setup
Apr  3 10:56:56 kernel: [    0.035924] AMD-Vi: ivrs, add hid:AMDI0020, uid:\_SB.FUR0, rdevid:160
Apr  3 10:56:56 kernel: [    0.035925] AMD-Vi: ivrs, add hid:AMDI0020, uid:\_SB.FUR1, rdevid:160
Apr  3 10:56:56 kernel: [    0.035926] AMD-Vi: ivrs, add hid:AMDI0020, uid:\_SB.FUR2, rdevid:160
Apr  3 10:56:56 kernel: [    0.035926] AMD-Vi: ivrs, add hid:AMDI0020, uid:\_SB.FUR3, rdevid:160
Apr  3 10:56:56 kernel: [    0.035927] AMD-Vi: Using global IVHD EFR:0x246577efa2054ada, EFR2:0x0
Apr  3 10:56:56 kernel: [    0.036444] x2apic: IRQ remapping doesn't support X2APIC mode
Apr  3 10:56:56 kernel: [    0.036448] Switched APIC routing to physical flat.
Apr  3 10:56:56 kernel: [    0.037201] ..TIMER: vector=0x30 apic1=0 pin1=2 apic2=-1 pin2=-1
Apr  3 10:56:56 kernel: [    0.055294] clocksource: tsc-early: mask: 0xffffffffffffffff max_cycles: 0x325a7e3e623, max_idle_ns: 440795259727 ns
Apr  3 10:56:56 kernel: [    0.055297] Calibrating delay loop (skipped), value calculated using timer frequency.. 6986.54 BogoMIPS (lpj=13973092)
Apr  3 10:56:56 kernel: [    0.055312] x86/cpu: User Mode Instruction Prevention (UMIP) activated
Apr  3 10:56:56 kernel: [    0.055739] LVT offset 1 assigned for vector 0xf9
Apr  3 10:56:56 kernel: [    0.055947] LVT offset 2 assigned for vector 0xf4
Apr  3 10:56:56 kernel: [    0.055983] process: using mwait in idle threads
Apr  3 10:56:56 kernel: [    0.055984] Last level iTLB entries: 4KB 512, 2MB 512, 4MB 256
Apr  3 10:56:56 kernel: [    0.055985] Last level dTLB entries: 4KB 3072, 2MB 3072, 4MB 1536, 1GB 0
Apr  3 10:56:56 kernel: [    0.055988] Spectre V1 : Mitigation: usercopy/swapgs barriers and __user pointer sanitization
Apr  3 10:56:56 kernel: [    0.055989] Spectre V2 : Mitigation: Enhanced / Automatic IBRS
Apr  3 10:56:56 kernel: [    0.055990] Spectre V2 : Spectre v2 / SpectreRSB mitigation: Filling RSB on context switch
Apr  3 10:56:56 kernel: [    0.055991] Spectre V2 : mitigation: Enabling conditional Indirect Branch Prediction Barrier
Apr  3 10:56:56 kernel: [    0.055992] Spectre V2 : User space: Mitigation: STIBP always-on protection
Apr  3 10:56:56 kernel: [    0.055993] Speculative Store Bypass: Mitigation: Speculative Store Bypass disabled via prctl
Apr  3 10:56:56 kernel: [    0.055995] Speculative Return Stack Overflow: Mitigation: safe RET
Apr  3 10:56:56 kernel: [    0.055999] x86/fpu: Supporting XSAVE feature 0x001: 'x87 floating point registers'
Apr  3 10:56:56 kernel: [    0.056000] x86/fpu: Supporting XSAVE feature 0x002: 'SSE registers'
Apr  3 10:56:56 kernel: [    0.056000] x86/fpu: Supporting XSAVE feature 0x004: 'AVX registers'
Apr  3 10:56:56 kernel: [    0.056001] x86/fpu: Supporting XSAVE feature 0x020: 'AVX-512 opmask'
Apr  3 10:56:56 kernel: [    0.056002] x86/fpu: Supporting XSAVE feature 0x040: 'AVX-512 Hi256'
Apr  3 10:56:56 kernel: [    0.056002] x86/fpu: Supporting XSAVE feature 0x080: 'AVX-512 ZMM_Hi256'
Apr  3 10:56:56 kernel: [    0.056002] x86/fpu: Supporting XSAVE feature 0x200: 'Protection Keys User registers'
Apr  3 10:56:56 kernel: [    0.056003] x86/fpu: xstate_offset[2]:  576, xstate_sizes[2]:  256
Apr  3 10:56:56 kernel: [    0.056004] x86/fpu: xstate_offset[5]:  832, xstate_sizes[5]:   64
Apr  3 10:56:56 kernel: [    0.056005] x86/fpu: xstate_offset[6]:  896, xstate_sizes[6]:  512
Apr  3 10:56:56 kernel: [    0.056005] x86/fpu: xstate_offset[7]: 1408, xstate_sizes[7]: 1024
Apr  3 10:56:56 kernel: [    0.056006] x86/fpu: xstate_offset[9]: 2432, xstate_sizes[9]:    8
Apr  3 10:56:56 kernel: [    0.056006] x86/fpu: Enabled xstate features 0x2e7, context size is 2440 bytes, using 'compacted' format.
Apr  3 10:56:56 kernel: [    0.068172] Freeing SMP alternatives memory: 36K
Apr  3 10:56:56 kernel: [    0.068174] pid_max: default: 32768 minimum: 301
Apr  3 10:56:56 kernel: [    0.074425] LSM: Security Framework initializing
Apr  3 10:56:56 kernel: [    0.074438] landlock: Up and running.
Apr  3 10:56:56 kernel: [    0.074439] Yama: disabled by default; enable with sysctl kernel.yama.*
Apr  3 10:56:56 kernel: [    0.074452] AppArmor: AppArmor initialized
Apr  3 10:56:56 kernel: [    0.074453] TOMOYO Linux initialized
Apr  3 10:56:56 kernel: [    0.074456] LSM support for eBPF active
Apr  3 10:56:56 kernel: [    0.074509] Mount-cache hash table entries: 131072 (order: 8, 1048576 bytes, linear)
Apr  3 10:56:56 kernel: [    0.074552] Mountpoint-cache hash table entries: 131072 (order: 8, 1048576 bytes, linear)
Apr  3 10:56:56 kernel: [    0.185005] smpboot: CPU0: AMD Ryzen 5 7640U w/ Radeon 760M Graphics (family: 0x19, model: 0x74, stepping: 0x1)
Apr  3 10:56:56 kernel: [    0.185097] cblist_init_generic: Setting adjustable number of callback queues.
Apr  3 10:56:56 kernel: [    0.185098] cblist_init_generic: Setting shift to 4 and lim to 1.
Apr  3 10:56:56 kernel: [    0.185111] cblist_init_generic: Setting adjustable number of callback queues.
Apr  3 10:56:56 kernel: [    0.185112] cblist_init_generic: Setting shift to 4 and lim to 1.
Apr  3 10:56:56 kernel: [    0.185123] cblist_init_generic: Setting adjustable number of callback queues.
Apr  3 10:56:56 kernel: [    0.185124] cblist_init_generic: Setting shift to 4 and lim to 1.
Apr  3 10:56:56 kernel: [    0.185136] Performance Events: Fam17h+ 16-deep LBR, core perfctr, AMD PMU driver.
Apr  3 10:56:56 kernel: [    0.185157] ... version:                2
Apr  3 10:56:56 kernel: [    0.185158] ... bit width:              48
Apr  3 10:56:56 kernel: [    0.185159] ... generic registers:      6
Apr  3 10:56:56 kernel: [    0.185159] ... value mask:             0000ffffffffffff
Apr  3 10:56:56 kernel: [    0.185160] ... max period:             00007fffffffffff
Apr  3 10:56:56 kernel: [    0.185161] ... fixed-purpose events:   0
Apr  3 10:56:56 kernel: [    0.185161] ... event mask:             000000000000003f
Apr  3 10:56:56 kernel: [    0.185225] signal: max sigframe size: 3376
Apr  3 10:56:56 kernel: [    0.185238] rcu: Hierarchical SRCU implementation.
Apr  3 10:56:56 kernel: [    0.185239] rcu: 	Max phase no-delay instances is 1000.
Apr  3 10:56:56 kernel: [    0.185472] NMI watchdog: Enabled. Permanently consumes one hw-PMU counter.
Apr  3 10:56:56 kernel: [    0.185579] smp: Bringing up secondary CPUs ...
Apr  3 10:56:56 kernel: [    0.185642] x86: Booting SMP configuration:
Apr  3 10:56:56 kernel: [    0.185643] .... node  #0, CPUs:        #1
Apr  3 10:56:56 kernel: [    0.187295] Spectre V2 : Update user space SMT mitigation: STIBP always-on
Apr  3 10:56:56 kernel: [    0.187295]   #2  #3  #4  #5  #6  #7  #8  #9 #10 #11
Apr  3 10:56:56 kernel: [    0.209587] smp: Brought up 1 node, 12 CPUs
Apr  3 10:56:56 kernel: [    0.209587] smpboot: Max logical packages: 2
Apr  3 10:56:56 kernel: [    0.209587] smpboot: Total of 12 processors activated (83838.55 BogoMIPS)
Apr  3 10:56:56 kernel: [    0.243322] node 0 deferred pages initialised in 36ms
Apr  3 10:56:56 kernel: [    0.245658] devtmpfs: initialized
Apr  3 10:56:56 kernel: [    0.245658] x86/mm: Memory block size: 2048MB
Apr  3 10:56:56 kernel: [    0.245658] ACPI: PM: Registering ACPI NVS region [mem 0x09f00000-0x09f3bfff] (245760 bytes)
Apr  3 10:56:56 kernel: [    0.245658] ACPI: PM: Registering ACPI NVS region [mem 0x5a77f000-0x5af7efff] (8388608 bytes)
Apr  3 10:56:56 kernel: [    0.245658] clocksource: jiffies: mask: 0xffffffff max_cycles: 0xffffffff, max_idle_ns: 7645041785100000 ns
Apr  3 10:56:56 kernel: [    0.245658] futex hash table entries: 4096 (order: 6, 262144 bytes, linear)
Apr  3 10:56:56 kernel: [    0.245658] pinctrl core: initialized pinctrl subsystem
Apr  3 10:56:56 kernel: [    0.247622] NET: Registered PF_NETLINK/PF_ROUTE protocol family
Apr  3 10:56:56 kernel: [    0.247822] DMA: preallocated 4096 KiB GFP_KERNEL pool for atomic allocations
Apr  3 10:56:56 kernel: [    0.247965] DMA: preallocated 4096 KiB GFP_KERNEL|GFP_DMA pool for atomic allocations
Apr  3 10:56:56 kernel: [    0.248108] DMA: preallocated 4096 KiB GFP_KERNEL|GFP_DMA32 pool for atomic allocations
Apr  3 10:56:56 kernel: [    0.248115] audit: initializing netlink subsys (disabled)
Apr  3 10:56:56 kernel: [    0.248120] audit: type=2000 audit(1743677811.212:1): state=initialized audit_enabled=0 res=1
Apr  3 10:56:56 kernel: [    0.248120] thermal_sys: Registered thermal governor 'fair_share'
Apr  3 10:56:56 kernel: [    0.248120] thermal_sys: Registered thermal governor 'bang_bang'
Apr  3 10:56:56 kernel: [    0.248120] thermal_sys: Registered thermal governor 'step_wise'
Apr  3 10:56:56 kernel: [    0.248120] thermal_sys: Registered thermal governor 'user_space'
Apr  3 10:56:56 kernel: [    0.248120] thermal_sys: Registered thermal governor 'power_allocator'
Apr  3 10:56:56 kernel: [    0.248120] cpuidle: using governor ladder
Apr  3 10:56:56 kernel: [    0.248120] cpuidle: using governor menu
Apr  3 10:56:56 kernel: [    0.248120] Simple Boot Flag at 0x44 set to 0x80
Apr  3 10:56:56 kernel: [    0.248120] acpiphp: ACPI Hot Plug PCI Controller Driver version: 0.5
Apr  3 10:56:56 kernel: [    0.248120] PCI: MMCONFIG for domain 0000 [bus 00-ff] at [mem 0xe0000000-0xefffffff] (base 0xe0000000)
Apr  3 10:56:56 kernel: [    0.248120] PCI: MMCONFIG at [mem 0xe0000000-0xefffffff] reserved in E820
Apr  3 10:56:56 kernel: [    0.248120] PCI: Using configuration type 1 for base access
Apr  3 10:56:56 kernel: [    0.248478] kprobes: kprobe jump-optimization is enabled. All kprobes are optimized if possible.
Apr  3 10:56:56 kernel: [    0.248481] HugeTLB: registered 1.00 GiB page size, pre-allocated 0 pages
Apr  3 10:56:56 kernel: [    0.248481] HugeTLB: 16380 KiB vmemmap can be freed for a 1.00 GiB page
Apr  3 10:56:56 kernel: [    0.248481] HugeTLB: registered 2.00 MiB page size, pre-allocated 0 pages
Apr  3 10:56:56 kernel: [    0.248481] HugeTLB: 28 KiB vmemmap can be freed for a 2.00 MiB page
Apr  3 10:56:56 kernel: [    0.248481] ACPI: Added _OSI(Module Device)
Apr  3 10:56:56 kernel: [    0.248481] ACPI: Added _OSI(Processor Device)
Apr  3 10:56:56 kernel: [    0.248481] ACPI: Added _OSI(3.0 _SCP Extensions)
Apr  3 10:56:56 kernel: [    0.248481] ACPI: Added _OSI(Processor Aggregator Device)
Apr  3 10:56:56 kernel: [    0.266100] ACPI: 30 ACPI AML tables successfully acquired and loaded
Apr  3 10:56:56 kernel: [    0.277132] ACPI: USB4 _OSC: OS supports USB3+ DisplayPort+ PCIe+ XDomain+
Apr  3 10:56:56 kernel: [    0.277134] ACPI: USB4 _OSC: OS controls USB3+ DisplayPort+ PCIe+ XDomain+
Apr  3 10:56:56 kernel: [    0.277532] ACPI: EC: EC started
Apr  3 10:56:56 kernel: [    0.277533] ACPI: EC: interrupt blocked
Apr  3 10:56:56 kernel: [    0.277598] ACPI: EC: EC_CMD/EC_SC=0x66, EC_DATA=0x62
Apr  3 10:56:56 kernel: [    0.277599] ACPI: \_SB_.PCI0.LPC0.EC0_: Boot DSDT EC used to handle transactions
Apr  3 10:56:56 kernel: [    0.277600] ACPI: Interpreter enabled
Apr  3 10:56:56 kernel: [    0.277611] ACPI: PM: (supports S0 S4 S5)
Apr  3 10:56:56 kernel: [    0.277612] ACPI: Using IOAPIC for interrupt routing
Apr  3 10:56:56 kernel: [    0.277843] PCI: Using host bridge windows from ACPI; if necessary, use "pci=nocrs" and report a bug
Apr  3 10:56:56 kernel: [    0.277844] PCI: Ignoring E820 reservations for host bridge windows
Apr  3 10:56:56 kernel: [    0.278119] ACPI: Enabled 3 GPEs in block 00 to 1F
Apr  3 10:56:56 kernel: [    0.279407] ACPI: PM: Power Resource [PWSR]
Apr  3 10:56:56 kernel: [    0.280376] ACPI: PM: Power Resource [P0NV]
Apr  3 10:56:56 kernel: [    0.281765] ACPI: PM: Power Resource [PWRS]
Apr  3 10:56:56 kernel: [    0.282672] ACPI: PM: Power Resource [PWRS]
Apr  3 10:56:56 kernel: [    0.283624] ACPI: PM: Power Resource [PWRS]
Apr  3 10:56:56 kernel: [    0.284514] ACPI: PM: Power Resource [PWRS]
Apr  3 10:56:56 kernel: [    0.284690] ACPI: PM: Power Resource [PWRS]
Apr  3 10:56:56 kernel: [    0.284875] ACPI: PM: Power Resource [PWRS]
Apr  3 10:56:56 kernel: [    0.285132] ACPI: PM: Power Resource [PWRS]
Apr  3 10:56:56 kernel: [    0.285597] ACPI: PM: Power Resource [PWRS]
Apr  3 10:56:56 kernel: [    0.285907] ACPI: PM: Power Resource [PWRS]
Apr  3 10:56:56 kernel: [    0.286188] ACPI: PM: Power Resource [PWRS]
Apr  3 10:56:56 kernel: [    0.288106] ACPI: PM: Power Resource [PWRS]
Apr  3 10:56:56 kernel: [    0.289271] ACPI: PM: Power Resource [PWRS]
Apr  3 10:56:56 kernel: [    0.290227] ACPI: PM: Power Resource [PWRS]
Apr  3 10:56:56 kernel: [    0.290794] ACPI: PM: Power Resource [PWRS]
Apr  3 10:56:56 kernel: [    0.291781] ACPI: PM: Power Resource [PWRS]
Apr  3 10:56:56 kernel: [    0.292338] ACPI: PM: Power Resource [PWRS]
Apr  3 10:56:56 kernel: [    0.297312] ACPI: PM: Power Resource [PRWL]
Apr  3 10:56:56 kernel: [    0.297333] ACPI: PM: Power Resource [PRWB]
Apr  3 10:56:56 kernel: [    0.298067] ACPI: PCI Root Bridge [PCI0] (domain 0000 [bus 00-ff])
Apr  3 10:56:56 kernel: [    0.298071] acpi PNP0A08:00: _OSC: OS supports [ExtendedConfig ASPM ClockPM Segments MSI HPX-Type3]
Apr  3 10:56:56 kernel: [    0.298175] acpi PNP0A08:00: _OSC: platform does not support [SHPCHotplug AER]
Apr  3 10:56:56 kernel: [    0.298374] acpi PNP0A08:00: _OSC: OS now controls [PCIeHotplug PME PCIeCapability LTR]
Apr  3 10:56:56 kernel: [    0.298749] PCI host bridge to bus 0000:00
Apr  3 10:56:56 kernel: [    0.298751] pci_bus 0000:00: root bus resource [io  0x0000-0x0cf7 window]
Apr  3 10:56:56 kernel: [    0.298753] pci_bus 0000:00: root bus resource [io  0x0d00-0xffff window]
Apr  3 10:56:56 kernel: [    0.298754] pci_bus 0000:00: root bus resource [mem 0x000a0000-0x000bffff window]
Apr  3 10:56:56 kernel: [    0.298755] pci_bus 0000:00: root bus resource [mem 0x000c0000-0x000cffff window]
Apr  3 10:56:56 kernel: [    0.298757] pci_bus 0000:00: root bus resource [mem 0x000d0000-0x000effff window]
Apr  3 10:56:56 kernel: [    0.298758] pci_bus 0000:00: root bus resource [mem 0x60000000-0x90bfffff window]
Apr  3 10:56:56 kernel: [    0.298760] pci_bus 0000:00: root bus resource [mem 0xf0000000-0xfec00000 window]
Apr  3 10:56:56 kernel: [    0.298761] pci_bus 0000:00: root bus resource [mem 0xfed45000-0xfed814ff window]
Apr  3 10:56:56 kernel: [    0.298762] pci_bus 0000:00: root bus resource [mem 0xfed81900-0xfed81fff window]
Apr  3 10:56:56 kernel: [    0.298763] pci_bus 0000:00: root bus resource [mem 0xfedc0000-0xfedc0fff window]
Apr  3 10:56:56 kernel: [    0.298764] pci_bus 0000:00: root bus resource [mem 0xfedc6000-0xfedc6fff window]
Apr  3 10:56:56 kernel: [    0.298766] pci_bus 0000:00: root bus resource [mem 0x10c0200000-0x891fffffff window]
Apr  3 10:56:56 kernel: [    0.298767] pci_bus 0000:00: root bus resource [bus 00-ff]
Apr  3 10:56:56 kernel: [    0.298780] pci 0000:00:00.0: [1022:14e8] type 00 class 0x060000
Apr  3 10:56:56 kernel: [    0.298852] pci 0000:00:00.2: [1022:14e9] type 00 class 0x080600
Apr  3 10:56:56 kernel: [    0.298921] pci 0000:00:01.0: [1022:14ea] type 00 class 0x060000
Apr  3 10:56:56 kernel: [    0.298981] pci 0000:00:02.0: [1022:14ea] type 00 class 0x060000
Apr  3 10:56:56 kernel: [    0.299043] pci 0000:00:02.2: [1022:14ee] type 01 class 0x060400
Apr  3 10:56:56 kernel: [    0.299306] pci 0000:00:02.2: PME# supported from D0 D3hot D3cold
Apr  3 10:56:56 kernel: [    0.299496] pci 0000:00:02.4: [1022:14ee] type 01 class 0x060400
Apr  3 10:56:56 kernel: [    0.299757] pci 0000:00:02.4: PME# supported from D0 D3hot D3cold
Apr  3 10:56:56 kernel: [    0.299918] pci 0000:00:03.0: [1022:14ea] type 00 class 0x060000
Apr  3 10:56:56 kernel: [    0.299974] pci 0000:00:03.1: [1022:14ef] type 01 class 0x060400
Apr  3 10:56:56 kernel: [    0.300345] pci 0000:00:03.1: PME# supported from D0 D3hot D3cold
Apr  3 10:56:56 kernel: [    0.301025] pci 0000:00:04.0: [1022:14ea] type 00 class 0x060000
Apr  3 10:56:56 kernel: [    0.301081] pci 0000:00:04.1: [1022:14ef] type 01 class 0x060400
Apr  3 10:56:56 kernel: [    0.301444] pci 0000:00:04.1: PME# supported from D0 D3hot D3cold
Apr  3 10:56:56 kernel: [    0.302106] pci 0000:00:08.0: [1022:14ea] type 00 class 0x060000
Apr  3 10:56:56 kernel: [    0.302156] pci 0000:00:08.1: [1022:14eb] type 01 class 0x060400
Apr  3 10:56:56 kernel: [    0.302178] pci 0000:00:08.1: enabling Extended Tags
Apr  3 10:56:56 kernel: [    0.302212] pci 0000:00:08.1: PME# supported from D0 D3hot D3cold
Apr  3 10:56:56 kernel: [    0.302320] pci 0000:00:08.2: [1022:14eb] type 01 class 0x060400
Apr  3 10:56:56 kernel: [    0.302374] pci 0000:00:08.2: enabling Extended Tags
Apr  3 10:56:56 kernel: [    0.302408] pci 0000:00:08.2: PME# supported from D0 D3hot D3cold
Apr  3 10:56:56 kernel: [    0.302491] pci 0000:00:08.3: [1022:14eb] type 01 class 0x060400
Apr  3 10:56:56 kernel: [    0.302513] pci 0000:00:08.3: enabling Extended Tags
Apr  3 10:56:56 kernel: [    0.302546] pci 0000:00:08.3: PME# supported from D0 D3hot D3cold
Apr  3 10:56:56 kernel: [    0.302740] pci 0000:00:14.0: [1022:790b] type 00 class 0x0c0500
Apr  3 10:56:56 kernel: [    0.302864] pci 0000:00:14.3: [1022:790e] type 00 class 0x060100
Apr  3 10:56:56 kernel: [    0.302999] pci 0000:00:18.0: [1022:14f0] type 00 class 0x060000
Apr  3 10:56:56 kernel: [    0.303027] pci 0000:00:18.1: [1022:14f1] type 00 class 0x060000
Apr  3 10:56:56 kernel: [    0.303055] pci 0000:00:18.2: [1022:14f2] type 00 class 0x060000
Apr  3 10:56:56 kernel: [    0.303083] pci 0000:00:18.3: [1022:14f3] type 00 class 0x060000
Apr  3 10:56:56 kernel: [    0.303111] pci 0000:00:18.4: [1022:14f4] type 00 class 0x060000
Apr  3 10:56:56 kernel: [    0.303140] pci 0000:00:18.5: [1022:14f5] type 00 class 0x060000
Apr  3 10:56:56 kernel: [    0.303168] pci 0000:00:18.6: [1022:14f6] type 00 class 0x060000
Apr  3 10:56:56 kernel: [    0.303198] pci 0000:00:18.7: [1022:14f7] type 00 class 0x060000
Apr  3 10:56:56 kernel: [    0.306354] pci 0000:01:00.0: [14c3:0616] type 00 class 0x028000
Apr  3 10:56:56 kernel: [    0.306476] pci 0000:01:00.0: reg 0x10: [mem 0x8810900000-0x88109fffff 64bit pref]
Apr  3 10:56:56 kernel: [    0.306587] pci 0000:01:00.0: reg 0x18: [mem 0x90b00000-0x90b07fff 64bit]
Apr  3 10:56:56 kernel: [    0.306953] pci 0000:01:00.0: PME# supported from D0 D3hot D3cold
Apr  3 10:56:56 kernel: [    0.312081] pci 0000:00:02.2: PCI bridge to [bus 01]
Apr  3 10:56:56 kernel: [    0.312088] pci 0000:00:02.2:   bridge window [mem 0x90b00000-0x90bfffff]
Apr  3 10:56:56 kernel: [    0.312093] pci 0000:00:02.2:   bridge window [mem 0x8810900000-0x88109fffff 64bit pref]
Apr  3 10:56:56 kernel: [    0.312435] pci 0000:02:00.0: [15b7:5017] type 00 class 0x010802
Apr  3 10:56:56 kernel: [    0.312451] pci 0000:02:00.0: reg 0x10: [mem 0x90a00000-0x90a03fff 64bit]
Apr  3 10:56:56 kernel: [    0.312698] pci 0000:00:02.4: PCI bridge to [bus 02]
Apr  3 10:56:56 kernel: [    0.312703] pci 0000:00:02.4:   bridge window [mem 0x90a00000-0x90afffff]
Apr  3 10:56:56 kernel: [    0.312816] pci 0000:00:03.1: PCI bridge to [bus 03-61]
Apr  3 10:56:56 kernel: [    0.312821] pci 0000:00:03.1:   bridge window [io  0x6000-0x9fff]
Apr  3 10:56:56 kernel: [    0.312824] pci 0000:00:03.1:   bridge window [mem 0x78000000-0x8fffffff]
Apr  3 10:56:56 kernel: [    0.312829] pci 0000:00:03.1:   bridge window [mem 0x7800000000-0x87ffffffff 64bit pref]
Apr  3 10:56:56 kernel: [    0.312924] pci 0000:00:04.1: PCI bridge to [bus 62-c0]
Apr  3 10:56:56 kernel: [    0.312929] pci 0000:00:04.1:   bridge window [io  0x2000-0x5fff]
Apr  3 10:56:56 kernel: [    0.312931] pci 0000:00:04.1:   bridge window [mem 0x60000000-0x77ffffff]
Apr  3 10:56:56 kernel: [    0.312936] pci 0000:00:04.1:   bridge window [mem 0x6800000000-0x77ffffffff 64bit pref]
Apr  3 10:56:56 kernel: [    0.313015] pci 0000:c1:00.0: [1002:15bf] type 00 class 0x030000
Apr  3 10:56:56 kernel: [    0.313028] pci 0000:c1:00.0: reg 0x10: [mem 0x8800000000-0x880fffffff 64bit pref]
Apr  3 10:56:56 kernel: [    0.313037] pci 0000:c1:00.0: reg 0x18: [mem 0x90000000-0x901fffff 64bit pref]
Apr  3 10:56:56 kernel: [    0.313042] pci 0000:c1:00.0: reg 0x20: [io  0x1000-0x10ff]
Apr  3 10:56:56 kernel: [    0.313048] pci 0000:c1:00.0: reg 0x24: [mem 0x90500000-0x9057ffff]
Apr  3 10:56:56 kernel: [    0.313058] pci 0000:c1:00.0: enabling Extended Tags
Apr  3 10:56:56 kernel: [    0.313070] pci 0000:c1:00.0: BAR 0: assigned to efifb
Apr  3 10:56:56 kernel: [    0.313115] pci 0000:c1:00.0: PME# supported from D1 D2 D3hot D3cold
Apr  3 10:56:56 kernel: [    0.313231] pci 0000:c1:00.1: [1002:1640] type 00 class 0x040300
Apr  3 10:56:56 kernel: [    0.313239] pci 0000:c1:00.1: reg 0x10: [mem 0x905c8000-0x905cbfff]
Apr  3 10:56:56 kernel: [    0.313264] pci 0000:c1:00.1: enabling Extended Tags
Apr  3 10:56:56 kernel: [    0.313298] pci 0000:c1:00.1: PME# supported from D1 D2 D3hot D3cold
Apr  3 10:56:56 kernel: [    0.313369] pci 0000:c1:00.2: [1022:15c7] type 00 class 0x108000
Apr  3 10:56:56 kernel: [    0.313384] pci 0000:c1:00.2: reg 0x18: [mem 0x90400000-0x904fffff]
Apr  3 10:56:56 kernel: [    0.313394] pci 0000:c1:00.2: reg 0x24: [mem 0x905cc000-0x905cdfff]
Apr  3 10:56:56 kernel: [    0.313403] pci 0000:c1:00.2: enabling Extended Tags
Apr  3 10:56:56 kernel: [    0.313505] pci 0000:c1:00.3: [1022:15b9] type 00 class 0x0c0330
Apr  3 10:56:56 kernel: [    0.313516] pci 0000:c1:00.3: reg 0x10: [mem 0x90200000-0x902fffff 64bit]
Apr  3 10:56:56 kernel: [    0.313537] pci 0000:c1:00.3: enabling Extended Tags
Apr  3 10:56:56 kernel: [    0.313574] pci 0000:c1:00.3: PME# supported from D0 D3hot D3cold
Apr  3 10:56:56 kernel: [    0.313788] pci 0000:c1:00.4: [1022:15ba] type 00 class 0x0c0330
Apr  3 10:56:56 kernel: [    0.313799] pci 0000:c1:00.4: reg 0x10: [mem 0x90300000-0x903fffff 64bit]
Apr  3 10:56:56 kernel: [    0.313820] pci 0000:c1:00.4: enabling Extended Tags
Apr  3 10:56:56 kernel: [    0.313857] pci 0000:c1:00.4: PME# supported from D0 D3hot D3cold
Apr  3 10:56:56 kernel: [    0.314064] pci 0000:c1:00.5: [1022:15e2] type 00 class 0x048000
Apr  3 10:56:56 kernel: [    0.314072] pci 0000:c1:00.5: reg 0x10: [mem 0x90580000-0x905bffff]
Apr  3 10:56:56 kernel: [    0.314082] pci 0000:c1:00.5: reg 0x18: [mem 0x8810000000-0x88107fffff 64bit pref]
Apr  3 10:56:56 kernel: [    0.314097] pci 0000:c1:00.5: enabling Extended Tags
Apr  3 10:56:56 kernel: [    0.314131] pci 0000:c1:00.5: PME# supported from D0 D3hot D3cold
Apr  3 10:56:56 kernel: [    0.314205] pci 0000:c1:00.6: [1022:15e3] type 00 class 0x040300
Apr  3 10:56:56 kernel: [    0.314214] pci 0000:c1:00.6: reg 0x10: [mem 0x905c0000-0x905c7fff]
Apr  3 10:56:56 kernel: [    0.314238] pci 0000:c1:00.6: enabling Extended Tags
Apr  3 10:56:56 kernel: [    0.314273] pci 0000:c1:00.6: PME# supported from D0 D3hot D3cold
Apr  3 10:56:56 kernel: [    0.314377] pci 0000:00:08.1: PCI bridge to [bus c1]
Apr  3 10:56:56 kernel: [    0.314380] pci 0000:00:08.1:   bridge window [io  0x1000-0x1fff]
Apr  3 10:56:56 kernel: [    0.314382] pci 0000:00:08.1:   bridge window [mem 0x90000000-0x905fffff]
Apr  3 10:56:56 kernel: [    0.314384] pci 0000:00:08.1:   bridge window [mem 0x8800000000-0x88107fffff 64bit pref]
Apr  3 10:56:56 kernel: [    0.314426] pci 0000:c2:00.0: [1022:14ec] type 00 class 0x130000
Apr  3 10:56:56 kernel: [    0.314457] pci 0000:c2:00.0: enabling Extended Tags
Apr  3 10:56:56 kernel: [    0.314502] pci 0000:c2:00.0: PME# supported from D3hot D3cold
Apr  3 10:56:56 kernel: [    0.314584] pci 0000:c2:00.1: [1022:1502] type 00 class 0x118000
Apr  3 10:56:56 kernel: [    0.314600] pci 0000:c2:00.1: reg 0x10: [mem 0x90900000-0x9097ffff]
Apr  3 10:56:56 kernel: [    0.314605] pci 0000:c2:00.1: reg 0x14: [mem 0x909c0000-0x909c1fff]
Apr  3 10:56:56 kernel: [    0.314612] pci 0000:c2:00.1: reg 0x18: [mem 0x8810800000-0x881083ffff 64bit pref]
Apr  3 10:56:56 kernel: [    0.314616] pci 0000:c2:00.1: reg 0x20: [mem 0x90980000-0x909bffff]
Apr  3 10:56:56 kernel: [    0.314627] pci 0000:c2:00.1: enabling Extended Tags
Apr  3 10:56:56 kernel: [    0.314764] pci 0000:00:08.2: PCI bridge to [bus c2]
Apr  3 10:56:56 kernel: [    0.314768] pci 0000:00:08.2:   bridge window [mem 0x90900000-0x909fffff]
Apr  3 10:56:56 kernel: [    0.314771] pci 0000:00:08.2:   bridge window [mem 0x8810800000-0x88108fffff 64bit pref]
Apr  3 10:56:56 kernel: [    0.314831] pci 0000:c3:00.0: [1022:14ec] type 00 class 0x130000
Apr  3 10:56:56 kernel: [    0.314861] pci 0000:c3:00.0: enabling Extended Tags
Apr  3 10:56:56 kernel: [    0.315130] pci 0000:c3:00.3: [1022:15c0] type 00 class 0x0c0330
Apr  3 10:56:56 kernel: [    0.315141] pci 0000:c3:00.3: reg 0x10: [mem 0x90600000-0x906fffff 64bit]
Apr  3 10:56:56 kernel: [    0.315162] pci 0000:c3:00.3: enabling Extended Tags
Apr  3 10:56:56 kernel: [    0.315199] pci 0000:c3:00.3: PME# supported from D0 D3hot D3cold
Apr  3 10:56:56 kernel: [    0.315431] pci 0000:c3:00.4: [1022:15c1] type 00 class 0x0c0330
Apr  3 10:56:56 kernel: [    0.315442] pci 0000:c3:00.4: reg 0x10: [mem 0x90700000-0x907fffff 64bit]
Apr  3 10:56:56 kernel: [    0.315463] pci 0000:c3:00.4: enabling Extended Tags
Apr  3 10:56:56 kernel: [    0.315500] pci 0000:c3:00.4: PME# supported from D0 D3hot D3cold
Apr  3 10:56:56 kernel: [    0.315703] pci 0000:c3:00.5: [1022:1668] type 00 class 0x0c0340
Apr  3 10:56:56 kernel: [    0.315720] pci 0000:c3:00.5: reg 0x10: [mem 0x90800000-0x9087ffff 64bit]
Apr  3 10:56:56 kernel: [    0.315752] pci 0000:c3:00.5: Max Payload Size set to 128 (was 256, max 256)
Apr  3 10:56:56 kernel: [    0.315755] pci 0000:c3:00.5: enabling Extended Tags
Apr  3 10:56:56 kernel: [    0.315792] pci 0000:c3:00.5: PME# supported from D0 D3hot D3cold
Apr  3 10:56:56 kernel: [    0.315865] pci 0000:c3:00.6: [1022:1669] type 00 class 0x0c0340
Apr  3 10:56:56 kernel: [    0.315881] pci 0000:c3:00.6: reg 0x10: [mem 0x90880000-0x908fffff 64bit]
Apr  3 10:56:56 kernel: [    0.315914] pci 0000:c3:00.6: Max Payload Size set to 128 (was 256, max 256)
Apr  3 10:56:56 kernel: [    0.315917] pci 0000:c3:00.6: enabling Extended Tags
Apr  3 10:56:56 kernel: [    0.315954] pci 0000:c3:00.6: PME# supported from D0 D3hot D3cold
Apr  3 10:56:56 kernel: [    0.316049] pci 0000:00:08.3: PCI bridge to [bus c3]
Apr  3 10:56:56 kernel: [    0.316053] pci 0000:00:08.3:   bridge window [mem 0x90600000-0x908fffff]
Apr  3 10:56:56 kernel: [    0.321410] ACPI: PCI: Interrupt link LNKA configured for IRQ 0
Apr  3 10:56:56 kernel: [    0.321411] ACPI: PCI: Interrupt link LNKA disabled
Apr  3 10:56:56 kernel: [    0.321548] ACPI: PCI: Interrupt link LNKB configured for IRQ 0
Apr  3 10:56:56 kernel: [    0.321549] ACPI: PCI: Interrupt link LNKB disabled
Apr  3 10:56:56 kernel: [    0.321672] ACPI: PCI: Interrupt link LNKC configured for IRQ 0
Apr  3 10:56:56 kernel: [    0.321673] ACPI: PCI: Interrupt link LNKC disabled
Apr  3 10:56:56 kernel: [    0.321808] ACPI: PCI: Interrupt link LNKD configured for IRQ 0
Apr  3 10:56:56 kernel: [    0.321808] ACPI: PCI: Interrupt link LNKD disabled
Apr  3 10:56:56 kernel: [    0.321940] ACPI: PCI: Interrupt link LNKE configured for IRQ 0
Apr  3 10:56:56 kernel: [    0.321940] ACPI: PCI: Interrupt link LNKE disabled
Apr  3 10:56:56 kernel: [    0.322041] ACPI: PCI: Interrupt link LNKF configured for IRQ 0
Apr  3 10:56:56 kernel: [    0.322041] ACPI: PCI: Interrupt link LNKF disabled
Apr  3 10:56:56 kernel: [    0.322142] ACPI: PCI: Interrupt link LNKG configured for IRQ 0
Apr  3 10:56:56 kernel: [    0.322142] ACPI: PCI: Interrupt link LNKG disabled
Apr  3 10:56:56 kernel: [    0.322243] ACPI: PCI: Interrupt link LNKH configured for IRQ 0
Apr  3 10:56:56 kernel: [    0.322243] ACPI: PCI: Interrupt link LNKH disabled
Apr  3 10:56:56 kernel: [    0.326342] Low-power S0 idle used by default for system suspend
Apr  3 10:56:56 kernel: [    0.326459] ACPI: EC: interrupt unblocked
Apr  3 10:56:56 kernel: [    0.326459] ACPI: EC: event unblocked
Apr  3 10:56:56 kernel: [    0.326465] ACPI: EC: EC_CMD/EC_SC=0x66, EC_DATA=0x62
Apr  3 10:56:56 kernel: [    0.326466] ACPI: EC: GPE=0xb
Apr  3 10:56:56 kernel: [    0.326467] ACPI: \_SB_.PCI0.LPC0.EC0_: Boot DSDT EC initialization complete
Apr  3 10:56:56 kernel: [    0.326468] ACPI: \_SB_.PCI0.LPC0.EC0_: EC: Used to handle transactions and events
Apr  3 10:56:56 kernel: [    0.326504] iommu: Default domain type: Translated 
Apr  3 10:56:56 kernel: [    0.326504] iommu: DMA domain TLB invalidation policy: lazy mode 
Apr  3 10:56:56 kernel: [    0.336647] pps_core: LinuxPPS API ver. 1 registered
Apr  3 10:56:56 kernel: [    0.336649] pps_core: Software ver. 5.3.6 - Copyright 2005-2007 Rodolfo Giometti <giometti@linux.it>
Apr  3 10:56:56 kernel: [    0.336652] PTP clock support registered
Apr  3 10:56:56 kernel: [    0.336658] EDAC MC: Ver: 3.0.0
Apr  3 10:56:56 kernel: [    0.339650] Registered efivars operations
Apr  3 10:56:56 kernel: [    0.339650] NetLabel: Initializing
Apr  3 10:56:56 kernel: [    0.339650] NetLabel:  domain hash size = 128
Apr  3 10:56:56 kernel: [    0.339650] NetLabel:  protocols = UNLABELED CIPSOv4 CALIPSO
Apr  3 10:56:56 kernel: [    0.339650] NetLabel:  unlabeled traffic allowed by default
Apr  3 10:56:56 kernel: [    0.339650] PCI: Using ACPI for IRQ routing
Apr  3 10:56:56 kernel: [    0.349112] PCI: pci_cache_line_size set to 64 bytes
Apr  3 10:56:56 kernel: [    0.355535] Expanded resource Reserved due to conflict with PCI Bus 0000:00
Apr  3 10:56:56 kernel: [    0.355537] Expanded resource Reserved due to conflict with PCI Bus 0000:00
Apr  3 10:56:56 kernel: [    0.355538] e820: reserve RAM buffer [mem 0x0009f000-0x0009ffff]
Apr  3 10:56:56 kernel: [    0.355539] e820: reserve RAM buffer [mem 0x09b00000-0x0bffffff]
Apr  3 10:56:56 kernel: [    0.355540] e820: reserve RAM buffer [mem 0x09f00000-0x0bffffff]
Apr  3 10:56:56 kernel: [    0.355541] e820: reserve RAM buffer [mem 0x47c9e018-0x47ffffff]
Apr  3 10:56:56 kernel: [    0.355542] e820: reserve RAM buffer [mem 0x49b50000-0x4bffffff]
Apr  3 10:56:56 kernel: [    0.355543] e820: reserve RAM buffer [mem 0x4bd69000-0x4bffffff]
Apr  3 10:56:56 kernel: [    0.355544] e820: reserve RAM buffer [mem 0x4bd6f000-0x4bffffff]
Apr  3 10:56:56 kernel: [    0.355544] e820: reserve RAM buffer [mem 0x51f0e000-0x53ffffff]
Apr  3 10:56:56 kernel: [    0.355545] e820: reserve RAM buffer [mem 0x5498b000-0x57ffffff]
Apr  3 10:56:56 kernel: [    0.355546] e820: reserve RAM buffer [mem 0x57f7f000-0x57ffffff]
Apr  3 10:56:56 kernel: [    0.355546] e820: reserve RAM buffer [mem 0x5b000000-0x5bffffff]
Apr  3 10:56:56 kernel: [    0.355547] e820: reserve RAM buffer [mem 0x101e300000-0x101fffffff]
Apr  3 10:56:56 kernel: [    0.355589] pci 0000:c1:00.0: vgaarb: setting as boot VGA device
Apr  3 10:56:56 kernel: [    0.355589] pci 0000:c1:00.0: vgaarb: bridge control possible
Apr  3 10:56:56 kernel: [    0.355589] pci 0000:c1:00.0: vgaarb: VGA device added: decodes=io+mem,owns=none,locks=none
Apr  3 10:56:56 kernel: [    0.355589] vgaarb: loaded
Apr  3 10:56:56 kernel: [    0.355589] hpet0: at MMIO 0xfed00000, IRQs 2, 8, 0
Apr  3 10:56:56 kernel: [    0.355589] hpet0: 3 comparators, 32-bit 14.318180 MHz counter
Apr  3 10:56:56 kernel: [    0.357405] clocksource: Switched to clocksource tsc-early
Apr  3 10:56:56 kernel: [    0.357504] VFS: Disk quotas dquot_6.6.0
Apr  3 10:56:56 kernel: [    0.357516] VFS: Dquot-cache hash table entries: 512 (order 0, 4096 bytes)
Apr  3 10:56:56 kernel: [    0.357633] AppArmor: AppArmor Filesystem Enabled
Apr  3 10:56:56 kernel: [    0.357644] pnp: PnP ACPI init
Apr  3 10:56:56 kernel: [    0.357789] system 00:00: [mem 0xfec00000-0xfec01fff] could not be reserved
Apr  3 10:56:56 kernel: [    0.357792] system 00:00: [mem 0xfee00000-0xfee00fff] has been reserved
Apr  3 10:56:56 kernel: [    0.359195] system 00:02: [io  0x0400-0x04cf] has been reserved
Apr  3 10:56:56 kernel: [    0.359198] system 00:02: [io  0x04d0-0x04d1] has been reserved
Apr  3 10:56:56 kernel: [    0.359199] system 00:02: [io  0x04d6] has been reserved
Apr  3 10:56:56 kernel: [    0.359201] system 00:02: [io  0x0c00-0x0c01] has been reserved
Apr  3 10:56:56 kernel: [    0.359202] system 00:02: [io  0x0c14] has been reserved
Apr  3 10:56:56 kernel: [    0.359204] system 00:02: [io  0x0c50-0x0c52] has been reserved
Apr  3 10:56:56 kernel: [    0.359206] system 00:02: [io  0x0c6c] has been reserved
Apr  3 10:56:56 kernel: [    0.359207] system 00:02: [io  0x0c6f] has been reserved
Apr  3 10:56:56 kernel: [    0.359209] system 00:02: [io  0x0cd0-0x0cdb] has been reserved
Apr  3 10:56:56 kernel: [    0.359262] system 00:03: [mem 0x000e0000-0x000fffff] could not be reserved
Apr  3 10:56:56 kernel: [    0.359264] system 00:03: [mem 0xfe000000-0xffffffff] could not be reserved
Apr  3 10:56:56 kernel: [    0.360464] pnp: PnP ACPI: found 5 devices
Apr  3 10:56:56 kernel: [    0.366474] clocksource: acpi_pm: mask: 0xffffff max_cycles: 0xffffff, max_idle_ns: 2085701024 ns
Apr  3 10:56:56 kernel: [    0.366517] NET: Registered PF_INET protocol family
Apr  3 10:56:56 kernel: [    0.366627] IP idents hash table entries: 262144 (order: 9, 2097152 bytes, linear)
Apr  3 10:56:56 kernel: [    0.368183] tcp_listen_portaddr_hash hash table entries: 32768 (order: 7, 524288 bytes, linear)
Apr  3 10:56:56 kernel: [    0.368217] Table-perturb hash table entries: 65536 (order: 6, 262144 bytes, linear)
Apr  3 10:56:56 kernel: [    0.368419] TCP established hash table entries: 524288 (order: 10, 4194304 bytes, linear)
Apr  3 10:56:56 kernel: [    0.368722] TCP bind hash table entries: 65536 (order: 9, 2097152 bytes, linear)
Apr  3 10:56:56 kernel: [    0.368777] TCP: Hash tables configured (established 524288 bind 65536)
Apr  3 10:56:56 kernel: [    0.368902] MPTCP token hash table entries: 65536 (order: 8, 1572864 bytes, linear)
Apr  3 10:56:56 kernel: [    0.368976] UDP hash table entries: 32768 (order: 8, 1048576 bytes, linear)
Apr  3 10:56:56 kernel: [    0.369069] UDP-Lite hash table entries: 32768 (order: 8, 1048576 bytes, linear)
Apr  3 10:56:56 kernel: [    0.369150] NET: Registered PF_UNIX/PF_LOCAL protocol family
Apr  3 10:56:56 kernel: [    0.369156] NET: Registered PF_XDP protocol family
Apr  3 10:56:56 kernel: [    0.369166] pci 0000:00:02.2: PCI bridge to [bus 01]
Apr  3 10:56:56 kernel: [    0.369180] pci 0000:00:02.2:   bridge window [mem 0x90b00000-0x90bfffff]
Apr  3 10:56:56 kernel: [    0.369193] pci 0000:00:02.2:   bridge window [mem 0x8810900000-0x88109fffff 64bit pref]
Apr  3 10:56:56 kernel: [    0.369232] pci 0000:00:02.4: PCI bridge to [bus 02]
Apr  3 10:56:56 kernel: [    0.369246] pci 0000:00:02.4:   bridge window [mem 0x90a00000-0x90afffff]
Apr  3 10:56:56 kernel: [    0.369289] pci 0000:00:03.1: PCI bridge to [bus 03-61]
Apr  3 10:56:56 kernel: [    0.369291] pci 0000:00:03.1:   bridge window [io  0x6000-0x9fff]
Apr  3 10:56:56 kernel: [    0.369299] pci 0000:00:03.1:   bridge window [mem 0x78000000-0x8fffffff]
Apr  3 10:56:56 kernel: [    0.369312] pci 0000:00:03.1:   bridge window [mem 0x7800000000-0x87ffffffff 64bit pref]
Apr  3 10:56:56 kernel: [    0.369339] pci 0000:00:04.1: PCI bridge to [bus 62-c0]
Apr  3 10:56:56 kernel: [    0.369341] pci 0000:00:04.1:   bridge window [io  0x2000-0x5fff]
Apr  3 10:56:56 kernel: [    0.369350] pci 0000:00:04.1:   bridge window [mem 0x60000000-0x77ffffff]
Apr  3 10:56:56 kernel: [    0.369362] pci 0000:00:04.1:   bridge window [mem 0x6800000000-0x77ffffffff 64bit pref]
Apr  3 10:56:56 kernel: [    0.369378] pci 0000:00:08.1: PCI bridge to [bus c1]
Apr  3 10:56:56 kernel: [    0.369379] pci 0000:00:08.1:   bridge window [io  0x1000-0x1fff]
Apr  3 10:56:56 kernel: [    0.369385] pci 0000:00:08.1:   bridge window [mem 0x90000000-0x905fffff]
Apr  3 10:56:56 kernel: [    0.369387] pci 0000:00:08.1:   bridge window [mem 0x8800000000-0x88107fffff 64bit pref]
Apr  3 10:56:56 kernel: [    0.369390] pci 0000:00:08.2: PCI bridge to [bus c2]
Apr  3 10:56:56 kernel: [    0.369392] pci 0000:00:08.2:   bridge window [mem 0x90900000-0x909fffff]
Apr  3 10:56:56 kernel: [    0.369394] pci 0000:00:08.2:   bridge window [mem 0x8810800000-0x88108fffff 64bit pref]
Apr  3 10:56:56 kernel: [    0.369397] pci 0000:00:08.3: PCI bridge to [bus c3]
Apr  3 10:56:56 kernel: [    0.369399] pci 0000:00:08.3:   bridge window [mem 0x90600000-0x908fffff]
Apr  3 10:56:56 kernel: [    0.369404] pci_bus 0000:00: resource 4 [io  0x0000-0x0cf7 window]
Apr  3 10:56:56 kernel: [    0.369406] pci_bus 0000:00: resource 5 [io  0x0d00-0xffff window]
Apr  3 10:56:56 kernel: [    0.369407] pci_bus 0000:00: resource 6 [mem 0x000a0000-0x000bffff window]
Apr  3 10:56:56 kernel: [    0.369408] pci_bus 0000:00: resource 7 [mem 0x000c0000-0x000cffff window]
Apr  3 10:56:56 kernel: [    0.369409] pci_bus 0000:00: resource 8 [mem 0x000d0000-0x000effff window]
Apr  3 10:56:56 kernel: [    0.369410] pci_bus 0000:00: resource 9 [mem 0x60000000-0x90bfffff window]
Apr  3 10:56:56 kernel: [    0.369411] pci_bus 0000:00: resource 10 [mem 0xf0000000-0xfec00000 window]
Apr  3 10:56:56 kernel: [    0.369412] pci_bus 0000:00: resource 11 [mem 0xfed45000-0xfed814ff window]
Apr  3 10:56:56 kernel: [    0.369413] pci_bus 0000:00: resource 12 [mem 0xfed81900-0xfed81fff window]
Apr  3 10:56:56 kernel: [    0.369414] pci_bus 0000:00: resource 13 [mem 0xfedc0000-0xfedc0fff window]
Apr  3 10:56:56 kernel: [    0.369415] pci_bus 0000:00: resource 14 [mem 0xfedc6000-0xfedc6fff window]
Apr  3 10:56:56 kernel: [    0.369416] pci_bus 0000:00: resource 15 [mem 0x10c0200000-0x891fffffff window]
Apr  3 10:56:56 kernel: [    0.369417] pci_bus 0000:01: resource 1 [mem 0x90b00000-0x90bfffff]
Apr  3 10:56:56 kernel: [    0.369418] pci_bus 0000:01: resource 2 [mem 0x8810900000-0x88109fffff 64bit pref]
Apr  3 10:56:56 kernel: [    0.369419] pci_bus 0000:02: resource 1 [mem 0x90a00000-0x90afffff]
Apr  3 10:56:56 kernel: [    0.369420] pci_bus 0000:03: resource 0 [io  0x6000-0x9fff]
Apr  3 10:56:56 kernel: [    0.369421] pci_bus 0000:03: resource 1 [mem 0x78000000-0x8fffffff]
Apr  3 10:56:56 kernel: [    0.369422] pci_bus 0000:03: resource 2 [mem 0x7800000000-0x87ffffffff 64bit pref]
Apr  3 10:56:56 kernel: [    0.369423] pci_bus 0000:62: resource 0 [io  0x2000-0x5fff]
Apr  3 10:56:56 kernel: [    0.369424] pci_bus 0000:62: resource 1 [mem 0x60000000-0x77ffffff]
Apr  3 10:56:56 kernel: [    0.369425] pci_bus 0000:62: resource 2 [mem 0x6800000000-0x77ffffffff 64bit pref]
Apr  3 10:56:56 kernel: [    0.369426] pci_bus 0000:c1: resource 0 [io  0x1000-0x1fff]
Apr  3 10:56:56 kernel: [    0.369427] pci_bus 0000:c1: resource 1 [mem 0x90000000-0x905fffff]
Apr  3 10:56:56 kernel: [    0.369428] pci_bus 0000:c1: resource 2 [mem 0x8800000000-0x88107fffff 64bit pref]
Apr  3 10:56:56 kernel: [    0.369429] pci_bus 0000:c2: resource 1 [mem 0x90900000-0x909fffff]
Apr  3 10:56:56 kernel: [    0.369430] pci_bus 0000:c2: resource 2 [mem 0x8810800000-0x88108fffff 64bit pref]
Apr  3 10:56:56 kernel: [    0.369431] pci_bus 0000:c3: resource 1 [mem 0x90600000-0x908fffff]
Apr  3 10:56:56 kernel: [    0.372612] pci 0000:c1:00.1: D0 power state depends on 0000:c1:00.0
Apr  3 10:56:56 kernel: [    0.372712] pci 0000:c1:00.3: enabling device (0000 -> 0002)
Apr  3 10:56:56 kernel: [    0.372796] pci 0000:c1:00.4: enabling device (0000 -> 0002)
Apr  3 10:56:56 kernel: [    0.372915] pci 0000:c3:00.3: enabling device (0000 -> 0002)
Apr  3 10:56:56 kernel: [    0.372992] pci 0000:c3:00.4: enabling device (0000 -> 0002)
Apr  3 10:56:56 kernel: [    0.373066] PCI: CLS 64 bytes, default 64
Apr  3 10:56:56 kernel: [    0.373081] pci 0000:00:00.2: AMD-Vi: IOMMU performance counters supported
Apr  3 10:56:56 kernel: [    0.373119] Trying to unpack rootfs image as initramfs...
Apr  3 10:56:56 kernel: [    0.373123] pci 0000:00:01.0: Adding to iommu group 0
Apr  3 10:56:56 kernel: [    0.373143] pci 0000:00:02.0: Adding to iommu group 1
Apr  3 10:56:56 kernel: [    0.373158] pci 0000:00:02.2: Adding to iommu group 2
Apr  3 10:56:56 kernel: [    0.373170] pci 0000:00:02.4: Adding to iommu group 3
Apr  3 10:56:56 kernel: [    0.373192] pci 0000:00:03.0: Adding to iommu group 4
Apr  3 10:56:56 kernel: [    0.373202] pci 0000:00:03.1: Adding to iommu group 4
Apr  3 10:56:56 kernel: [    0.373222] pci 0000:00:04.0: Adding to iommu group 5
Apr  3 10:56:56 kernel: [    0.373233] pci 0000:00:04.1: Adding to iommu group 5
Apr  3 10:56:56 kernel: [    0.373277] pci 0000:00:08.0: Adding to iommu group 6
Apr  3 10:56:56 kernel: [    0.373291] pci 0000:00:08.1: Adding to iommu group 7
Apr  3 10:56:56 kernel: [    0.373304] pci 0000:00:08.2: Adding to iommu group 8
Apr  3 10:56:56 kernel: [    0.373316] pci 0000:00:08.3: Adding to iommu group 9
Apr  3 10:56:56 kernel: [    0.373340] pci 0000:00:14.0: Adding to iommu group 10
Apr  3 10:56:56 kernel: [    0.373352] pci 0000:00:14.3: Adding to iommu group 10
Apr  3 10:56:56 kernel: [    0.373399] pci 0000:00:18.0: Adding to iommu group 11
Apr  3 10:56:56 kernel: [    0.373412] pci 0000:00:18.1: Adding to iommu group 11
Apr  3 10:56:56 kernel: [    0.373424] pci 0000:00:18.2: Adding to iommu group 11
Apr  3 10:56:56 kernel: [    0.373436] pci 0000:00:18.3: Adding to iommu group 11
Apr  3 10:56:56 kernel: [    0.373449] pci 0000:00:18.4: Adding to iommu group 11
Apr  3 10:56:56 kernel: [    0.373462] pci 0000:00:18.5: Adding to iommu group 11
Apr  3 10:56:56 kernel: [    0.373474] pci 0000:00:18.6: Adding to iommu group 11
Apr  3 10:56:56 kernel: [    0.373487] pci 0000:00:18.7: Adding to iommu group 11
Apr  3 10:56:56 kernel: [    0.373505] pci 0000:01:00.0: Adding to iommu group 12
Apr  3 10:56:56 kernel: [    0.373520] pci 0000:02:00.0: Adding to iommu group 13
Apr  3 10:56:56 kernel: [    0.373556] pci 0000:c1:00.0: Adding to iommu group 14
Apr  3 10:56:56 kernel: [    0.373571] pci 0000:c1:00.1: Adding to iommu group 15
Apr  3 10:56:56 kernel: [    0.373586] pci 0000:c1:00.2: Adding to iommu group 16
Apr  3 10:56:56 kernel: [    0.373601] pci 0000:c1:00.3: Adding to iommu group 17
Apr  3 10:56:56 kernel: [    0.373618] pci 0000:c1:00.4: Adding to iommu group 18
Apr  3 10:56:56 kernel: [    0.373634] pci 0000:c1:00.5: Adding to iommu group 19
Apr  3 10:56:56 kernel: [    0.373651] pci 0000:c1:00.6: Adding to iommu group 20
Apr  3 10:56:56 kernel: [    0.373666] pci 0000:c2:00.0: Adding to iommu group 21
Apr  3 10:56:56 kernel: [    0.373683] pci 0000:c2:00.1: Adding to iommu group 22
Apr  3 10:56:56 kernel: [    0.373700] pci 0000:c3:00.0: Adding to iommu group 23
Apr  3 10:56:56 kernel: [    0.373715] pci 0000:c3:00.3: Adding to iommu group 24
Apr  3 10:56:56 kernel: [    0.373729] pci 0000:c3:00.4: Adding to iommu group 25
Apr  3 10:56:56 kernel: [    0.373747] pci 0000:c3:00.5: Adding to iommu group 26
Apr  3 10:56:56 kernel: [    0.373762] pci 0000:c3:00.6: Adding to iommu group 27
Apr  3 10:56:56 kernel: [    0.377399] pci 0000:00:00.2: AMD-Vi: Found IOMMU cap 0x40
Apr  3 10:56:56 kernel: [    0.377402] AMD-Vi: Extended features (0x246577efa2054ada, 0x0): PPR NX GT IA GA PC
Apr  3 10:56:56 kernel: [    0.377408] AMD-Vi: Interrupt remapping enabled
Apr  3 10:56:56 kernel: [    0.377546] PCI-DMA: Using software bounce buffering for IO (SWIOTLB)
Apr  3 10:56:56 kernel: [    0.377548] software IO TLB: mapped [mem 0x00000000437fe000-0x00000000477fe000] (64MB)
Apr  3 10:56:56 kernel: [    0.377580] LVT offset 0 assigned for vector 0x400
Apr  3 10:56:56 kernel: [    0.377658] perf: AMD IBS detected (0x00000bff)
Apr  3 10:56:56 kernel: [    0.377662] amd_uncore: 4  amd_df counters detected
Apr  3 10:56:56 kernel: [    0.377666] amd_uncore: 6  amd_l3 counters detected
Apr  3 10:56:56 kernel: [    0.377782] perf/amd_iommu: Detected AMD IOMMU #0 (2 banks, 4 counters/bank).
Apr  3 10:56:56 kernel: [    0.378316] Initialise system trusted keyrings
Apr  3 10:56:56 kernel: [    0.378326] Key type blacklist registered
Apr  3 10:56:56 kernel: [    0.378358] workingset: timestamp_bits=36 max_order=24 bucket_order=0
Apr  3 10:56:56 kernel: [    0.379729] zbud: loaded
Apr  3 10:56:56 kernel: [    0.379930] integrity: Platform Keyring initialized
Apr  3 10:56:56 kernel: [    0.379935] integrity: Machine keyring initialized
Apr  3 10:56:56 kernel: [    0.379936] Key type asymmetric registered
Apr  3 10:56:56 kernel: [    0.379938] Asymmetric key parser 'x509' registered
Apr  3 10:56:56 kernel: [    0.391801] Freeing initrd memory: 60536K
Apr  3 10:56:56 kernel: [    0.393118] alg: self-tests for CTR-KDF (hmac(sha256)) passed
Apr  3 10:56:56 kernel: [    0.393138] Block layer SCSI generic (bsg) driver version 0.4 loaded (major 248)
Apr  3 10:56:56 kernel: [    0.393173] io scheduler mq-deadline registered
Apr  3 10:56:56 kernel: [    0.395355] pcieport 0000:00:02.2: PME: Signaling with IRQ 38
Apr  3 10:56:56 kernel: [    0.395617] pcieport 0000:00:02.4: PME: Signaling with IRQ 39
Apr  3 10:56:56 kernel: [    0.395894] pcieport 0000:00:03.1: PME: Signaling with IRQ 40
Apr  3 10:56:56 kernel: [    0.395922] pcieport 0000:00:03.1: pciehp: Slot #0 AttnBtn- PwrCtrl- MRL- AttnInd- PwrInd- HotPlug+ Surprise+ Interlock- NoCompl+ IbPresDis- LLActRep+
Apr  3 10:56:56 kernel: [    0.396382] pcieport 0000:00:04.1: PME: Signaling with IRQ 41
Apr  3 10:56:56 kernel: [    0.396409] pcieport 0000:00:04.1: pciehp: Slot #0 AttnBtn- PwrCtrl- MRL- AttnInd- PwrInd- HotPlug+ Surprise+ Interlock- NoCompl+ IbPresDis- LLActRep+
Apr  3 10:56:56 kernel: [    0.396767] pcieport 0000:00:08.1: PME: Signaling with IRQ 42
Apr  3 10:56:56 kernel: [    0.396998] pcieport 0000:00:08.2: PME: Signaling with IRQ 43
Apr  3 10:56:56 kernel: [    0.397164] pcieport 0000:00:08.3: PME: Signaling with IRQ 44
Apr  3 10:56:56 kernel: [    0.397252] shpchp: Standard Hot Plug PCI Controller Driver version: 0.4
Apr  3 10:56:56 kernel: [    0.397308] Estimated ratio of average max frequency by base frequency (times 1024): 1458
Apr  3 10:56:56 kernel: [    0.397318] Monitor-Mwait will be used to enter C-1 state
Apr  3 10:56:56 kernel: [    0.397321] ACPI: \_SB_.PLTF.C000: Found 3 idle states
Apr  3 10:56:56 kernel: [    0.397417] ACPI: \_SB_.PLTF.C001: Found 3 idle states
Apr  3 10:56:56 kernel: [    0.397541] ACPI: \_SB_.PLTF.C002: Found 3 idle states
Apr  3 10:56:56 kernel: [    0.397650] ACPI: \_SB_.PLTF.C003: Found 3 idle states
Apr  3 10:56:56 kernel: [    0.397758] ACPI: \_SB_.PLTF.C004: Found 3 idle states
Apr  3 10:56:56 kernel: [    0.397841] ACPI: \_SB_.PLTF.C005: Found 3 idle states
Apr  3 10:56:56 kernel: [    0.397953] ACPI: \_SB_.PLTF.C006: Found 3 idle states
Apr  3 10:56:56 kernel: [    0.398064] ACPI: \_SB_.PLTF.C007: Found 3 idle states
Apr  3 10:56:56 kernel: [    0.398167] ACPI: \_SB_.PLTF.C008: Found 3 idle states
Apr  3 10:56:56 kernel: [    0.398269] ACPI: \_SB_.PLTF.C009: Found 3 idle states
Apr  3 10:56:56 kernel: [    0.398372] ACPI: \_SB_.PLTF.C00A: Found 3 idle states
Apr  3 10:56:56 kernel: [    0.398498] ACPI: \_SB_.PLTF.C00B: Found 3 idle states
Apr  3 10:56:56 kernel: [    0.398778] thermal LNXTHERM:00: registered as thermal_zone0
Apr  3 10:56:56 kernel: [    0.398779] ACPI: thermal: Thermal Zone [TZ00] (40 C)
Apr  3 10:56:56 kernel: [    0.398900] thermal LNXTHERM:01: registered as thermal_zone1
Apr  3 10:56:56 kernel: [    0.398901] ACPI: thermal: Thermal Zone [TZ01] (38 C)
Apr  3 10:56:56 kernel: [    0.399020] thermal LNXTHERM:02: registered as thermal_zone2
Apr  3 10:56:56 kernel: [    0.399021] ACPI: thermal: Thermal Zone [TZ02] (37 C)
Apr  3 10:56:56 kernel: [    0.399141] thermal LNXTHERM:03: registered as thermal_zone3
Apr  3 10:56:56 kernel: [    0.399142] ACPI: thermal: Thermal Zone [TZ03] (75 C)
Apr  3 10:56:56 kernel: [    0.399239] Serial: 8250/16550 driver, 4 ports, IRQ sharing enabled
Apr  3 10:56:56 kernel: [    0.399600] Linux agpgart interface v0.103
Apr  3 10:56:56 kernel: [    0.465113] AMD-Vi: AMD IOMMUv2 loaded and initialized
Apr  3 10:56:56 kernel: [    0.466742] i8042: PNP: PS/2 Controller [PNP0303:KBC0] at 0x60,0x64 irq 1
Apr  3 10:56:56 kernel: [    0.466744] i8042: PNP: PS/2 appears to have AUX port disabled, if this is incorrect please boot with i8042.nopnp
Apr  3 10:56:56 kernel: [    0.469636] i8042: Warning: Keylock active
Apr  3 10:56:56 kernel: [    0.469863] serio: i8042 KBD port at 0x60,0x64 irq 1
Apr  3 10:56:56 kernel: [    0.470068] mousedev: PS/2 mouse device common for all mice
Apr  3 10:56:56 kernel: [    0.470109] rtc_cmos 00:01: RTC can wake from S4
Apr  3 10:56:56 kernel: [    0.470464] rtc_cmos 00:01: registered as rtc0
Apr  3 10:56:56 kernel: [    0.470498] rtc_cmos 00:01: setting system clock to 2025-04-03T10:56:52 UTC (1743677812)
Apr  3 10:56:56 kernel: [    0.470532] rtc_cmos 00:01: alarms up to one month, 114 bytes nvram
Apr  3 10:56:56 kernel: [    0.470811] ledtrig-cpu: registered to indicate activity on CPUs
Apr  3 10:56:56 kernel: [    0.470983] efifb: probing for efifb
Apr  3 10:56:56 kernel: [    0.470991] efifb: framebuffer at 0x8800000000, using 1952k, total 1950k
Apr  3 10:56:56 kernel: [    0.470993] efifb: mode is 800x600x32, linelength=3328, pages=1
Apr  3 10:56:56 kernel: [    0.470994] efifb: scrolling: redraw
Apr  3 10:56:56 kernel: [    0.470994] efifb: Truecolor: size=8:8:8:8, shift=24:16:8:0
Apr  3 10:56:56 kernel: [    0.471089] Console: switching to colour frame buffer device 100x37
Apr  3 10:56:56 kernel: [    0.471271] fb0: EFI VGA frame buffer device
Apr  3 10:56:56 kernel: [    0.478063] input: AT Translated Set 2 keyboard as /devices/platform/i8042/serio0/input/input0
Apr  3 10:56:56 kernel: [    0.478161] NET: Registered PF_INET6 protocol family
Apr  3 10:56:56 kernel: [    0.479518] Segment Routing with IPv6
Apr  3 10:56:56 kernel: [    0.479523] In-situ OAM (IOAM) with IPv6
Apr  3 10:56:56 kernel: [    0.479539] mip6: Mobile IPv6
Apr  3 10:56:56 kernel: [    0.479541] NET: Registered PF_PACKET protocol family
Apr  3 10:56:56 kernel: [    0.479627] mpls_gso: MPLS GSO support
Apr  3 10:56:56 kernel: [    0.480750] microcode: CPU0: patch_level=0x0a704107
Apr  3 10:56:56 kernel: [    0.480755] microcode: CPU1: patch_level=0x0a704107
Apr  3 10:56:56 kernel: [    0.480781] microcode: CPU2: patch_level=0x0a704107
Apr  3 10:56:56 kernel: [    0.480791] microcode: CPU3: patch_level=0x0a704107
Apr  3 10:56:56 kernel: [    0.480819] microcode: CPU4: patch_level=0x0a704107
Apr  3 10:56:56 kernel: [    0.480829] microcode: CPU5: patch_level=0x0a704107
Apr  3 10:56:56 kernel: [    0.480855] microcode: CPU6: patch_level=0x0a704107
Apr  3 10:56:56 kernel: [    0.480864] microcode: CPU7: patch_level=0x0a704107
Apr  3 10:56:56 kernel: [    0.480885] microcode: CPU8: patch_level=0x0a704107
Apr  3 10:56:56 kernel: [    0.480891] microcode: CPU9: patch_level=0x0a704107
Apr  3 10:56:56 kernel: [    0.480909] microcode: CPU10: patch_level=0x0a704107
Apr  3 10:56:56 kernel: [    0.480915] microcode: CPU11: patch_level=0x0a704107
Apr  3 10:56:56 kernel: [    0.480918] microcode: Microcode Update Driver: v2.2.
Apr  3 10:56:56 kernel: [    0.481106] resctrl: L3 allocation detected
Apr  3 10:56:56 kernel: [    0.481108] resctrl: MB allocation detected
Apr  3 10:56:56 kernel: [    0.481109] resctrl: L3 monitoring detected
Apr  3 10:56:56 kernel: [    0.481114] IPI shorthand broadcast: enabled
Apr  3 10:56:56 kernel: [    0.481143] sched_clock: Marking stable (480770397, 322439)->(485913186, -4820350)
Apr  3 10:56:56 kernel: [    0.481453] registered taskstats version 1
Apr  3 10:56:56 kernel: [    0.481460] Loading compiled-in X.509 certificates
Apr  3 10:56:56 kernel: [    0.491984] Loaded X.509 cert 'Debian Secure Boot CA: 6ccece7e4c6c0d1f6149f3dd27dfcc5cbb419ea1'
Apr  3 10:56:56 kernel: [    0.492008] Loaded X.509 cert 'Debian Secure Boot Signer 2022 - linux: 14011249c2675ea8e5148542202005810584b25f'
Apr  3 10:56:56 kernel: [    0.492967] zswap: loaded using pool lzo/zbud
Apr  3 10:56:56 kernel: [    0.493245] Key type .fscrypt registered
Apr  3 10:56:56 kernel: [    0.493246] Key type fscrypt-provisioning registered
Apr  3 10:56:56 kernel: [    0.493622] Key type encrypted registered
Apr  3 10:56:56 kernel: [    0.493624] AppArmor: AppArmor sha1 policy hashing enabled
Apr  3 10:56:56 kernel: [    0.494714] integrity: Loading X.509 certificate: UEFI:db
Apr  3 10:56:56 kernel: [    0.494728] integrity: Loaded X.509 cert 'Microsoft Windows Production PCA 2011: a92902398e16c49778cd90f99e4f9ae17c55af53'
Apr  3 10:56:56 kernel: [    0.494729] integrity: Loading X.509 certificate: UEFI:db
Apr  3 10:56:56 kernel: [    0.494741] integrity: Loaded X.509 cert 'Microsoft Corporation UEFI CA 2011: 13adbf4309bd82709c8cd54f316ed522988a1bd4'
Apr  3 10:56:56 kernel: [    0.494742] integrity: Loading X.509 certificate: UEFI:db
Apr  3 10:56:56 kernel: [    0.494752] integrity: Loaded X.509 cert 'frame.work-LaptopAMDDB: 02'
Apr  3 10:56:56 kernel: [    0.507886] integrity: Loading X.509 certificate: UEFI:MokListRT (MOKvar table)
Apr  3 10:56:56 kernel: [    0.507979] integrity: Loaded X.509 cert 'Debian Secure Boot CA: 6ccece7e4c6c0d1f6149f3dd27dfcc5cbb419ea1'
Apr  3 10:56:56 kernel: [    0.507980] integrity: Loading X.509 certificate: UEFI:MokListRT (MOKvar table)
Apr  3 10:56:56 kernel: [    0.508071] integrity: Loaded X.509 cert 'grub: d939395cda059c19a699c85f3856d023be259007'
Apr  3 10:56:56 kernel: [    0.508074] ima: Allocated hash algorithm: sha256
Apr  3 10:56:56 kernel: [    0.684158] audit: type=1807 audit(1743677812.707:2): action=measure func=KEXEC_KERNEL_CHECK res=1
Apr  3 10:56:56 kernel: [    0.684166] evm: Initialising EVM extended attributes:
Apr  3 10:56:56 kernel: [    0.684169] audit: type=1807 audit(1743677812.707:3): action=measure func=MODULE_CHECK res=1
Apr  3 10:56:56 kernel: [    0.684171] evm: security.selinux
Apr  3 10:56:56 kernel: [    0.684174] evm: security.SMACK64 (disabled)
Apr  3 10:56:56 kernel: [    0.684177] evm: security.SMACK64EXEC (disabled)
Apr  3 10:56:56 kernel: [    0.684179] evm: security.SMACK64TRANSMUTE (disabled)
Apr  3 10:56:56 kernel: [    0.684180] evm: security.SMACK64MMAP (disabled)
Apr  3 10:56:56 kernel: [    0.684182] evm: security.apparmor
Apr  3 10:56:56 kernel: [    0.684184] evm: security.ima
Apr  3 10:56:56 kernel: [    0.684186] evm: security.capability
Apr  3 10:56:56 kernel: [    0.684188] evm: HMAC attrs: 0x1
Apr  3 10:56:56 kernel: [    0.733692] Lockdown: swapper/0: hibernation is restricted; see man kernel_lockdown.7
Apr  3 10:56:56 kernel: [    0.734879] clk: Disabling unused clocks
Apr  3 10:56:56 kernel: [    0.735507] Freeing unused decrypted memory: 2036K
Apr  3 10:56:56 kernel: [    0.735778] Freeing unused kernel image (initmem) memory: 2804K
Apr  3 10:56:56 kernel: [    0.735780] Write protecting the kernel read-only data: 26624k
Apr  3 10:56:56 kernel: [    0.736156] Freeing unused kernel image (text/rodata gap) memory: 2040K
Apr  3 10:56:56 kernel: [    0.736261] Freeing unused kernel image (rodata/data gap) memory: 1156K
Apr  3 10:56:56 kernel: [    0.766002] x86/mm: Checked W+X mappings: passed, no W+X pages found.
Apr  3 10:56:56 kernel: [    0.766006] Run /init as init process
Apr  3 10:56:56 kernel: [    0.766007]   with arguments:
Apr  3 10:56:56 kernel: [    0.766008]     /init
Apr  3 10:56:56 kernel: [    0.766008]     ---
Apr  3 10:56:56 kernel: [    0.766009]   with environment:
Apr  3 10:56:56 kernel: [    0.766010]     HOME=/
Apr  3 10:56:56 kernel: [    0.766010]     TERM=linux
Apr  3 10:56:56 kernel: [    0.766011]     BOOT_IMAGE=/install.amd/vmlinuz
Apr  3 10:56:56 kernel: [    0.766011]     vga=788
Apr  3 10:56:56 kernel: [    1.412340] tsc: Refined TSC clocksource calibration: 3493.410 MHz
Apr  3 10:56:56 kernel: [    1.412347] clocksource: tsc: mask: 0xffffffffffffffff max_cycles: 0x325aff9f4f2, max_idle_ns: 440795319190 ns
Apr  3 10:56:56 kernel: [    1.412384] clocksource: Switched to clocksource tsc
Apr  3 10:56:56 kernel: [    1.926151] hid: raw HID events driver (C) Jiri Kosina
Apr  3 10:56:56 kernel: [    1.932015] ACPI: battery: Slot [BAT1] (battery present)
Apr  3 10:56:56 kernel: [    1.963742] ACPI: video: Video Device [VGA] (multi-head: yes  rom: no  post: no)
Apr  3 10:56:56 kernel: [    1.963934] input: Video Bus as /devices/LNXSYSTM:00/LNXSYBUS:00/PNP0A08:00/device:16/LNXVIDEO:00/input/input1
Apr  3 10:56:56 kernel: [    1.977236] ACPI: bus type USB registered
Apr  3 10:56:56 kernel: [    1.977251] usbcore: registered new interface driver usbfs
Apr  3 10:56:56 kernel: [    1.977257] usbcore: registered new interface driver hub
Apr  3 10:56:56 kernel: [    1.977268] usbcore: registered new device driver usb
Apr  3 10:56:56 kernel: [    2.137344] hid-generic 0018:32AC:001B.0001: hidraw0: I2C HID v1.00 Device [FRMW0005:00 32AC:001B] on i2c-FRMW0005:00
Apr  3 10:56:56 kernel: [    2.137429] input: FRMW0004:00 32AC:0006 Wireless Radio Control as /devices/platform/AMDI0010:00/i2c-0/i2c-FRMW0004:00/0018:32AC:0006.0002/input/input2
Apr  3 10:56:56 kernel: [    2.137496] input: FRMW0004:00 32AC:0006 Consumer Control as /devices/platform/AMDI0010:00/i2c-0/i2c-FRMW0004:00/0018:32AC:0006.0002/input/input3
Apr  3 10:56:56 kernel: [    2.137540] hid-generic 0018:32AC:0006.0002: input,hidraw1: I2C HID v1.00 Device [FRMW0004:00 32AC:0006] on i2c-FRMW0004:00
Apr  3 10:56:56 kernel: [    2.139748] input: PIXA3854:00 093A:0274 Mouse as /devices/platform/AMDI0010:03/i2c-1/i2c-PIXA3854:00/0018:093A:0274.0003/input/input4
Apr  3 10:56:56 kernel: [    2.139860] input: PIXA3854:00 093A:0274 Touchpad as /devices/platform/AMDI0010:03/i2c-1/i2c-PIXA3854:00/0018:093A:0274.0003/input/input5
Apr  3 10:56:56 kernel: [    2.139955] hid-generic 0018:093A:0274.0003: input,hidraw2: I2C HID v1.00 Mouse [PIXA3854:00 093A:0274] on i2c-PIXA3854:00
Apr  3 10:56:56 kernel: [    2.155344] xhci_hcd 0000:c1:00.3: xHCI Host Controller
Apr  3 10:56:56 kernel: [    2.155352] xhci_hcd 0000:c1:00.3: new USB bus registered, assigned bus number 1
Apr  3 10:56:56 kernel: [    2.155798] xhci_hcd 0000:c1:00.3: hcc params 0x0128ffc5 hci version 0x120 quirks 0x0000000200000410
Apr  3 10:56:56 kernel: [    2.156068] xhci_hcd 0000:c1:00.3: xHCI Host Controller
Apr  3 10:56:56 kernel: [    2.156070] xhci_hcd 0000:c1:00.3: new USB bus registered, assigned bus number 2
Apr  3 10:56:56 kernel: [    2.156071] xhci_hcd 0000:c1:00.3: Host supports USB 3.1 Enhanced SuperSpeed
Apr  3 10:56:56 kernel: [    2.156099] usb usb1: New USB device found, idVendor=1d6b, idProduct=0002, bcdDevice= 6.01
Apr  3 10:56:56 kernel: [    2.156101] usb usb1: New USB device strings: Mfr=3, Product=2, SerialNumber=1
Apr  3 10:56:56 kernel: [    2.156102] usb usb1: Product: xHCI Host Controller
Apr  3 10:56:56 kernel: [    2.156103] usb usb1: Manufacturer: Linux 6.1.0-32-amd64 xhci-hcd
Apr  3 10:56:56 kernel: [    2.156104] usb usb1: SerialNumber: 0000:c1:00.3
Apr  3 10:56:56 kernel: [    2.156194] hub 1-0:1.0: USB hub found
Apr  3 10:56:56 kernel: [    2.156208] hub 1-0:1.0: 5 ports detected
Apr  3 10:56:56 kernel: [    2.158502] usb usb2: We don't know the algorithms for LPM for this host, disabling LPM.
Apr  3 10:56:56 kernel: [    2.158516] usb usb2: New USB device found, idVendor=1d6b, idProduct=0003, bcdDevice= 6.01
Apr  3 10:56:56 kernel: [    2.158517] usb usb2: New USB device strings: Mfr=3, Product=2, SerialNumber=1
Apr  3 10:56:56 kernel: [    2.158518] usb usb2: Product: xHCI Host Controller
Apr  3 10:56:56 kernel: [    2.158519] usb usb2: Manufacturer: Linux 6.1.0-32-amd64 xhci-hcd
Apr  3 10:56:56 kernel: [    2.158520] usb usb2: SerialNumber: 0000:c1:00.3
Apr  3 10:56:56 kernel: [    2.158590] hub 2-0:1.0: USB hub found
Apr  3 10:56:56 kernel: [    2.158609] hub 2-0:1.0: 2 ports detected
Apr  3 10:56:56 kernel: [    2.159659] xhci_hcd 0000:c1:00.4: xHCI Host Controller
Apr  3 10:56:56 kernel: [    2.159663] xhci_hcd 0000:c1:00.4: new USB bus registered, assigned bus number 3
Apr  3 10:56:56 kernel: [    2.160027] xhci_hcd 0000:c1:00.4: hcc params 0x0110ffc5 hci version 0x120 quirks 0x0000000200000410
Apr  3 10:56:56 kernel: [    2.160243] xhci_hcd 0000:c1:00.4: xHCI Host Controller
Apr  3 10:56:56 kernel: [    2.160245] xhci_hcd 0000:c1:00.4: new USB bus registered, assigned bus number 4
Apr  3 10:56:56 kernel: [    2.160247] xhci_hcd 0000:c1:00.4: Host supports USB 3.1 Enhanced SuperSpeed
Apr  3 10:56:56 kernel: [    2.160269] usb usb3: New USB device found, idVendor=1d6b, idProduct=0002, bcdDevice= 6.01
Apr  3 10:56:56 kernel: [    2.160270] usb usb3: New USB device strings: Mfr=3, Product=2, SerialNumber=1
Apr  3 10:56:56 kernel: [    2.160271] usb usb3: Product: xHCI Host Controller
Apr  3 10:56:56 kernel: [    2.160272] usb usb3: Manufacturer: Linux 6.1.0-32-amd64 xhci-hcd
Apr  3 10:56:56 kernel: [    2.160273] usb usb3: SerialNumber: 0000:c1:00.4
Apr  3 10:56:56 kernel: [    2.160339] hub 3-0:1.0: USB hub found
Apr  3 10:56:56 kernel: [    2.160348] hub 3-0:1.0: 1 port detected
Apr  3 10:56:56 kernel: [    2.160857] usb usb4: We don't know the algorithms for LPM for this host, disabling LPM.
Apr  3 10:56:56 kernel: [    2.160870] usb usb4: New USB device found, idVendor=1d6b, idProduct=0003, bcdDevice= 6.01
Apr  3 10:56:56 kernel: [    2.160872] usb usb4: New USB device strings: Mfr=3, Product=2, SerialNumber=1
Apr  3 10:56:56 kernel: [    2.160873] usb usb4: Product: xHCI Host Controller
Apr  3 10:56:56 kernel: [    2.160873] usb usb4: Manufacturer: Linux 6.1.0-32-amd64 xhci-hcd
Apr  3 10:56:56 kernel: [    2.160874] usb usb4: SerialNumber: 0000:c1:00.4
Apr  3 10:56:56 kernel: [    2.160931] hub 4-0:1.0: USB hub found
Apr  3 10:56:56 kernel: [    2.160948] hub 4-0:1.0: 1 port detected
Apr  3 10:56:56 kernel: [    2.161549] xhci_hcd 0000:c3:00.3: xHCI Host Controller
Apr  3 10:56:56 kernel: [    2.161552] xhci_hcd 0000:c3:00.3: new USB bus registered, assigned bus number 5
Apr  3 10:56:56 kernel: [    2.161924] xhci_hcd 0000:c3:00.3: hcc params 0x0110ffc5 hci version 0x120 quirks 0x0000000200000410
Apr  3 10:56:56 kernel: [    2.162270] xhci_hcd 0000:c3:00.3: xHCI Host Controller
Apr  3 10:56:56 kernel: [    2.162272] xhci_hcd 0000:c3:00.3: new USB bus registered, assigned bus number 6
Apr  3 10:56:56 kernel: [    2.162275] xhci_hcd 0000:c3:00.3: Host supports USB 3.1 Enhanced SuperSpeed
Apr  3 10:56:56 kernel: [    2.162300] usb usb5: New USB device found, idVendor=1d6b, idProduct=0002, bcdDevice= 6.01
Apr  3 10:56:56 kernel: [    2.162302] usb usb5: New USB device strings: Mfr=3, Product=2, SerialNumber=1
Apr  3 10:56:56 kernel: [    2.162303] usb usb5: Product: xHCI Host Controller
Apr  3 10:56:56 kernel: [    2.162304] usb usb5: Manufacturer: Linux 6.1.0-32-amd64 xhci-hcd
Apr  3 10:56:56 kernel: [    2.162305] usb usb5: SerialNumber: 0000:c3:00.3
Apr  3 10:56:56 kernel: [    2.162388] hub 5-0:1.0: USB hub found
Apr  3 10:56:56 kernel: [    2.162402] hub 5-0:1.0: 1 port detected
Apr  3 10:56:56 kernel: [    2.163034] usb usb6: We don't know the algorithms for LPM for this host, disabling LPM.
Apr  3 10:56:56 kernel: [    2.163052] usb usb6: New USB device found, idVendor=1d6b, idProduct=0003, bcdDevice= 6.01
Apr  3 10:56:56 kernel: [    2.163053] usb usb6: New USB device strings: Mfr=3, Product=2, SerialNumber=1
Apr  3 10:56:56 kernel: [    2.163055] usb usb6: Product: xHCI Host Controller
Apr  3 10:56:56 kernel: [    2.163056] usb usb6: Manufacturer: Linux 6.1.0-32-amd64 xhci-hcd
Apr  3 10:56:56 kernel: [    2.163057] usb usb6: SerialNumber: 0000:c3:00.3
Apr  3 10:56:56 kernel: [    2.163132] hub 6-0:1.0: USB hub found
Apr  3 10:56:56 kernel: [    2.163146] hub 6-0:1.0: 1 port detected
Apr  3 10:56:56 kernel: [    2.164054] xhci_hcd 0000:c3:00.4: xHCI Host Controller
Apr  3 10:56:56 kernel: [    2.164058] xhci_hcd 0000:c3:00.4: new USB bus registered, assigned bus number 7
Apr  3 10:56:56 kernel: [    2.164384] xhci_hcd 0000:c3:00.4: hcc params 0x0110ffc5 hci version 0x120 quirks 0x0000000200000410
Apr  3 10:56:56 kernel: [    2.164704] xhci_hcd 0000:c3:00.4: xHCI Host Controller
Apr  3 10:56:56 kernel: [    2.164706] xhci_hcd 0000:c3:00.4: new USB bus registered, assigned bus number 8
Apr  3 10:56:56 kernel: [    2.164708] xhci_hcd 0000:c3:00.4: Host supports USB 3.1 Enhanced SuperSpeed
Apr  3 10:56:56 kernel: [    2.164732] usb usb7: New USB device found, idVendor=1d6b, idProduct=0002, bcdDevice= 6.01
Apr  3 10:56:56 kernel: [    2.164733] usb usb7: New USB device strings: Mfr=3, Product=2, SerialNumber=1
Apr  3 10:56:56 kernel: [    2.164734] usb usb7: Product: xHCI Host Controller
Apr  3 10:56:56 kernel: [    2.164735] usb usb7: Manufacturer: Linux 6.1.0-32-amd64 xhci-hcd
Apr  3 10:56:56 kernel: [    2.164736] usb usb7: SerialNumber: 0000:c3:00.4
Apr  3 10:56:56 kernel: [    2.164809] hub 7-0:1.0: USB hub found
Apr  3 10:56:56 kernel: [    2.164819] hub 7-0:1.0: 1 port detected
Apr  3 10:56:56 kernel: [    2.165345] usb usb8: We don't know the algorithms for LPM for this host, disabling LPM.
Apr  3 10:56:56 kernel: [    2.165359] usb usb8: New USB device found, idVendor=1d6b, idProduct=0003, bcdDevice= 6.01
Apr  3 10:56:56 kernel: [    2.165361] usb usb8: New USB device strings: Mfr=3, Product=2, SerialNumber=1
Apr  3 10:56:56 kernel: [    2.165362] usb usb8: Product: xHCI Host Controller
Apr  3 10:56:56 kernel: [    2.165362] usb usb8: Manufacturer: Linux 6.1.0-32-amd64 xhci-hcd
Apr  3 10:56:56 kernel: [    2.165363] usb usb8: SerialNumber: 0000:c3:00.4
Apr  3 10:56:56 kernel: [    2.165431] hub 8-0:1.0: USB hub found
Apr  3 10:56:56 kernel: [    2.165443] hub 8-0:1.0: 1 port detected
Apr  3 10:56:56 kernel: [    2.187413] nvme 0000:02:00.0: platform quirk: setting simple suspend
Apr  3 10:56:56 kernel: [    2.187460] nvme nvme0: pci function 0000:02:00.0
Apr  3 10:56:56 kernel: [    2.220009] nvme nvme0: allocated 32 MiB host memory buffer.
Apr  3 10:56:56 kernel: [    2.223437] nvme nvme0: 16/0/0 default/read/poll queues
Apr  3 10:56:56 kernel: [    2.227985]  nvme0n1:
Apr  3 10:56:56 kernel: [    2.244134] snd_hda_intel 0000:c1:00.1: enabling device (0000 -> 0002)
Apr  3 10:56:56 kernel: [    2.244186] snd_hda_intel 0000:c1:00.1: Handle vga_switcheroo audio client
Apr  3 10:56:56 kernel: [    2.244335] snd_hda_intel 0000:c1:00.6: enabling device (0000 -> 0002)
Apr  3 10:56:56 kernel: [    2.253392] input: HD-Audio Generic HDMI/DP,pcm=3 as /devices/pci0000:00/0000:00:08.1/0000:c1:00.1/sound/card0/input6
Apr  3 10:56:56 kernel: [    2.272546] snd_hda_codec_realtek hdaudioC1D0: autoconfig for ALC295: line_outs=1 (0x14/0x0/0x0/0x0/0x0) type:speaker
Apr  3 10:56:56 kernel: [    2.272549] snd_hda_codec_realtek hdaudioC1D0:    speaker_outs=0 (0x0/0x0/0x0/0x0/0x0)
Apr  3 10:56:56 kernel: [    2.272551] snd_hda_codec_realtek hdaudioC1D0:    hp_outs=1 (0x21/0x0/0x0/0x0/0x0)
Apr  3 10:56:56 kernel: [    2.272552] snd_hda_codec_realtek hdaudioC1D0:    mono: mono_out=0x0
Apr  3 10:56:56 kernel: [    2.272553] snd_hda_codec_realtek hdaudioC1D0:    inputs:
Apr  3 10:56:56 kernel: [    2.272554] snd_hda_codec_realtek hdaudioC1D0:      Internal Mic=0x12
Apr  3 10:56:56 kernel: [    2.272555] snd_hda_codec_realtek hdaudioC1D0:      Headset Mic=0x19
Apr  3 10:56:56 kernel: [    2.317214] input: HD-Audio Generic HDMI/DP,pcm=7 as /devices/pci0000:00/0000:00:08.1/0000:c1:00.1/sound/card0/input7
Apr  3 10:56:56 kernel: [    2.317479] input: HD-Audio Generic HDMI/DP,pcm=8 as /devices/pci0000:00/0000:00:08.1/0000:c1:00.1/sound/card0/input8
Apr  3 10:56:56 kernel: [    2.318378] input: PIXA3854:00 093A:0274 Mouse as /devices/platform/AMDI0010:03/i2c-1/i2c-PIXA3854:00/0018:093A:0274.0003/input/input9
